Component: ARM Compiler 5.06 (build 20) Tool: armlink [4d35a3]

==============================================================================

Section Cross References

    main.o(.text) refers to _printf_percent.o(.ARM.Collect$$_printf_percent$$00000000) for _printf_percent
    main.o(.text) refers to _printf_f.o(.ARM.Collect$$_printf_percent$$00000003) for _printf_f
    main.o(.text) refers to printf1.o(x$fpl$printf1) for _printf_fp_dec
    main.o(.text) refers to fflt_clz.o(x$fpl$ffltu) for __aeabi_ui2f
    main.o(.text) refers to fmul.o(x$fpl$fmul) for __aeabi_fmul
    main.o(.text) refers to scalbnf.o(x$fpl$scalbnf) for __ARM_scalbnf
    main.o(.text) refers to f2d.o(x$fpl$f2d) for __aeabi_f2d
    main.o(.text) refers to dmul.o(x$fpl$dmul) for __aeabi_dmul
    main.o(.text) refers to scalbn.o(x$fpl$scalbn) for __ARM_scalbn
    main.o(.text) refers to d2f.o(x$fpl$d2f) for __aeabi_d2f
    main.o(.text) refers to led.o(.text) for LEDALL_FLASH
    main.o(.text) refers to stm32f10x_gpio.o(.text) for GPIO_ResetBits
    main.o(.text) refers to noretval__2printf.o(.text) for __2printf
    main.o(.text) refers to delay.o(.text) for delay_Ms_Loop
    main.o(.text) refers to misc.o(.text) for NVIC_SetVectorTable
    main.o(.text) refers to pwm_output.o(.text) for timer2_init
    main.o(.text) refers to myiic.o(.text) for IIC_Init
    main.o(.text) refers to usart.o(.text) for uart_init
    main.o(.text) refers to usart2.o(.text) for My_usart2_init
    main.o(.text) refers to mpu6050.o(.text) for MPU6050_Init
    main.o(.text) refers to spi.o(.text) for SPI1_INIT
    main.o(.text) refers to nrf24l01.o(.text) for NRF_CHECK
    main.o(.text) refers to control_200hz.o(.text) for tim4_init
    main.o(.text) refers to drv_adc.o(.text) for adcInit
    main.o(.text) refers to faddsub_clz.o(x$fpl$fsub) for __aeabi_fsub
    main.o(.text) refers to frleqf.o(x$fpl$frleqf) for __aeabi_cfrcmple
    main.o(.text) refers to drv_adc.o(.data) for ADCConvertedValue
    main.o(.text) refers to pid.o(.data) for EN_I_Flag
    main.o(.text) refers to mpu6050.o(.bss) for w_and_angle
    main.o(.text) refers to main.o(.data) for .data
    main.o(.text) refers to control_200hz.o(.data) for Four_Axis_UNLOCK
    main.o(.text) refers to mpu6050.o(.data) for MPU6050_First
    delay.o(.text) refers to delay.o(.data) for .data
    drv_adc.o(.text) refers to stm32f10x_rcc.o(.text) for RCC_AHBPeriphClockCmd
    drv_adc.o(.text) refers to stm32f10x_gpio.o(.text) for GPIO_Init
    drv_adc.o(.text) refers to stm32f10x_dma.o(.text) for DMA_DeInit
    drv_adc.o(.text) refers to stm32f10x_adc.o(.text) for ADC_Init
    drv_adc.o(.text) refers to drv_adc.o(.data) for .data
    led.o(.text) refers to stm32f10x_rcc.o(.text) for RCC_APB2PeriphClockCmd
    led.o(.text) refers to stm32f10x_gpio.o(.text) for GPIO_Init
    led.o(.text) refers to delay.o(.text) for delay_Ms_Loop
    myiic.o(.text) refers to delay.o(.text) for delay_us
    myiic.o(.text) refers to stm32f10x_rcc.o(.text) for RCC_APB2PeriphClockCmd
    myiic.o(.text) refers to stm32f10x_gpio.o(.text) for GPIO_Init
    nrf24l01.o(.text) refers to stm32f10x_gpio.o(.text) for GPIO_ResetBits
    nrf24l01.o(.text) refers to spi.o(.text) for SPI_RW
    nrf24l01.o(.text) refers to stm32f10x_rcc.o(.text) for RCC_APB2PeriphClockCmd
    nrf24l01.o(.text) refers to stm32f10x_exti.o(.text) for EXTI_Init
    nrf24l01.o(.text) refers to nrf24l01.o(.data) for .data
    nrf24l01.o(.text) refers to nrf24l01.o(.bss) for .bss
    spi.o(.text) refers to stm32f10x_rcc.o(.text) for RCC_APB2PeriphClockCmd
    spi.o(.text) refers to stm32f10x_gpio.o(.text) for GPIO_PinRemapConfig
    spi.o(.text) refers to stm32f10x_spi.o(.text) for SPI_Init
    stm32f10x_it.o(.text) refers to control_200hz.o(.text) for my_tim4_IRQHandler
    stm32f10x_it.o(.text) refers to stm32f10x_exti.o(.text) for EXTI_GetITStatus
    stm32f10x_it.o(.text) refers to mpu6050.o(.text) for MPU6050_Pose
    stm32f10x_it.o(.text) refers to stm32f10x_it.o(.data) for .data
    stm32f10x_it.o(.text) refers to control_200hz.o(.data) for nfr_Receive_Fail_Counter
    usart.o(.text) refers (Special) to use_no_semi_2.o(.text) for __use_no_semihosting
    usart.o(.text) refers to stm32f10x_rcc.o(.text) for RCC_APB2PeriphClockCmd
    usart.o(.text) refers to stm32f10x_gpio.o(.text) for GPIO_Init
    usart.o(.text) refers to stm32f10x_usart.o(.text) for USART_Init
    usart.o(.data) refers (Special) to use_no_semi_2.o(.text) for __use_no_semihosting
    usart.o(.data) refers (Special) to use_no_semi_2.o(.text) for __use_no_semihosting
    usart2.o(.text) refers to stm32f10x_rcc.o(.text) for RCC_AHBPeriphClockCmd
    usart2.o(.text) refers to stm32f10x_dma.o(.text) for DMA_DeInit
    usart2.o(.text) refers to stm32f10x_gpio.o(.text) for GPIO_Init
    usart2.o(.text) refers to misc.o(.text) for NVIC_Init
    usart2.o(.text) refers to stm32f10x_usart.o(.text) for USART_DMACmd
[...]
    NRF_TxPacket                             0x08000c07   Thumb Code    38  nrf24l01.o(.text)
    NRF_CHECK                                0x08000c2d   Thumb Code    68  nrf24l01.o(.text)
    NRF24L01_INIT                            0x08000c71   Thumb Code    82  nrf24l01.o(.text)
    SetRX_Mode                               0x08000cc3   Thumb Code    32  nrf24l01.o(.text)
    SetTX_Mode                               0x08000ce3   Thumb Code    32  nrf24l01.o(.text)
    NRF_IRQ                                  0x08000d03   Thumb Code    40  nrf24l01.o(.text)
    NRF_GPIO_Interrupt_Init                  0x08000d2b   Thumb Code    78  nrf24l01.o(.text)
    SPI1_INIT                                0x08000d91   Thumb Code   228  spi.o(.text)
    SPI_RW                                   0x08000e75   Thumb Code    48  spi.o(.text)
    USART1_IRQHandler                        0x08000eb5   Thumb Code     2  stm32f10x_it.o(.text)
    TIM4_IRQHandler                          0x08000eb7   Thumb Code     4  stm32f10x_it.o(.text)
    NMI_Handler                              0x08000ebb   Thumb Code     2  stm32f10x_it.o(.text)
    HardFault_Handler                        0x08000ebd   Thumb Code     2  stm32f10x_it.o(.text)
    MemManage_Handler                        0x08000ebf   Thumb Code     2  stm32f10x_it.o(.text)
    BusFault_Handler                         0x08000ec1   Thumb Code     2  stm32f10x_it.o(.text)
    UsageFault_Handler                       0x08000ec3   Thumb Code     2  stm32f10x_it.o(.text)
    SVC_Handler                              0x08000ec5   Thumb Code     2  stm32f10x_it.o(.text)
    DebugMon_Handler                         0x08000ec7   Thumb Code     2  stm32f10x_it.o(.text)
    PendSV_Handler                           0x08000ec9   Thumb Code     2  stm32f10x_it.o(.text)
    SysTick_Handler                          0x08000ecb   Thumb Code     2  stm32f10x_it.o(.text)
    EXTI9_5_IRQHandler                       0x08000ecd   Thumb Code    42  stm32f10x_it.o(.text)
    EXTI4_IRQHandler                         0x08000ef7   Thumb Code    40  stm32f10x_it.o(.text)
    _sys_exit                                0x08000f2d   Thumb Code     2  usart.o(.text)
    fputc                                    0x08000f2f   Thumb Code    32  usart.o(.text)
    GetKey                                   0x08000f4f   Thumb Code    20  usart.o(.text)
    uart_init                                0x08000f63   Thumb Code   114  usart.o(.text)
    UsartSend                                0x08000fd5   Thumb Code    32  usart.o(.text)
    PrintChar                                0x08000ff5   Thumb Code    20  usart.o(.text)
    UART1_Put_Char                           0x08001009   Thumb Code    16  usart.o(.text)
    UART_DMA_Config                          0x08001025   Thumb Code    68  usart2.o(.text)
    UART_DMA_Enable                          0x08001069   Thumb Code    32  usart2.o(.text)
    My_usart2_init                           0x08001089   Thumb Code   186  usart2.o(.text)
    Usart2_Send                              0x08001143   Thumb Code    30  usart2.o(.text)
    PrintChar2                               0x08001161   Thumb Code    20  usart2.o(.text)
    DMA1_Channel6_IRQHandler                 0x08001175   Thumb Code   966  usart2.o(.text)
    PID_calculate                            0x08001545   Thumb Code   768  pid.o(.text)
    timer2_init                              0x080018c9   Thumb Code   160  pwm_output.o(.text)
    timer3_init                              0x08001969   Thumb Code   158  pwm_output.o(.text)
    KEY_SCAN                                 0x08001a19   Thumb Code    94  control_200hz.o(.text)
    tim4_init                                0x08001a77   Thumb Code    78  control_200hz.o(.text)
    NRF_Data_Receive                         0x08001ac5   Thumb Code   716  control_200hz.o(.text)
    PID_UPdata                               0x08001d91   Thumb Code   668  control_200hz.o(.text)
    my_tim4_IRQHandler                       0x0800202d   Thumb Code   150  control_200hz.o(.text)
    mpu_reg_dump                             0x0800214d   Thumb Code    58  inv_mpu.o(.text)
    mpu_read_reg                             0x08002187   Thumb Code    52  inv_mpu.o(.text)
    mpu_set_int_latched                      0x080021bb   Thumb Code    94  inv_mpu.o(.text)
    mpu_set_sensors                          0x08002219   Thumb Code   178  inv_mpu.o(.text)
    mpu_set_bypass                           0x080022cb   Thumb Code   212  inv_mpu.o(.text)
    mpu_reset_fifo                           0x0800239f   Thumb Code   350  inv_mpu.o(.text)
    mpu_configure_fifo                       0x080024fd   Thumb Code    84  inv_mpu.o(.text)
    mpu_set_lpf                              0x08002551   Thumb Code   102  inv_mpu.o(.text)
    mpu_lp_accel_mode                        0x080025b7   Thumb Code   178  inv_mpu.o(.text)
    mpu_set_sample_rate                      0x08002669   Thumb Code   116  inv_mpu.o(.text)
    mpu_set_accel_fsr                        0x080026dd   Thumb Code    98  inv_mpu.o(.text)
    mpu_set_gyro_fsr                         0x0800273f   Thumb Code   104  inv_mpu.o(.text)
    mpu_init                                 0x080027a7   Thumb Code   310  inv_mpu.o(.text)
    mpu_get_gyro_reg                         0x080028dd   Thumb Code   150  inv_mpu.o(.text)
    mpu_get_accel_reg                        0x08002973   Thumb Code    66  inv_mpu.o(.text)
    mpu_get_temperature                      0x080029b5   Thumb Code   104  inv_mpu.o(.text)
    mpu_set_accel_bias                       0x08002a1d   Thumb Code   214  inv_mpu.o(.text)
    mpu_get_gyro_fsr                         0x08002af3   Thumb Code    48  inv_mpu.o(.text)
    mpu_get_accel_fsr                        0x08002b23   Thumb Code    54  inv_mpu.o(.text)
    mpu_get_lpf                              0x08002b59   Thumb Code    52  inv_mpu.o(.text)
    mpu_get_sample_rate                      0x08002b8d   Thumb Code    22  inv_mpu.o(.text)
    mpu_get_compass_sample_rate              0x08002ba3   Thumb Code     8  inv_mpu.o(.text)
    mpu_set_compass_sample_rate              0x08002bab   Thumb Code     6  inv_mpu.o(.text)
    mpu_get_gyro_sens                        0x08002bb1   Thumb Code    44  inv_mpu.o(.text)
    mpu_get_accel_sens                       0x08002bdd   Thumb Code    62  inv_mpu.o(.text)
    mpu_get_fifo_config                      0x08002c1b   Thumb Code    10  inv_mpu.o(.text)
    mpu_get_power_state                      0x08002c25   Thumb Code    14  inv_mpu.o(.text)
    mpu_get_int_status                       0x08002c33   Thumb Code    48  inv_mpu.o(.text)
    mpu_read_fifo                            0x08002c63   Thumb Code   362  inv_mpu.o(.text)
    mpu_read_fifo_stream                     0x08002dcd   Thumb Code   138  inv_mpu.o(.text)
    mpu_set_int_level                        0x08002e57   Thumb Code    10  inv_mpu.o(.text)
    mpu_set_dmp_state                        0x0800316f   Thumb Code   120  inv_mpu.o(.text)
    mpu_run_self_test                        0x080031e7   Thumb Code   234  inv_mpu.o(.text)
    mpu_write_mem                            0x080032d1   Thumb Code    80  inv_mpu.o(.text)
    mpu_read_mem                             0x08003321   Thumb Code    80  inv_mpu.o(.text)
    mpu_load_firmware                        0x08003371   Thumb Code   158  inv_mpu.o(.text)
    mpu_get_dmp_state                        0x0800340f   Thumb Code    12  inv_mpu.o(.text)
    mpu_get_compass_reg                      0x0800341b   Thumb Code     6  inv_mpu.o(.text)
    mpu_get_compass_fsr                      0x08003421   Thumb Code     6  inv_mpu.o(.text)
    mpu_lp_motion_interrupt                  0x08003427   Thumb Code   434  inv_mpu.o(.text)
    dmp_load_motion_driver_firmware          0x080037c9   Thumb Code    16  inv_mpu_dmp_motion_driver.o(.text)
    dmp_set_orientation                      0x080037d9   Thumb Code   246  inv_mpu_dmp_motion_driver.o(.text)
    dmp_set_gyro_bias                        0x080038cf   Thumb Code   196  inv_mpu_dmp_motion_driver.o(.text)
    dmp_set_accel_bias                       0x08003993   Thumb Code   206  inv_mpu_dmp_motion_driver.o(.text)
    dmp_set_fifo_rate                        0x08003a61   Thumb Code    82  inv_mpu_dmp_motion_driver.o(.text)
    dmp_get_fifo_rate                        0x08003ab3   Thumb Code    10  inv_mpu_dmp_motion_driver.o(.text)
    dmp_set_tap_thresh                       0x08003abd   Thumb Code   340  inv_mpu_dmp_motion_driver.o(.text)
    dmp_set_tap_axes                         0x08003c11   Thumb Code    64  inv_mpu_dmp_motion_driver.o(.text)
    dmp_set_tap_count                        0x08003c51   Thumb Code    34  inv_mpu_dmp_motion_driver.o(.text)
    dmp_set_tap_time                         0x08003c73   Thumb Code    32  inv_mpu_dmp_motion_driver.o(.text)
    dmp_set_tap_time_multi                   0x08003c93   Thumb Code    32  inv_mpu_dmp_motion_driver.o(.text)
    dmp_set_shake_reject_thresh              0x08003cb3   Thumb Code    48  inv_mpu_dmp_motion_driver.o(.text)
    dmp_set_shake_reject_time                0x08003ce3   Thumb Code    32  inv_mpu_dmp_motion_driver.o(.text)
    dmp_set_shake_reject_timeout             0x08003d03   Thumb Code    32  inv_mpu_dmp_motion_driver.o(.text)
    dmp_get_pedometer_step_count             0x08003d23   Thumb Code    48  inv_mpu_dmp_motion_driver.o(.text)
    dmp_set_pedometer_step_count             0x08003d53   Thumb Code    38  inv_mpu_dmp_motion_driver.o(.text)
    dmp_get_pedometer_walk_time              0x08003d79   Thumb Code    54  inv_mpu_dmp_motion_driver.o(.text)
    dmp_set_pedometer_walk_time              0x08003daf   Thumb Code    44  inv_mpu_dmp_motion_driver.o(.text)
    dmp_enable_6x_lp_quat                    0x08003ddb   Thumb Code    58  inv_mpu_dmp_motion_driver.o(.text)
    dmp_enable_lp_quat                       0x08003e15   Thumb Code    58  inv_mpu_dmp_motion_driver.o(.text)
    dmp_enable_gyro_cal                      0x08003e4f   Thumb Code    32  inv_mpu_dmp_motion_driver.o(.text)
    dmp_enable_feature                       0x08003e6f   Thumb Code   468  inv_mpu_dmp_motion_driver.o(.text)
    dmp_get_enabled_features                 0x08004043   Thumb Code    10  inv_mpu_dmp_motion_driver.o(.text)
    dmp_set_interrupt_mode                   0x0800404d   Thumb Code    60  inv_mpu_dmp_motion_driver.o(.text)
    dmp_read_fifo                            0x08004089   Thumb Code   318  inv_mpu_dmp_motion_driver.o(.text)
    dmp_register_tap_cb                      0x080041c7   Thumb Code     8  inv_mpu_dmp_motion_driver.o(.text)
    dmp_register_android_orient_cb           0x080041cf   Thumb Code     8  inv_mpu_dmp_motion_driver.o(.text)
    MPU6050_Interrupt_Init                   0x08004259   Thumb Code    78  mpu6050.o(.text)
    MPU6050_Init                             0x080042a7   Thumb Code   214  mpu6050.o(.text)
    MPU6050_Pose                             0x0800437d   Thumb Code  1878  mpu6050.o(.text)
    Reset_Handler                            0x08004b79   Thumb Code     8  startup_stm32f10x_md.o(.text)
    ADC1_2_IRQHandler                        0x08004b9b   Thumb Code     0  startup_stm32f10x_md.o(.text)
    CAN1_RX1_IRQHandler                      0x08004b9b   Thumb Code     0  startup_stm32f10x_md.o(.text)
    CAN1_SCE_IRQHandler                      0x08004b9b   Thumb Code     0  startup_stm32f10x_md.o(.text)
    DMA1_Channel1_IRQHandler                 0x08004b9b   Thumb Code     0  startup_stm32f10x_md.o(.text)
    DMA1_Channel2_IRQHandler                 0x08004b9b   Thumb Code     0  startup_stm32f10x_md.o(.text)
    DMA1_Channel3_IRQHandler                 0x08004b9b   Thumb Code     0  startup_stm32f10x_md.o(.text)
    DMA1_Channel4_IRQHandler                 0x08004b9b   Thumb Code     0  startup_stm32f10x_md.o(.text)
    DMA1_Channel5_IRQHandler                 0x08004b9b   Thumb Code     0  startup_stm32f10x_md.o(.text)
    DMA1_Channel7_IRQHandler                 0x08004b9b   Thumb Code     0  startup_stm32f10x_md.o(.text)
    EXTI0_IRQHandler                         0x08004b9b   Thumb Code     0  startup_stm32f10x_md.o(.text)
    EXTI15_10_IRQHandler                     0x08004b9b   Thumb Code     0  startup_stm32f10x_md.o(.text)
    EXTI1_IRQHandler                         0x08004b9b   Thumb Code     0  startup_stm32f10x_md.o(.text)
    EXTI2_IRQHandler                         0x08004b9b   Thumb Code     0  startup_stm32f10x_md.o(.text)
    EXTI3_IRQHandler                         0x08004b9b   Thumb Code     0  startup_stm32f10x_md.o(.text)
    FLASH_IRQHandler                         0x08004b9b   Thumb Code     0  startup_stm32f10x_md.o(.text)
    I2C1_ER_IRQHandler                       0x08004b9b   Thumb Code     0  startup_stm32f10x_md.o(.text)
    I2C1_EV_IRQHandler                       0x08004b9b   Thumb Code     0  startup_stm32f10x_md.o(.text)
    I2C2_ER_IRQHandler                       0x08004b9b   Thumb Code     0  startup_stm32f10x_md.o(.text)
    I2C2_EV_IRQHandler                       0x08004b9b   Thumb Code     0  startup_stm32f10x_md.o(.text)
    PVD_IRQHandler                           0x08004b9b   Thumb Code     0  startup_stm32f10x_md.o(.text)
    RCC_IRQHandler                           0x08004b9b   Thumb Code     0  startup_stm32f10x_md.o(.text)
    RTCAlarm_IRQHandler                      0x08004b9b   Thumb Code     0  startup_stm32f10x_md.o(.text)
    RTC_IRQHandler                           0x08004b9b   Thumb Code     0  startup_stm32f10x_md.o(.text)
    SPI1_IRQHandler                          0x08004b9b   Thumb Code     0  startup_stm32f10x_md.o(.text)
    SPI2_IRQHandler                          0x08004b9b   Thumb Code     0  startup_stm32f10x_md.o(.text)
    TAMPER_IRQHandler                        0x08004b9b   Thumb Code     0  startup_stm32f10x_md.o(.text)
    TIM1_BRK_IRQHandler                      0x08004b9b   Thumb Code     0  startup_stm32f10x_md.o(.text)
    TIM1_CC_IRQHandler                       0x08004b9b   Thumb Code     0  startup_stm32f10x_md.o(.text)
    TIM1_TRG_COM_IRQHandler                  0x08004b9b   Thumb Code     0  startup_stm32f10x_md.o(.text)
    TIM1_UP_IRQHandler                       0x08004b9b   Thumb Code     0  startup_stm32f10x_md.o(.text)
    TIM2_IRQHandler                          0x08004b9b   Thumb Code     0  startup_stm32f10x_md.o(.text)
    TIM3_IRQHandler                          0x08004b9b   Thumb Code     0  startup_stm32f10x_md.o(.text)
    USART2_IRQHandler                        0x08004b9b   Thumb Code     0  startup_stm32f10x_md.o(.text)
    USART3_IRQHandler                        0x08004b9b   Thumb Code     0  startup_stm32f10x_md.o(.text)
    USBWakeUp_IRQHandler                     0x08004b9b   Thumb Code     0  startup_stm32f10x_md.o(.text)
    USB_HP_CAN1_TX_IRQHandler                0x08004b9b   Thumb Code     0  startup_stm32f10x_md.o(.text)
    USB_LP_CAN1_RX0_IRQHandler               0x08004b9b   Thumb Code     0  startup_stm32f10x_md.o(.text)
    WWDG_IRQHandler                          0x08004b9b   Thumb Code     0  startup_stm32f10x_md.o(.text)
    __user_initial_stackheap                 0x08004b9d   Thumb Code     0  startup_stm32f10x_md.o(.text)
    NVIC_PriorityGroupConfig                 0x08004bc5   Thumb Code    10  misc.o(.text)
    NVIC_Init                                0x08004bcf   Thumb Code    94  misc.o(.text)
    NVIC_SetVectorTable                      0x08004c2d   Thumb Code    14  misc.o(.text)
    NVIC_SystemLPConfig                      0x08004c3b   Thumb Code    20  misc.o(.text)
    SysTick_CLKSourceConfig                  0x08004c4f   Thumb Code    24  misc.o(.text)
    EXTI_DeInit                              0x08004c75   Thumb Code    28  stm32f10x_exti.o(.text)
    EXTI_Init                                0x08004c91   Thumb Code   108  stm32f10x_exti.o(.text)
    EXTI_StructInit                          0x08004cfd   Thumb Code    14  stm32f10x_exti.o(.text)
    EXTI_GenerateSWInterrupt                 0x08004d0b   Thumb Code    12  stm32f10x_exti.o(.text)
    EXTI_GetFlagStatus                       0x08004d17   Thumb Code    18  stm32f10x_exti.o(.text)
    EXTI_ClearFlag                           0x08004d29   Thumb Code     8  stm32f10x_exti.o(.text)
    EXTI_GetITStatus                         0x08004d31   Thumb Code    28  stm32f10x_exti.o(.text)
    EXTI_ClearITPendingBit                   0x08004d4d   Thumb Code     8  stm32f10x_exti.o(.text)
    GPIO_DeInit                              0x08004d5d   Thumb Code   152  stm32f10x_gpio.o(.text)
    GPIO_AFIODeInit                          0x08004df5   Thumb Code    22  stm32f10x_gpio.o(.text)
    GPIO_Init                                0x08004e0b   Thumb Code   156  stm32f10x_gpio.o(.text)
    GPIO_StructInit                          0x08004ea7   Thumb Code    16  stm32f10x_gpio.o(.text)
    GPIO_ReadInputDataBit                    0x08004eb7   Thumb Code    14  stm32f10x_gpio.o(.text)
    GPIO_ReadInputData                       0x08004ec5   Thumb Code     6  stm32f10x_gpio.o(.text)
    GPIO_ReadOutputDataBit                   0x08004ecb   Thumb Code    14  stm32f10x_gpio.o(.text)
    GPIO_ReadOutputData                      0x08004ed9   Thumb Code     6  stm32f10x_gpio.o(.text)
    GPIO_SetBits                             0x08004edf   Thumb Code     4  stm32f10x_gpio.o(.text)
    GPIO_ResetBits                           0x08004ee3   Thumb Code     4  stm32f10x_gpio.o(.text)
    GPIO_WriteBit                            0x08004ee7   Thumb Code    10  stm32f10x_gpio.o(.text)
    GPIO_Write                               0x08004ef1   Thumb Code     4  stm32f10x_gpio.o(.text)
    GPIO_PinLockConfig                       0x08004ef5   Thumb Code    16  stm32f10x_gpio.o(.text)
    GPIO_EventOutputConfig                   0x08004f05   Thumb Code    22  stm32f10x_gpio.o(.text)
    GPIO_EventOutputCmd                      0x08004f1b   Thumb Code     6  stm32f10x_gpio.o(.text)
    GPIO_PinRemapConfig                      0x08004f21   Thumb Code    82  stm32f10x_gpio.o(.text)
    GPIO_EXTILineConfig                      0x08004f73   Thumb Code    34  stm32f10x_gpio.o(.text)
    GPIO_ETH_MediaInterfaceConfig            0x08004f95   Thumb Code     8  stm32f10x_gpio.o(.text)
    RCC_DeInit                               0x08004fc1   Thumb Code    50  stm32f10x_rcc.o(.text)
    RCC_HSEConfig                            0x08004ff3   Thumb Code    48  stm32f10x_rcc.o(.text)
    RCC_GetFlagStatus                        0x08005023   Thumb Code    42  stm32f10x_rcc.o(.text)
    RCC_WaitForHSEStartUp                    0x0800504d   Thumb Code    44  stm32f10x_rcc.o(.text)
    RCC_AdjustHSICalibrationValue            0x08005079   Thumb Code    16  stm32f10x_rcc.o(.text)
    RCC_HSICmd                               0x08005089   Thumb Code     6  stm32f10x_rcc.o(.text)
    RCC_PLLConfig                            0x0800508f   Thumb Code    16  stm32f10x_rcc.o(.text)
    RCC_PLLCmd                               0x0800509f   Thumb Code     6  stm32f10x_rcc.o(.text)
    RCC_SYSCLKConfig                         0x080050a5   Thumb Code    14  stm32f10x_rcc.o(.text)
    RCC_GetSYSCLKSource                      0x080050b3   Thumb Code    10  stm32f10x_rcc.o(.text)
    RCC_HCLKConfig                           0x080050bd   Thumb Code    14  stm32f10x_rcc.o(.text)
    RCC_PCLK1Config                          0x080050cb   Thumb Code    14  stm32f10x_rcc.o(.text)
    RCC_PCLK2Config                          0x080050d9   Thumb Code    16  stm32f10x_rcc.o(.text)
    RCC_ITConfig                             0x080050e9   Thumb Code    18  stm32f10x_rcc.o(.text)
    RCC_USBCLKConfig                         0x080050fb   Thumb Code     8  stm32f10x_rcc.o(.text)
    RCC_ADCCLKConfig                         0x08005103   Thumb Code    14  stm32f10x_rcc.o(.text)
    RCC_LSEConfig                            0x08005111   Thumb Code    28  stm32f10x_rcc.o(.text)
    RCC_LSICmd                               0x0800512d   Thumb Code     6  stm32f10x_rcc.o(.text)
    RCC_RTCCLKConfig                         0x08005133   Thumb Code    10  stm32f10x_rcc.o(.text)
    RCC_RTCCLKCmd                            0x0800513d   Thumb Code     8  stm32f10x_rcc.o(.text)
    RCC_GetClocksFreq                        0x08005145   Thumb Code   132  stm32f10x_rcc.o(.text)
    RCC_AHBPeriphClockCmd                    0x080051c9   Thumb Code    18  stm32f10x_rcc.o(.text)
    RCC_APB2PeriphClockCmd                   0x080051db   Thumb Code    18  stm32f10x_rcc.o(.text)
    RCC_APB1PeriphClockCmd                   0x080051ed   Thumb Code    18  stm32f10x_rcc.o(.text)
    RCC_APB2PeriphResetCmd                   0x080051ff   Thumb Code    18  stm32f10x_rcc.o(.text)
    RCC_APB1PeriphResetCmd                   0x08005211   Thumb Code    18  stm32f10x_rcc.o(.text)
    RCC_BackupResetCmd                       0x08005223   Thumb Code     8  stm32f10x_rcc.o(.text)
    RCC_ClockSecuritySystemCmd               0x0800522b   Thumb Code     6  stm32f10x_rcc.o(.text)
    RCC_MCOConfig                            0x08005231   Thumb Code     6  stm32f10x_rcc.o(.text)
    RCC_ClearFlag                            0x08005237   Thumb Code    12  stm32f10x_rcc.o(.text)
    RCC_GetITStatus                          0x08005243   Thumb Code    16  stm32f10x_rcc.o(.text)
    RCC_ClearITPendingBit                    0x08005253   Thumb Code     6  stm32f10x_rcc.o(.text)
    TIM_DeInit                               0x08005279   Thumb Code   304  stm32f10x_tim.o(.text)
    TIM_TimeBaseInit                         0x080053a9   Thumb Code   114  stm32f10x_tim.o(.text)
    TIM_OC1Init                              0x0800541b   Thumb Code   106  stm32f10x_tim.o(.text)
    TIM_OC2Init                              0x08005485   Thumb Code   120  stm32f10x_tim.o(.text)
    TIM_OC3Init                              0x080054fd   Thumb Code   116  stm32f10x_tim.o(.text)
    TIM_OC4Init                              0x08005571   Thumb Code    90  stm32f10x_tim.o(.text)
    TIM_SetIC4Prescaler                      0x080055cb   Thumb Code    24  stm32f10x_tim.o(.text)
    TIM_SetIC3Prescaler                      0x080055e3   Thumb Code    16  stm32f10x_tim.o(.text)
    TIM_SetIC2Prescaler                      0x080055f3   Thumb Code    24  stm32f10x_tim.o(.text)
    TIM_SetIC1Prescaler                      0x080056b1   Thumb Code    16  stm32f10x_tim.o(.text)
    TIM_ICInit                               0x08005719   Thumb Code   270  stm32f10x_tim.o(.text)
    TIM_PWMIConfig                           0x08005827   Thumb Code   104  stm32f10x_tim.o(.text)
    TIM_BDTRConfig                           0x0800588f   Thumb Code    34  stm32f10x_tim.o(.text)
    TIM_TimeBaseStructInit                   0x080058b1   Thumb Code    18  stm32f10x_tim.o(.text)
    TIM_OCStructInit                         0x080058c3   Thumb Code    20  stm32f10x_tim.o(.text)
    TIM_ICStructInit                         0x080058d7   Thumb Code    16  stm32f10x_tim.o(.text)
    TIM_BDTRStructInit                       0x080058e7   Thumb Code    18  stm32f10x_tim.o(.text)
    TIM_Cmd                                  0x080058f9   Thumb Code    20  stm32f10x_tim.o(.text)
    TIM_CtrlPWMOutputs                       0x0800590d   Thumb Code    22  stm32f10x_tim.o(.text)
    TIM_ITConfig                             0x08005923   Thumb Code    16  stm32f10x_tim.o(.text)
    TIM_GenerateEvent                        0x08005933   Thumb Code     4  stm32f10x_tim.o(.text)
    TIM_DMAConfig                            0x08005937   Thumb Code     8  stm32f10x_tim.o(.text)
    TIM_DMACmd                               0x0800593f   Thumb Code    16  stm32f10x_tim.o(.text)
    TIM_InternalClockConfig                  0x0800594f   Thumb Code    10  stm32f10x_tim.o(.text)
    TIM_SelectInputTrigger                   0x08005959   Thumb Code    12  stm32f10x_tim.o(.text)
    TIM_ITRxExternalClockConfig              0x08005965   Thumb Code    18  stm32f10x_tim.o(.text)
    TIM_TIxExternalClockConfig               0x08005977   Thumb Code    46  stm32f10x_tim.o(.text)
    TIM_ETRConfig                            0x080059a5   Thumb Code    24  stm32f10x_tim.o(.text)
    TIM_ETRClockMode1Config                  0x080059bd   Thumb Code    18  stm32f10x_tim.o(.text)
    TIM_ETRClockMode2Config                  0x080059cf   Thumb Code    18  stm32f10x_tim.o(.text)
    TIM_PrescalerConfig                      0x080059e1   Thumb Code     6  stm32f10x_tim.o(.text)
    TIM_CounterModeConfig                    0x080059e7   Thumb Code    12  stm32f10x_tim.o(.text)
    TIM_EncoderInterfaceConfig               0x080059f3   Thumb Code    50  stm32f10x_tim.o(.text)
    TIM_ForcedOC1Config                      0x08005a25   Thumb Code    12  stm32f10x_tim.o(.text)
    TIM_ForcedOC2Config                      0x08005a31   Thumb Code    20  stm32f10x_tim.o(.text)
    TIM_ForcedOC3Config                      0x08005a45   Thumb Code    12  stm32f10x_tim.o(.text)
    TIM_ForcedOC4Config                      0x08005a51   Thumb Code    20  stm32f10x_tim.o(.text)
    TIM_ARRPreloadConfig                     0x08005a65   Thumb Code    20  stm32f10x_tim.o(.text)
    TIM_SelectCOM                            0x08005a79   Thumb Code    20  stm32f10x_tim.o(.text)
    TIM_SelectCCDMA                          0x08005a8d   Thumb Code    20  stm32f10x_tim.o(.text)
    TIM_CCPreloadControl                     0x08005aa1   Thumb Code    20  stm32f10x_tim.o(.text)
    TIM_OC1PreloadConfig                     0x08005ab5   Thumb Code    32  stm32f10x_tim.o(.text)
    TIM_OC2PreloadConfig                     0x08005ad5   Thumb Code    20  stm32f10x_tim.o(.text)
    TIM_OC3PreloadConfig                     0x08005ae9   Thumb Code    12  stm32f10x_tim.o(.text)
    TIM_OC4PreloadConfig                     0x08005af5   Thumb Code    20  stm32f10x_tim.o(.text)
    TIM_OC1FastConfig                        0x08005b09   Thumb Code    12  stm32f10x_tim.o(.text)
    TIM_OC2FastConfig                        0x08005b15   Thumb Code    20  stm32f10x_tim.o(.text)
    TIM_OC3FastConfig                        0x08005b29   Thumb Code    12  stm32f10x_tim.o(.text)
    TIM_OC4FastConfig                        0x08005b35   Thumb Code    20  stm32f10x_tim.o(.text)
    TIM_ClearOC1Ref                          0x08005b49   Thumb Code    12  stm32f10x_tim.o(.text)
    TIM_ClearOC2Ref                          0x08005b55   Thumb Code    20  stm32f10x_tim.o(.text)
    TIM_ClearOC3Ref                          0x08005b69   Thumb Code    12  stm32f10x_tim.o(.text)
    TIM_ClearOC4Ref                          0x08005b75   Thumb Code    20  stm32f10x_tim.o(.text)
    TIM_OC1PolarityConfig                    0x08005b89   Thumb Code    12  stm32f10x_tim.o(.text)
    TIM_OC1NPolarityConfig                   0x08005b95   Thumb Code    12  stm32f10x_tim.o(.text)
    TIM_OC2PolarityConfig                    0x08005ba1   Thumb Code    20  stm32f10x_tim.o(.text)
    TIM_OC2NPolarityConfig                   0x08005bb5   Thumb Code    20  stm32f10x_tim.o(.text)
    TIM_OC3PolarityConfig                    0x08005bc9   Thumb Code    20  stm32f10x_tim.o(.text)
    TIM_OC3NPolarityConfig                   0x08005bdd   Thumb Code    20  stm32f10x_tim.o(.text)
    TIM_OC4PolarityConfig                    0x08005bf1   Thumb Code    20  stm32f10x_tim.o(.text)
    TIM_CCxCmd                               0x08005c05   Thumb Code    22  stm32f10x_tim.o(.text)
    TIM_CCxNCmd                              0x08005c1b   Thumb Code    22  stm32f10x_tim.o(.text)
    TIM_SelectOCxM                           0x08005c31   Thumb Code    70  stm32f10x_tim.o(.text)
    TIM_UpdateDisableConfig                  0x08005c77   Thumb Code    20  stm32f10x_tim.o(.text)
    TIM_UpdateRequestConfig                  0x08005c8b   Thumb Code    20  stm32f10x_tim.o(.text)
    TIM_SelectHallSensor                     0x08005c9f   Thumb Code    20  stm32f10x_tim.o(.text)
    TIM_SelectOnePulseMode                   0x08005cb3   Thumb Code    16  stm32f10x_tim.o(.text)
    TIM_SelectOutputTrigger                  0x08005cc3   Thumb Code    16  stm32f10x_tim.o(.text)
    TIM_SelectSlaveMode                      0x08005cd3   Thumb Code    16  stm32f10x_tim.o(.text)
    TIM_SelectMasterSlaveMode                0x08005ce3   Thumb Code    16  stm32f10x_tim.o(.text)
    TIM_SetCounter                           0x08005cf3   Thumb Code     4  stm32f10x_tim.o(.text)
    TIM_SetAutoreload                        0x08005cf7   Thumb Code     4  stm32f10x_tim.o(.text)
    TIM_SetCompare1                          0x08005cfb   Thumb Code     4  stm32f10x_tim.o(.text)
    TIM_SetCompare2                          0x08005cff   Thumb Code     4  stm32f10x_tim.o(.text)
    TIM_SetCompare3                          0x08005d03   Thumb Code     4  stm32f10x_tim.o(.text)
    TIM_SetCompare4                          0x08005d07   Thumb Code     6  stm32f10x_tim.o(.text)
    TIM_SetClockDivision                     0x08005d0d   Thumb Code    16  stm32f10x_tim.o(.text)
    TIM_GetCapture1                          0x08005d1d   Thumb Code     4  stm32f10x_tim.o(.text)
    TIM_GetCapture2                          0x08005d21   Thumb Code     4  stm32f10x_tim.o(.text)
    TIM_GetCapture3                          0x08005d25   Thumb Code     4  stm32f10x_tim.o(.text)
    TIM_GetCapture4                          0x08005d29   Thumb Code     6  stm32f10x_tim.o(.text)
    TIM_GetCounter                           0x08005d2f   Thumb Code     4  stm32f10x_tim.o(.text)
    TIM_GetPrescaler                         0x08005d33   Thumb Code     4  stm32f10x_tim.o(.text)
    TIM_GetFlagStatus                        0x08005d37   Thumb Code    14  stm32f10x_tim.o(.text)
    TIM_ClearFlag                            0x08005d45   Thumb Code     6  stm32f10x_tim.o(.text)
    TIM_GetITStatus                          0x08005d4b   Thumb Code    24  stm32f10x_tim.o(.text)
    TIM_ClearITPendingBit                    0x08005d63   Thumb Code     6  stm32f10x_tim.o(.text)
    USART_DeInit                             0x08005d69   Thumb Code    96  stm32f10x_usart.o(.text)
    USART_Init                               0x08005dc9   Thumb Code   166  stm32f10x_usart.o(.text)
    USART_StructInit                         0x08005e6f   Thumb Code    22  stm32f10x_usart.o(.text)
    USART_ClockInit                          0x08005e85   Thumb Code    30  stm32f10x_usart.o(.text)
    USART_ClockStructInit                    0x08005ea3   Thumb Code    12  stm32f10x_usart.o(.text)
    USART_Cmd                                0x08005eaf   Thumb Code    20  stm32f10x_usart.o(.text)
    USART_ITConfig                           0x08005ec3   Thumb Code    48  stm32f10x_usart.o(.text)
    USART_DMACmd                             0x08005ef3   Thumb Code    16  stm32f10x_usart.o(.text)
    USART_SetAddress                         0x08005f03   Thumb Code    16  stm32f10x_usart.o(.text)
    USART_WakeUpConfig                       0x08005f13   Thumb Code    16  stm32f10x_usart.o(.text)
    USART_ReceiverWakeUpCmd                  0x08005f23   Thumb Code    20  stm32f10x_usart.o(.text)
    USART_LINBreakDetectLengthConfig         0x08005f37   Thumb Code    16  stm32f10x_usart.o(.text)
    USART_LINCmd                             0x08005f47   Thumb Code    20  stm32f10x_usart.o(.text)
    USART_SendData                           0x08005f5b   Thumb Code     8  stm32f10x_usart.o(.text)
    USART_ReceiveData                        0x08005f63   Thumb Code     8  stm32f10x_usart.o(.text)
    USART_SendBreak                          0x08005f6b   Thumb Code    10  stm32f10x_usart.o(.text)
    USART_SetGuardTime                       0x08005f75   Thumb Code    16  stm32f10x_usart.o(.text)
    USART_SetPrescaler                       0x08005f85   Thumb Code    16  stm32f10x_usart.o(.text)
    USART_SmartCardCmd                       0x08005f95   Thumb Code    20  stm32f10x_usart.o(.text)
    USART_SmartCardNACKCmd                   0x08005fa9   Thumb Code    20  stm32f10x_usart.o(.text)
    USART_HalfDuplexCmd                      0x08005fbd   Thumb Code    20  stm32f10x_usart.o(.text)
    USART_OverSampling8Cmd                   0x08005fd1   Thumb Code    20  stm32f10x_usart.o(.text)
    USART_OneBitMethodCmd                    0x08005fe5   Thumb Code    20  stm32f10x_usart.o(.text)
    USART_IrDAConfig                         0x08005ff9   Thumb Code    16  stm32f10x_usart.o(.text)
    USART_IrDACmd                            0x08006009   Thumb Code    20  stm32f10x_usart.o(.text)
    USART_GetFlagStatus                      0x0800601d   Thumb Code    14  stm32f10x_usart.o(.text)
    USART_ClearFlag                          0x0800602b   Thumb Code     6  stm32f10x_usart.o(.text)
    USART_GetITStatus                        0x08006031   Thumb Code    62  stm32f10x_usart.o(.text)
    USART_ClearITPendingBit                  0x0800606f   Thumb Code    12  stm32f10x_usart.o(.text)
    SPI_I2S_DeInit                           0x08006091   Thumb Code    72  stm32f10x_spi.o(.text)
    SPI_Init                                 0x080060d9   Thumb Code    56  stm32f10x_spi.o(.text)
    I2S_Init                                 0x08006111   Thumb Code   150  stm32f10x_spi.o(.text)
    SPI_StructInit                           0x080061a7   Thumb Code    24  stm32f10x_spi.o(.text)
    I2S_StructInit                           0x080061bf   Thumb Code    18  stm32f10x_spi.o(.text)
    SPI_Cmd                                  0x080061d1   Thumb Code    20  stm32f10x_spi.o(.text)
    I2S_Cmd                                  0x080061e5   Thumb Code    20  stm32f10x_spi.o(.text)
    SPI_I2S_ITConfig                         0x080061f9   Thumb Code    24  stm32f10x_spi.o(.text)
    SPI_I2S_DMACmd                           0x08006211   Thumb Code    16  stm32f10x_spi.o(.text)
    SPI_I2S_SendData                         0x08006221   Thumb Code     4  stm32f10x_spi.o(.text)
    SPI_I2S_ReceiveData                      0x08006225   Thumb Code     4  stm32f10x_spi.o(.text)
    SPI_NSSInternalSoftwareConfig            0x08006229   Thumb Code    24  stm32f10x_spi.o(.text)
    SPI_SSOutputCmd                          0x08006241   Thumb Code    20  stm32f10x_spi.o(.text)
    SPI_DataSizeConfig                       0x08006255   Thumb Code    16  stm32f10x_spi.o(.text)
    SPI_TransmitCRC                          0x08006265   Thumb Code    10  stm32f10x_spi.o(.text)
    SPI_CalculateCRC                         0x0800626f   Thumb Code    20  stm32f10x_spi.o(.text)
    SPI_GetCRC                               0x08006283   Thumb Code    12  stm32f10x_spi.o(.text)
    SPI_GetCRCPolynomial                     0x0800628f   Thumb Code     4  stm32f10x_spi.o(.text)
    SPI_BiDirectionalLineConfig              0x08006293   Thumb Code    22  stm32f10x_spi.o(.text)
    SPI_I2S_GetFlagStatus                    0x080062a9   Thumb Code    14  stm32f10x_spi.o(.text)
    SPI_I2S_ClearFlag                        0x080062b7   Thumb Code     6  stm32f10x_spi.o(.text)
    SPI_I2S_GetITStatus                      0x080062bd   Thumb Code    44  stm32f10x_spi.o(.text)
    SPI_I2S_ClearITPendingBit                0x080062e9   Thumb Code    14  stm32f10x_spi.o(.text)
    ADC_DeInit                               0x08006305   Thumb Code    56  stm32f10x_adc.o(.text)
    ADC_Init                                 0x0800633d   Thumb Code    62  stm32f10x_adc.o(.text)
    ADC_StructInit                           0x0800637b   Thumb Code    18  stm32f10x_adc.o(.text)
    ADC_Cmd                                  0x0800638d   Thumb Code    20  stm32f10x_adc.o(.text)
    ADC_DMACmd                               0x080063a1   Thumb Code    20  stm32f10x_adc.o(.text)
    ADC_ITConfig                             0x080063b5   Thumb Code    18  stm32f10x_adc.o(.text)
    ADC_ResetCalibration                     0x080063c7   Thumb Code    10  stm32f10x_adc.o(.text)
    ADC_GetResetCalibrationStatus            0x080063d1   Thumb Code    14  stm32f10x_adc.o(.text)
    ADC_StartCalibration                     0x080063df   Thumb Code    10  stm32f10x_adc.o(.text)
    ADC_GetCalibrationStatus                 0x080063e9   Thumb Code    14  stm32f10x_adc.o(.text)
    ADC_SoftwareStartConvCmd                 0x080063f7   Thumb Code    20  stm32f10x_adc.o(.text)
    ADC_GetSoftwareStartConvStatus           0x0800640b   Thumb Code    14  stm32f10x_adc.o(.text)
    ADC_DiscModeChannelCountConfig           0x08006419   Thumb Code    16  stm32f10x_adc.o(.text)
    ADC_DiscModeCmd                          0x08006429   Thumb Code    20  stm32f10x_adc.o(.text)
    ADC_RegularChannelConfig                 0x0800643d   Thumb Code   116  stm32f10x_adc.o(.text)
    ADC_ExternalTrigConvCmd                  0x080064b1   Thumb Code    20  stm32f10x_adc.o(.text)
    ADC_GetConversionValue                   0x080064c5   Thumb Code     6  stm32f10x_adc.o(.text)
    ADC_GetDualModeConversionValue           0x080064cb   Thumb Code     8  stm32f10x_adc.o(.text)
    ADC_AutoInjectedConvCmd                  0x080064d3   Thumb Code    20  stm32f10x_adc.o(.text)
    ADC_InjectedDiscModeCmd                  0x080064e7   Thumb Code    20  stm32f10x_adc.o(.text)
    ADC_ExternalTrigInjectedConvConfig       0x080064fb   Thumb Code    12  stm32f10x_adc.o(.text)
    ADC_ExternalTrigInjectedConvCmd          0x08006507   Thumb Code    20  stm32f10x_adc.o(.text)
    ADC_SoftwareStartInjectedConvCmd         0x0800651b   Thumb Code    20  stm32f10x_adc.o(.text)
    ADC_GetSoftwareStartInjectedConvCmdStatus 0x0800652f   Thumb Code    14  stm32f10x_adc.o(.text)
    ADC_InjectedChannelConfig                0x0800653d   Thumb Code    74  stm32f10x_adc.o(.text)
    ADC_InjectedSequencerLengthConfig        0x08006587   Thumb Code    16  stm32f10x_adc.o(.text)
    ADC_SetInjectedOffset                    0x08006597   Thumb Code    10  stm32f10x_adc.o(.text)
    ADC_GetInjectedConversionValue           0x080065a1   Thumb Code    14  stm32f10x_adc.o(.text)
    ADC_AnalogWatchdogCmd                    0x080065af   Thumb Code    12  stm32f10x_adc.o(.text)
    ADC_AnalogWatchdogThresholdsConfig       0x080065bb   Thumb Code     6  stm32f10x_adc.o(.text)
    ADC_AnalogWatchdogSingleChannelConfig    0x080065c1   Thumb Code    12  stm32f10x_adc.o(.text)
    ADC_TempSensorVrefintCmd                 0x080065cd   Thumb Code    24  stm32f10x_adc.o(.text)
    ADC_GetFlagStatus                        0x080065e5   Thumb Code    14  stm32f10x_adc.o(.text)
    ADC_ClearFlag                            0x080065f3   Thumb Code     6  stm32f10x_adc.o(.text)
    ADC_GetITStatus                          0x080065f9   Thumb Code    28  stm32f10x_adc.o(.text)
    ADC_ClearITPendingBit                    0x08006615   Thumb Code     8  stm32f10x_adc.o(.text)
    DMA_DeInit                               0x08006635   Thumb Code   218  stm32f10x_dma.o(.text)
    DMA_Init                                 0x0800670f   Thumb Code    58  stm32f10x_dma.o(.text)
    DMA_StructInit                           0x08006749   Thumb Code    26  stm32f10x_dma.o(.text)
    DMA_Cmd                                  0x08006763   Thumb Code    22  stm32f10x_dma.o(.text)
    DMA_ITConfig                             0x08006779   Thumb Code    16  stm32f10x_dma.o(.text)
    DMA_SetCurrDataCounter                   0x08006789   Thumb Code     4  stm32f10x_dma.o(.text)
    DMA_GetCurrDataCounter                   0x0800678d   Thumb Code     6  stm32f10x_dma.o(.text)
    DMA_GetFlagStatus                        0x08006793   Thumb Code    28  stm32f10x_dma.o(.text)
    DMA_ClearFlag                            0x080067af   Thumb Code    20  stm32f10x_dma.o(.text)
    DMA_GetITStatus                          0x080067c3   Thumb Code    28  stm32f10x_dma.o(.text)
    DMA_ClearITPendingBit                    0x080067df   Thumb Code    20  stm32f10x_dma.o(.text)
    SystemInit                               0x0800689d   Thumb Code    64  system_stm32f10x.o(.text)
    SystemCoreClockUpdate                    0x080068dd   Thumb Code    86  system_stm32f10x.o(.text)
    __use_no_semihosting                     0x08006955   Thumb Code     2  use_no_semi_2.o(.text)
    __aeabi_ldivmod                          0x08006957   Thumb Code     0  llsdiv.o(.text)
    _ll_sdiv                                 0x08006957   Thumb Code    72  llsdiv.o(.text)
    __2printf                                0x080069a1   Thumb Code    20  noretval__2printf.o(.text)
    __printf                                 0x080069b9   Thumb Code   104  __printf.o(.text)
    _printf_int_dec                          0x08006a21   Thumb Code   104  _printf_dec.o(.text)
    memcmp                                   0x08006a99   Thumb Code    88  memcmp.o(.text)
    __aeabi_memset                           0x08006af1   Thumb Code    16  aeabi_memset.o(.text)
    __use_two_region_memory                  0x08006b01   Thumb Code     2  heapauxi.o(.text)
    __rt_heap_escrow$2region                 0x08006b03   Thumb Code     2  heapauxi.o(.text)
    __rt_heap_expand$2region                 0x08006b05   Thumb Code     2  heapauxi.o(.text)
    __I$use$semihosting                      0x08006b07   Thumb Code     0  use_no_semi.o(.text)
    __use_no_semihosting_swi                 0x08006b07   Thumb Code     2  use_no_semi.o(.text)
    __aeabi_uldivmod                         0x08006b09   Thumb Code     0  lludivv7m.o(.text)
    _ll_udiv                                 0x08006b09   Thumb Code   238  lludivv7m.o(.text)
    __read_errno                             0x08006bf7   Thumb Code    10  _rserrno.o(.text)
    __set_errno                              0x08006c01   Thumb Code    12  _rserrno.o(.text)
    _printf_int_common                       0x08006c0d   Thumb Code   178  _printf_intcommon.o(.text)
    __lib_sel_fp_printf                      0x08006cbf   Thumb Code     2  _printf_fp_dec.o(.text)
    _printf_fp_dec_real                      0x08006e6d   Thumb Code   620  _printf_fp_dec.o(.text)
    _printf_char_file                        0x080070d9   Thumb Code    32  _printf_char_file.o(.text)
    __aeabi_memclr                           0x080070fd   Thumb Code     0  rt_memclr.o(.text)
    __rt_memclr                              0x080070fd   Thumb Code    68  rt_memclr.o(.text)
    _memset                                  0x08007101   Thumb Code     0  rt_memclr.o(.text)
    __rt_locale                              0x08007141   Thumb Code     8  rt_locale_intlibspace.o(.text)
    __aeabi_errno_addr                       0x08007149   Thumb Code     8  rt_errno_addr_intlibspace.o(.text)
    __errno$intlibspace                      0x08007149   Thumb Code     0  rt_errno_addr_intlibspace.o(.text)
    __rt_errno_addr$intlibspace              0x08007149   Thumb Code     0  rt_errno_addr_intlibspace.o(.text)
    _ll_udiv10                               0x08007151   Thumb Code   138  lludiv10.o(.text)
    _printf_char_common                      0x080071e7   Thumb Code    32  _printf_char_common.o(.text)
    _printf_fp_infnan                        0x0800720d   Thumb Code   112  _printf_fp_infnan.o(.text)
    _btod_etento                             0x0800728d   Thumb Code   216  bigflt0.o(.text)
    ferror                                   0x08007369   Thumb Code     8  ferror.o(.text)
    __aeabi_memclr4                          0x08007371   Thumb Code     0  rt_memclr_w.o(.text)
    __aeabi_memclr8                          0x08007371   Thumb Code     0  rt_memclr_w.o(.text)
    __rt_memclr_w                            0x08007371   Thumb Code    78  rt_memclr_w.o(.text)
    _memset_w                                0x08007375   Thumb Code     0  rt_memclr_w.o(.text)
    __user_libspace                          0x080073c1   Thumb Code     8  libspace.o(.text)
    __user_perproc_libspace                  0x080073c1   Thumb Code     0  libspace.o(.text)
    __user_perthread_libspace                0x080073c1   Thumb Code     0  libspace.o(.text)
    __user_setup_stackheap                   0x080073c9   Thumb Code    74  sys_stackheap_outer.o(.text)
    exit                                     0x08007413   Thumb Code    18  exit.o(.text)
    strcmp                                   0x08007425   Thumb Code   128  strcmpv7m.o(.text)
    _btod_d2e                                0x080074a5   Thumb Code    62  btod.o(CL$$btod_d2e)
    _d2e_denorm_low                          0x080074e3   Thumb Code    70  btod.o(CL$$btod_d2e_denorm_low)
    _d2e_norm_op1                            0x08007529   Thumb Code    96  btod.o(CL$$btod_d2e_norm_op1)
    __btod_div_common                        0x08007589   Thumb Code   696  btod.o(CL$$btod_div_common)
    _e2e                                     0x080078c1   Thumb Code   198  btod.o(CL$$btod_e2e)
    _btod_ediv                               0x08007987   Thumb Code    40  btod.o(CL$$btod_ediv)
    _btod_emul                               0x080079af   Thumb Code    40  btod.o(CL$$btod_emul)
    __btod_mult_common                       0x080079d7   Thumb Code   580  btod.o(CL$$btod_mult_common)
    __ARM_fpclassify                         0x08007c1b   Thumb Code    40  fpclassify.o(i.__ARM_fpclassify)
    __kernel_poly                            0x08007c43   Thumb Code   170  poly.o(i.__kernel_poly)
    __mathlib_dbl_infnan                     0x08007ced   Thumb Code     6  dunder.o(i.__mathlib_dbl_infnan)
    __mathlib_dbl_infnan2                    0x08007cf3   Thumb Code     4  dunder.o(i.__mathlib_dbl_infnan2)
    __mathlib_dbl_invalid                    0x08007cf7   Thumb Code    12  dunder.o(i.__mathlib_dbl_invalid)
    __mathlib_dbl_underflow                  0x08007d05   Thumb Code    10  dunder.o(i.__mathlib_dbl_underflow)
    asin                                     0x08007d15   Thumb Code   572  asin.o(i.asin)
    atan                                     0x08007f85   Thumb Code   474  atan.o(i.atan)
    atan2                                    0x080081a5   Thumb Code   346  atan2.o(i.atan2)
    sqrt                                     0x08008325   Thumb Code    76  sqrt.o(i.sqrt)
    _get_lc_numeric                          0x08008371   Thumb Code    44  lc_numeric_c.o(locale$$code)
    __aeabi_d2f                              0x0800839d   Thumb Code     0  d2f.o(x$fpl$d2f)
    _d2f                                     0x0800839d   Thumb Code    98  d2f.o(x$fpl$d2f)
    __aeabi_dadd                             0x08008401   Thumb Code     0  daddsub_clz.o(x$fpl$dadd)
    _dadd                                    0x08008401   Thumb Code   332  daddsub_clz.o(x$fpl$dadd)
    __fpl_dcheck_NaN1                        0x08008551   Thumb Code    10  dcheck1.o(x$fpl$dcheck1)
    __fpl_dcmp_Inf                           0x08008561   Thumb Code    24  dcmpi.o(x$fpl$dcmpinf)
    __aeabi_ddiv                             0x08008579   Thumb Code     0  ddiv.o(x$fpl$ddiv)
    _ddiv                                    0x08008579   Thumb Code   552  ddiv.o(x$fpl$ddiv)
    __aeabi_d2uiz                            0x08008829   Thumb Code     0  dfixu.o(x$fpl$dfixu)
    _dfixu                                   0x08008829   Thumb Code    90  dfixu.o(x$fpl$dfixu)
    __aeabi_i2d                              0x08008883   Thumb Code     0  dflt_clz.o(x$fpl$dflt)
    _dflt                                    0x08008883   Thumb Code    46  dflt_clz.o(x$fpl$dflt)
    __aeabi_cdcmple                          0x080088b1   Thumb Code     0  dleqf.o(x$fpl$dleqf)
    _dcmple                                  0x080088b1   Thumb Code   120  dleqf.o(x$fpl$dleqf)
    __fpl_dcmple_InfNaN                      0x08008913   Thumb Code     0  dleqf.o(x$fpl$dleqf)
    __aeabi_dmul                             0x08008929   Thumb Code     0  dmul.o(x$fpl$dmul)
    _dmul                                    0x08008929   Thumb Code   332  dmul.o(x$fpl$dmul)
    __fpl_dnaninf                            0x08008a7d   Thumb Code   156  dnaninf.o(x$fpl$dnaninf)
    __fpl_dretinf                            0x08008b19   Thumb Code    12  dretinf.o(x$fpl$dretinf)
    __aeabi_drsub                            0x08008b25   Thumb Code     0  daddsub_clz.o(x$fpl$drsb)
    _drsb                                    0x08008b25   Thumb Code    22  daddsub_clz.o(x$fpl$drsb)
    _dsqrt                                   0x08008b3d   Thumb Code   456  dsqrt_noumaal.o(x$fpl$dsqrt)
    __aeabi_dsub                             0x08008d09   Thumb Code     0  daddsub_clz.o(x$fpl$dsub)
    _dsub                                    0x08008d09   Thumb Code   464  daddsub_clz.o(x$fpl$dsub)
    __aeabi_f2d                              0x08008edd   Thumb Code     0  f2d.o(x$fpl$f2d)
    _f2d                                     0x08008edd   Thumb Code    86  f2d.o(x$fpl$f2d)
    __aeabi_fadd                             0x08008f35   Thumb Code     0  faddsub_clz.o(x$fpl$fadd)
    _fadd                                    0x08008f35   Thumb Code   196  faddsub_clz.o(x$fpl$fadd)
    __fpl_fcheck_NaN1                        0x08008ff9   Thumb Code     6  fcheck1.o(x$fpl$fcheck1)
    __fpl_fcmp_Inf                           0x08009005   Thumb Code    24  fcmpi.o(x$fpl$fcmpinf)
    __aeabi_fdiv                             0x0800901d   Thumb Code     0  fdiv.o(x$fpl$fdiv)
    _fdiv                                    0x0800901d   Thumb Code   384  fdiv.o(x$fpl$fdiv)
    __aeabi_f2iz                             0x080091a1   Thumb Code     0  ffix.o(x$fpl$ffix)
    _ffix                                    0x080091a1   Thumb Code    54  ffix.o(x$fpl$ffix)
    __aeabi_f2uiz                            0x080091d9   Thumb Code     0  ffixu.o(x$fpl$ffixu)
    _ffixu                                   0x080091d9   Thumb Code    62  ffixu.o(x$fpl$ffixu)
    __aeabi_i2f                              0x08009219   Thumb Code     0  fflt_clz.o(x$fpl$fflt)
    _fflt                                    0x08009219   Thumb Code    48  fflt_clz.o(x$fpl$fflt)
    __aeabi_ui2f                             0x08009249   Thumb Code     0  fflt_clz.o(x$fpl$ffltu)
    _ffltu                                   0x08009249   Thumb Code    38  fflt_clz.o(x$fpl$ffltu)
    __aeabi_cfcmple                          0x08009271   Thumb Code     0  fleqf.o(x$fpl$fleqf)
    _fcmple                                  0x08009271   Thumb Code   104  fleqf.o(x$fpl$fleqf)
    __fpl_fcmple_InfNaN                      0x080092c3   Thumb Code     0  fleqf.o(x$fpl$fleqf)
    __aeabi_fmul                             0x080092d9   Thumb Code     0  fmul.o(x$fpl$fmul)
    _fmul                                    0x080092d9   Thumb Code   258  fmul.o(x$fpl$fmul)
    __fpl_fnaninf                            0x080093db   Thumb Code   140  fnaninf.o(x$fpl$fnaninf)
    __fpl_fretinf                            0x08009467   Thumb Code    10  fretinf.o(x$fpl$fretinf)
    __aeabi_cfrcmple                         0x08009471   Thumb Code     0  frleqf.o(x$fpl$frleqf)
    _frcmple                                 0x08009471   Thumb Code    98  frleqf.o(x$fpl$frleqf)
    __aeabi_frsub                            0x080094d3   Thumb Code     0  faddsub_clz.o(x$fpl$frsb)
    _frsb                                    0x080094d3   Thumb Code    20  faddsub_clz.o(x$fpl$frsb)
    __aeabi_fsub                             0x080094e9   Thumb Code     0  faddsub_clz.o(x$fpl$fsub)
    _fsub                                    0x080094e9   Thumb Code   234  faddsub_clz.o(x$fpl$fsub)
    _printf_fp_dec                           0x080095d3   Thumb Code     4  printf1.o(x$fpl$printf1)
    __fpl_return_NaN                         0x080095d7   Thumb Code   100  retnan.o(x$fpl$retnan)
    __ARM_scalbn                             0x0800963b   Thumb Code    92  scalbn.o(x$fpl$scalbn)
    __ARM_scalbnf                            0x08009697   Thumb Code    76  scalbnf.o(x$fpl$scalbnf)
    __fpl_cmpreturn                          0x080096e3   Thumb Code    48  trapv.o(x$fpl$trapveneer)
    __I$use$fp                               0x08009712   Number         0  usenofp.o(x$fpl$usenofp)
    hw                                       0x08009712   Data          12  inv_mpu.o(.constdata)
    reg                                      0x0800971e   Data          27  inv_mpu.o(.constdata)
    test                                     0x0800973c   Data          40  inv_mpu.o(.constdata)
    __mathlib_zero                           0x0800a448   Data           8  qnan.o(.constdata)
    Region$$Table$$Base                      0x0800a534   Number         0  anon$$obj.o(Region$$Table)
    Region$$Table$$Limit                     0x0800a554   Number         0  anon$$obj.o(Region$$Table)
    system_launch_succeed                    0x20000004   Data           1  main.o(.data)
    ADCConvertedValue                        0x20000018   Data           2  drv_adc.o(.data)
    RX_ADDRESS                               0x2000001a   Data           5  nrf24l01.o(.data)
    Counter_100Hz                            0x20000020   Data           2  stm32f10x_it.o(.data)
    __stdout                                 0x20000028   Data           4  usart.o(.data)
    BT_Throttle                              0x20000030   Data           4  usart2.o(.data)
    BT_Yaw                                   0x20000034   Data           4  usart2.o(.data)
    BT_Pitch                                 0x20000038   Data           4  usart2.o(.data)
    BT_Roll                                  0x2000003c   Data           4  usart2.o(.data)
    usart_i                                  0x20000040   Data           4  usart2.o(.data)
    j                                        0x20000044   Data           4  usart2.o(.data)
    EN_I_Flag                                0x2000004c   Data           1  pid.o(.data)
    w_P_yaw                                  0x20000050   Data           4  pid.o(.data)
    w_D_yaw                                  0x20000054   Data           4  pid.o(.data)
    Desire_angle_yaw_flag                    0x20000058   Data           4  pid.o(.data)
    angle_P_yaw                              0x2000005c   Data           4  pid.o(.data)
    angle_D_yaw                              0x20000060   Data           4  pid.o(.data)
    angle_I_roll                             0x20000064   Data           4  pid.o(.data)
    angle_I_pitch                            0x20000068   Data           4  pid.o(.data)
    angle_I_yaw                              0x2000006c   Data           4  pid.o(.data)
    PID_roll_out                             0x20000070   Data           4  pid.o(.data)
    PID_pitch_out                            0x20000074   Data           4  pid.o(.data)
    PID_yaw_out                              0x20000078   Data           4  pid.o(.data)
    Desire_angle_roll_SUM                    0x2000007c   Data           4  pid.o(.data)
    Desire_angle_pitch_SUM                   0x20000080   Data           4  pid.o(.data)
    Desire_W_roll                            0x20000084   Data           4  pid.o(.data)
    Desire_W_pitch                           0x20000088   Data           4  pid.o(.data)
    Error_Angle_roll                         0x2000008c   Data           4  pid.o(.data)
    Error_Angle_pitch                        0x20000090   Data           4  pid.o(.data)
    Error_W_roll                             0x20000094   Data           4  pid.o(.data)
    Error_W_pitch                            0x20000098   Data           4  pid.o(.data)
    Now_W_roll_Err                           0x2000009c   Data           4  pid.o(.data)
    Now_W_pitch_Err                          0x200000a0   Data           4  pid.o(.data)
    Pre_W_roll_Err                           0x200000a4   Data           4  pid.o(.data)
    Pre_W_pitch_Err                          0x200000a8   Data           4  pid.o(.data)
    Error_W_roll_I                           0x200000ac   Data           4  pid.o(.data)
    Error_W_pitch_I                          0x200000b0   Data           4  pid.o(.data)
    Error_Angle_roll_I                       0x200000b4   Data           4  pid.o(.data)
    Error_Angle_pitch_I                      0x200000b8   Data           4  pid.o(.data)
    w_yaw_pre                                0x200000bc   Data           4  pid.o(.data)
    pitch_int                                0x200000c0   Data           4  pid.o(.data)
    roll_int                                 0x200000c4   Data           4  pid.o(.data)
    CCR1_Val                                 0x200000c8   Data           2  pwm_output.o(.data)
    CCR2_Val                                 0x200000ca   Data           2  pwm_output.o(.data)
    CCR3_Val                                 0x200000cc   Data           2  pwm_output.o(.data)
    CCR4_Val                                 0x200000ce   Data           2  pwm_output.o(.data)
    Four_Axis_UNLOCK                         0x200000d0   Data           1  control_200hz.o(.data)
    Four_Axis_landing                        0x200000d1   Data           1  control_200hz.o(.data)
    High_Loc_En                              0x200000d2   Data           1  control_200hz.o(.data)
    Receive_KEY                              0x200000d3   Data           1  control_200hz.o(.data)
    Speed_FR_Pre                             0x200000d6   Data           2  control_200hz.o(.data)
    Speed_FR                                 0x200000d8   Data           2  control_200hz.o(.data)
    nfr_Receive_Succeed_Counter              0x200000da   Data           2  control_200hz.o(.data)
    nfr_Receive_Succeed_Counter_Flag         0x200000dc   Data           2  control_200hz.o(.data)
    nrf_check                                0x200000e8   Data           4  control_200hz.o(.data)
    Desire_angle_roll                        0x200000ec   Data           4  control_200hz.o(.data)
    Desire_angle_pitch                       0x200000f0   Data           4  control_200hz.o(.data)
    nfr_Receive_Fail_Counter                 0x200000f4   Data           4  control_200hz.o(.data)
    Desire_w_yaw                             0x200000f8   Data           4  control_200hz.o(.data)
    Sys_Time                                 0x200000fc   Data           4  control_200hz.o(.data)
    Desire_angle_roll_DIFF                   0x20000100   Data           4  control_200hz.o(.data)
    Desire_angle_pitch_DIFF                  0x20000104   Data           4  control_200hz.o(.data)
    Desire_angle_yaw                         0x20000118   Data           4  control_200hz.o(.data)
    more                                     0x20000148   Data           1  mpu6050.o(.data)
    sensors                                  0x2000014a   Data           2  mpu6050.o(.data)
    roll_angel_offset                        0x2000014c   Data           4  mpu6050.o(.data)
    pitch_angel_offset                       0x20000150   Data           4  mpu6050.o(.data)
    q0                                       0x20000154   Data           4  mpu6050.o(.data)
    q1                                       0x20000158   Data           4  mpu6050.o(.data)
    q2                                       0x2000015c   Data           4  mpu6050.o(.data)
    q3                                       0x20000160   Data           4  mpu6050.o(.data)
    Pitch                                    0x20000164   Data           4  mpu6050.o(.data)
    Roll                                     0x20000168   Data           4  mpu6050.o(.data)
    Yaw                                      0x2000016c   Data           4  mpu6050.o(.data)
    Pitch_Pre                                0x20000170   Data           4  mpu6050.o(.data)
    Roll_Pre                                 0x20000174   Data           4  mpu6050.o(.data)
    Yaw_Pre                                  0x20000178   Data           4  mpu6050.o(.data)
    W_Roll                                   0x2000017c   Data           4  mpu6050.o(.data)
    W_Pitch                                  0x20000180   Data           4  mpu6050.o(.data)
    W_Yaw                                    0x20000184   Data           4  mpu6050.o(.data)
    W_Roll_Pre                               0x20000188   Data           4  mpu6050.o(.data)
    W_Pitch_Pre                              0x2000018c   Data           4  mpu6050.o(.data)
    W_Yaw_Pre                                0x20000190   Data           4  mpu6050.o(.data)
    sensor_timestamp                         0x20000194   Data           4  mpu6050.o(.data)
    gyro                                     0x20000198   Data           6  mpu6050.o(.data)
    accel                                    0x2000019e   Data           6  mpu6050.o(.data)
    MPU6050_First                            0x200001ad   Data           1  mpu6050.o(.data)
    SystemCoreClock                          0x200001c4   Data           4  system_stm32f10x.o(.data)
    AHBPrescTable                            0x200001c8   Data          16  system_stm32f10x.o(.data)
    NRF24L01_RXDATA                          0x200001d8   Data          32  nrf24l01.o(.bss)
    USART2_RX_BUF                            0x200001f8   Data          64  usart2.o(.bss)
    quat                                     0x20000248   Data          16  mpu6050.o(.bss)
    W_Roll_Filter                            0x20000258   Data          20  mpu6050.o(.bss)
    W_Pitch_Filter                           0x2000026c   Data          20  mpu6050.o(.bss)
    W_Yaw_Filter                             0x20000280   Data          20  mpu6050.o(.bss)
    ACC0_Filter                              0x20000294   Data          32  mpu6050.o(.bss)
    ACC1_Filter                              0x200002b4   Data          32  mpu6050.o(.bss)
    ACC2_Filter                              0x200002d4   Data          32  mpu6050.o(.bss)
    w_and_angle                              0x200002f4   Data          28  mpu6050.o(.bss)
    __libspace_start                         0x20000310   Data          96  libspace.o(.bss)
    __temporary_stack_top$libspace           0x20000370   Data           0  libspace.o(.bss)



==============================================================================

Memory Map of the image

  Image Entry point : 0x080000ed

  Load Region LR_IROM1 (Base: 0x08000000, Size: 0x0000a748, Max: 0x00010000, ABSOLUTE, COMPRESSED[0x0000a5b0])

    Execution Region ER_IROM1 (Base: 0x08000000, Size: 0x0000a570, Max: 0x00010000, ABSOLUTE)

    Base Addr    Size         Type   Attr      Idx    E Section Name        Object

    0x08000000   0x000000ec   Data   RO          442    RESET               startup_stm32f10x_md.o
    0x080000ec   0x00000008   Code   RO          828  * !!!main             c_w.l(__main.o)
    0x080000f4   0x00000034   Code   RO         1206    !!!scatter          c_w.l(__scatter.o)
    0x08000128   0x0000005a   Code   RO         1204    !!dczerorl2         c_w.l(__dczerorl2.o)
    0x08000182   0x00000002   PAD
    0x08000184   0x0000001c   Code   RO         1208    !!handler_zi        c_w.l(__scatter_zi.o)
    0x080001a0   0x00000000   Code   RO          821    .ARM.Collect$$_printf_percent$$00000000  c_w.l(_printf_percent.o)
    0x080001a0   0x00000006   Code   RO          820    .ARM.Collect$$_printf_percent$$00000003  c_w.l(_printf_f.o)
    0x080001a6   0x00000006   Code   RO          819    .ARM.Collect$$_printf_percent$$00000009  c_w.l(_printf_d.o)
    0x080001ac   0x00000004   Code   RO          925    .ARM.Collect$$_printf_percent$$00000017  c_w.l(_printf_percent_end.o)
    0x080001b0   0x00000002   Code   RO         1075    .ARM.Collect$$libinit$$00000000  c_w.l(libinit.o)
    0x080001b2   0x00000000   Code   RO         1077    .ARM.Collect$$libinit$$00000002  c_w.l(libinit2.o)
    0x080001b2   0x00000000   Code   RO         1079    .ARM.Collect$$libinit$$00000004  c_w.l(libinit2.o)
    0x080001b2   0x00000000   Code   RO         1082    .ARM.Collect$$libinit$$0000000A  c_w.l(libinit2.o)
    0x080001b2   0x00000000   Code   RO         1084    .ARM.Collect$$libinit$$0000000C  c_w.l(libinit2.o)
    0x080001b2   0x00000000   Code   RO         1086    .ARM.Collect$$libinit$$0000000E  c_w.l(libinit2.o)
    0x080001b2   0x00000006   Code   RO         1087    .ARM.Collect$$libinit$$0000000F  c_w.l(libinit2.o)
    0x080001b8   0x00000000   Code   RO         1089    .ARM.Collect$$libinit$$00000011  c_w.l(libinit2.o)
    0x080001b8   0x00000000   Code   RO         1091    .ARM.Collect$$libinit$$00000013  c_w.l(libinit2.o)
    0x080001b8   0x00000000   Code   RO         1093    .ARM.Collect$$libinit$$00000015  c_w.l(libinit2.o)
    0x080001b8   0x0000000a   Code   RO         1094    .ARM.Collect$$libinit$$00000016  c_w.l(libinit2.o)
    0x080001c2   0x00000000   Code   RO         1095    .ARM.Collect$$libinit$$00000017  c_w.l(libinit2.o)
    0x080001c2   0x00000000   Code   RO         1097    .ARM.Collect$$libinit$$00000019  c_w.l(libinit2.o)
    0x080001c2   0x00000000   Code   RO         1099    .ARM.Collect$$libinit$$0000001B  c_w.l(libinit2.o)
    0x080001c2   0x00000000   Code   RO         1101    .ARM.Collect$$libinit$$0000001D  c_w.l(libinit2.o)
    0x080001c2   0x00000000   Code   RO         1103    .ARM.Collect$$libinit$$0000001F  c_w.l(libinit2.o)
    0x080001c2   0x00000000   Code   RO         1105    .ARM.Collect$$libinit$$00000021  c_w.l(libinit2.o)
    0x080001c2   0x00000000   Code   RO         1107    .ARM.Collect$$libinit$$00000023  c_w.l(libinit2.o)
    0x080001c2   0x00000000   Code   RO         1109    .ARM.Collect$$libinit$$00000025  c_w.l(libinit2.o)
    0x080001c2   0x00000000   Code   RO         1113    .ARM.Collect$$libinit$$0000002C  c_w.l(libinit2.o)
    0x080001c2   0x00000000   Code   RO         1115    .ARM.Collect$$libinit$$0000002E  c_w.l(libinit2.o)
    0x080001c2   0x00000000   Code   RO         1117    .ARM.Collect$$libinit$$00000030  c_w.l(libinit2.o)
    0x080001c2   0x00000000   Code   RO         1119    .ARM.Collect$$libinit$$00000032  c_w.l(libinit2.o)
    0x080001c2   0x00000002   Code   RO         1120    .ARM.Collect$$libinit$$00000033  c_w.l(libinit2.o)
    0x080001c4   0x00000002   Code   RO         1164    .ARM.Collect$$libshutdown$$00000000  c_w.l(libshutdown.o)
    0x080001c6   0x00000000   Code   RO         1173    .ARM.Collect$$libshutdown$$00000002  c_w.l(libshutdown2.o)
    0x080001c6   0x00000000   Code   RO         1175    .ARM.Collect$$libshutdown$$00000004  c_w.l(libshutdown2.o)
    0x080001c6   0x00000000   Code   RO         1178    .ARM.Collect$$libshutdown$$00000007  c_w.l(libshutdown2.o)
    0x080001c6   0x00000000   Code   RO         1181    .ARM.Collect$$libshutdown$$0000000A  c_w.l(libshutdown2.o)
    0x080001c6   0x00000000   Code   RO         1183    .ARM.Collect$$libshutdown$$0000000C  c_w.l(libshutdown2.o)
    0x080001c6   0x00000000   Code   RO         1186    .ARM.Collect$$libshutdown$$0000000F  c_w.l(libshutdown2.o)
    0x080001c6   0x00000002   Code   RO         1187    .ARM.Collect$$libshutdown$$00000010  c_w.l(libshutdown2.o)
    0x080001c8   0x00000000   Code   RO          914    .ARM.Collect$$rtentry$$00000000  c_w.l(__rtentry.o)
    0x080001c8   0x00000000   Code   RO          983    .ARM.Collect$$rtentry$$00000002  c_w.l(__rtentry2.o)
    0x080001c8   0x00000006   Code   RO          995    .ARM.Collect$$rtentry$$00000004  c_w.l(__rtentry4.o)
    0x080001ce   0x00000000   Code   RO          985    .ARM.Collect$$rtentry$$00000009  c_w.l(__rtentry2.o)
    0x080001ce   0x00000004   Code   RO          986    .ARM.Collect$$rtentry$$0000000A  c_w.l(__rtentry2.o)
    0x080001d2   0x00000000   Code   RO          988    .ARM.Collect$$rtentry$$0000000C  c_w.l(__rtentry2.o)
    0x080001d2   0x00000008   Code   RO          989    .ARM.Collect$$rtentry$$0000000D  c_w.l(__rtentry2.o)
    0x080001da   0x00000002   Code   RO         1123    .ARM.Collect$$rtexit$$00000000  c_w.l(rtexit.o)
    0x080001dc   0x00000000   Code   RO         1134    .ARM.Collect$$rtexit$$00000002  c_w.l(rtexit2.o)
    0x080001dc   0x00000004   Code   RO         1135    .ARM.Collect$$rtexit$$00000003  c_w.l(rtexit2.o)
    0x080001e0   0x00000006   Code   RO         1136    .ARM.Collect$$rtexit$$00000004  c_w.l(rtexit2.o)
    0x080001e6   0x00000002   PAD
    0x080001e8   0x00000370   Code   RO            1    .text               main.o
    0x08000558   0x000000b0   Code   RO          120    .text               delay.o
    0x08000608   0x000000e0   Code   RO          134    .text               drv_adc.o
    0x080006e8   0x00000064   Code   RO          149    .text               led.o
    0x0800074c   0x000003d8   Code   RO          161    .text               myiic.o
    0x08000b24   0x0000026c   Code   RO          173    .text               nrf24l01.o
    0x08000d90   0x00000124   Code   RO          191    .text               spi.o
    0x08000eb4   0x00000078   Code   RO          203    .text               stm32f10x_it.o
    0x08000f2c   0x000000f8   Code   RO          230    .text               usart.o
    0x08001024   0x00000520   Code   RO          250    .text               usart2.o
    0x08001544   0x00000384   Code   RO          270    .text               pid.o
    0x080018c8   0x00000150   Code   RO          301    .text               pwm_output.o
    0x08001a18   0x000006e4   Code   RO          316    .text               control_200hz.o
    0x080020fc   0x000016cc   Code   RO          333    .text               inv_mpu.o
    0x080037c8   0x00000a48   Code   RO          378    .text               inv_mpu_dmp_motion_driver.o
    0x08004210   0x00000968   Code   RO          394    .text               mpu6050.o
    0x08004b78   0x0000004c   Code   RO          443    .text               startup_stm32f10x_md.o
    0x08004bc4   0x000000b0   Code   RO          447    .text               misc.o
    0x08004c74   0x000000e8   Code   RO          501    .text               stm32f10x_exti.o
    0x08004d5c   0x00000264   Code   RO          528    .text               stm32f10x_gpio.o
    0x08004fc0   0x000002b8   Code   RO          540    .text               stm32f10x_rcc.o
    0x08005278   0x00000af0   Code   RO          570    .text               stm32f10x_tim.o
    0x08005d68   0x00000328   Code   RO          583    .text               stm32f10x_usart.o
    0x08006090   0x00000274   Code   RO          595    .text               stm32f10x_spi.o
    0x08006304   0x00000330   Code   RO          607    .text               stm32f10x_adc.o
    0x08006634   0x000001c8   Code   RO          664    .text               stm32f10x_dma.o
    0x080067fc   0x00000158   Code   RO          767    .text               system_stm32f10x.o
    0x08006954   0x00000002   Code   RO          787    .text               c_w.l(use_no_semi_2.o)
    0x08006956   0x00000048   Code   RO          789    .text               c_w.l(llsdiv.o)
    0x0800699e   0x00000002   PAD
    0x080069a0   0x00000018   Code   RO          793    .text               c_w.l(noretval__2printf.o)
    0x080069b8   0x00000068   Code   RO          795    .text               c_w.l(__printf.o)
    0x08006a20   0x00000078   Code   RO          797    .text               c_w.l(_printf_dec.o)
    0x08006a98   0x00000058   Code   RO          822    .text               c_w.l(memcmp.o)
    0x08006af0   0x00000010   Code   RO          824    .text               c_w.l(aeabi_memset.o)
    0x08006b00   0x00000006   Code   RO          826    .text               c_w.l(heapauxi.o)
    0x08006b06   0x00000002   Code   RO          912    .text               c_w.l(use_no_semi.o)
    0x08006b08   0x000000ee   Code   RO          915    .text               c_w.l(lludivv7m.o)
    0x08006bf6   0x00000016   Code   RO          917    .text               c_w.l(_rserrno.o)
    0x08006c0c   0x000000b2   Code   RO          919    .text               c_w.l(_printf_intcommon.o)
    0x08006cbe   0x0000041a   Code   RO          921    .text               c_w.l(_printf_fp_dec.o)
    0x080070d8   0x00000024   Code   RO          923    .text               c_w.l(_printf_char_file.o)
    0x080070fc   0x00000044   Code   RO          926    .text               c_w.l(rt_memclr.o)
    0x08007140   0x00000008   Code   RO         1004    .text               c_w.l(rt_locale_intlibspace.o)
    0x08007148   0x00000008   Code   RO         1009    .text               c_w.l(rt_errno_addr_intlibspace.o)
    0x08007150   0x0000008a   Code   RO         1011    .text               c_w.l(lludiv10.o)
    0x080071da   0x00000002   PAD
    0x080071dc   0x00000030   Code   RO         1013    .text               c_w.l(_printf_char_common.o)
    0x0800720c   0x00000080   Code   RO         1015    .text               c_w.l(_printf_fp_infnan.o)
    0x0800728c   0x000000dc   Code   RO         1017    .text               c_w.l(bigflt0.o)
    0x08007368   0x00000008   Code   RO         1042    .text               c_w.l(ferror.o)
    0x08007370   0x0000004e   Code   RO         1049    .text               c_w.l(rt_memclr_w.o)
    0x080073be   0x00000002   PAD
    0x080073c0   0x00000008   Code   RO         1057    .text               c_w.l(libspace.o)
    0x080073c8   0x0000004a   Code   RO         1060    .text               c_w.l(sys_stackheap_outer.o)
    0x08007412   0x00000012   Code   RO         1066    .text               c_w.l(exit.o)
    0x08007424   0x00000080   Code   RO         1068    .text               c_w.l(strcmpv7m.o)
    0x080074a4   0x0000003e   Code   RO         1020    CL$$btod_d2e        c_w.l(btod.o)
    0x080074e2   0x00000046   Code   RO         1022    CL$$btod_d2e_denorm_low  c_w.l(btod.o)
    0x08007528   0x00000060   Code   RO         1021    CL$$btod_d2e_norm_op1  c_w.l(btod.o)
    0x08007588   0x00000338   Code   RO         1030    CL$$btod_div_common  c_w.l(btod.o)
    0x080078c0   0x000000c6   Code   RO         1027    CL$$btod_e2e        c_w.l(btod.o)
    0x08007986   0x00000028   Code   RO         1024    CL$$btod_ediv       c_w.l(btod.o)
    0x080079ae   0x00000028   Code   RO         1023    CL$$btod_emul       c_w.l(btod.o)
    0x080079d6   0x00000244   Code   RO         1029    CL$$btod_mult_common  c_w.l(btod.o)
    0x08007c1a   0x00000028   Code   RO          969    i.__ARM_fpclassify  m_ws.l(fpclassify.o)
    0x08007c42   0x000000aa   Code   RO          971    i.__kernel_poly     m_ws.l(poly.o)
    0x08007cec   0x00000006   Code   RO          956    i.__mathlib_dbl_infnan  m_ws.l(dunder.o)
    0x08007cf2   0x00000004   Code   RO          957    i.__mathlib_dbl_infnan2  m_ws.l(dunder.o)
    0x08007cf6   0x0000000c   Code   RO          958    i.__mathlib_dbl_invalid  m_ws.l(dunder.o)
    0x08007d02   0x00000002   PAD
    0x08007d04   0x00000010   Code   RO          961    i.__mathlib_dbl_underflow  m_ws.l(dunder.o)
    0x08007d14   0x00000270   Code   RO          895    i.asin              m_ws.l(asin.o)
    0x08007f84   0x00000220   Code   RO          946    i.atan              m_ws.l(atan.o)
    0x080081a4   0x00000180   Code   RO          905    i.atan2             m_ws.l(atan2.o)
    0x08008324   0x0000004c   Code   RO          975    i.sqrt              m_ws.l(sqrt.o)
    0x08008370   0x0000002c   Code   RO         1047    locale$$code        c_w.l(lc_numeric_c.o)
    0x0800839c   0x00000062   Code   RO          830    x$fpl$d2f           fz_ws.l(d2f.o)
    0x080083fe   0x00000002   PAD
    0x08008400   0x00000150   Code   RO          832    x$fpl$dadd          fz_ws.l(daddsub_clz.o)
    0x08008550   0x00000010   Code   RO          928    x$fpl$dcheck1       fz_ws.l(dcheck1.o)
    0x08008560   0x00000018   Code   RO          930    x$fpl$dcmpinf       fz_ws.l(dcmpi.o)
    0x08008578   0x000002b0   Code   RO          839    x$fpl$ddiv          fz_ws.l(ddiv.o)
    0x08008828   0x0000005a   Code   RO          842    x$fpl$dfixu         fz_ws.l(dfixu.o)
    0x08008882   0x0000002e   Code   RO          847    x$fpl$dflt          fz_ws.l(dflt_clz.o)
    0x080088b0   0x00000078   Code   RO          852    x$fpl$dleqf         fz_ws.l(dleqf.o)
    0x08008928   0x00000154   Code   RO          854    x$fpl$dmul          fz_ws.l(dmul.o)
    0x08008a7c   0x0000009c   Code   RO          932    x$fpl$dnaninf       fz_ws.l(dnaninf.o)
    0x08008b18   0x0000000c   Code   RO          934    x$fpl$dretinf       fz_ws.l(dretinf.o)
    0x08008b24   0x00000016   Code   RO          833    x$fpl$drsb          fz_ws.l(daddsub_clz.o)
    0x08008b3a   0x00000002   PAD
    0x08008b3c   0x000001cc   Code   RO         1051    x$fpl$dsqrt         fz_ws.l(dsqrt_noumaal.o)
    0x08008d08   0x000001d4   Code   RO          834    x$fpl$dsub          fz_ws.l(daddsub_clz.o)
    0x08008edc   0x00000056   Code   RO          856    x$fpl$f2d           fz_ws.l(f2d.o)
    0x08008f32   0x00000002   PAD
    0x08008f34   0x000000c4   Code   RO          858    x$fpl$fadd          fz_ws.l(faddsub_clz.o)
    0x08008ff8   0x0000000c   Code   RO          936    x$fpl$fcheck1       fz_ws.l(fcheck1.o)
    0x08009004   0x00000018   Code   RO          938    x$fpl$fcmpinf       fz_ws.l(fcmpi.o)
    0x0800901c   0x00000184   Code   RO          865    x$fpl$fdiv          fz_ws.l(fdiv.o)
    0x080091a0   0x00000036   Code   RO          868    x$fpl$ffix          fz_ws.l(ffix.o)
    0x080091d6   0x00000002   PAD
    0x080091d8   0x0000003e   Code   RO          872    x$fpl$ffixu         fz_ws.l(ffixu.o)
    0x08009216   0x00000002   PAD
    0x08009218   0x00000030   Code   RO          877    x$fpl$fflt          fz_ws.l(fflt_clz.o)
    0x08009248   0x00000026   Code   RO          876    x$fpl$ffltu         fz_ws.l(fflt_clz.o)
    0x0800926e   0x00000002   PAD
    0x08009270   0x00000068   Code   RO          882    x$fpl$fleqf         fz_ws.l(fleqf.o)
    0x080092d8   0x00000102   Code   RO          884    x$fpl$fmul          fz_ws.l(fmul.o)
    0x080093da   0x0000008c   Code   RO          940    x$fpl$fnaninf       fz_ws.l(fnaninf.o)
    0x08009466   0x0000000a   Code   RO          942    x$fpl$fretinf       fz_ws.l(fretinf.o)
    0x08009470   0x00000062   Code   RO          886    x$fpl$frleqf        fz_ws.l(frleqf.o)
    0x080094d2   0x00000014   Code   RO          859    x$fpl$frsb          fz_ws.l(faddsub_clz.o)
    0x080094e6   0x00000002   PAD
    0x080094e8   0x000000ea   Code   RO          860    x$fpl$fsub          fz_ws.l(faddsub_clz.o)
    0x080095d2   0x00000004   Code   RO          888    x$fpl$printf1       fz_ws.l(printf1.o)
    0x080095d6   0x00000064   Code   RO         1055    x$fpl$retnan        fz_ws.l(retnan.o)
    0x0800963a   0x0000005c   Code   RO          890    x$fpl$scalbn        fz_ws.l(scalbn.o)
    0x08009696   0x0000004c   Code   RO          892    x$fpl$scalbnf       fz_ws.l(scalbnf.o)
    0x080096e2   0x00000030   Code   RO         1121    x$fpl$trapveneer    fz_ws.l(trapv.o)
    0x08009712   0x00000000   Code   RO          944    x$fpl$usenofp       fz_ws.l(usenofp.o)
    0x08009712   0x0000000c   Data   RO          334    .constdata          inv_mpu.o
    0x0800971e   0x0000001b   Data   RO          335    .constdata          inv_mpu.o
    0x08009739   0x00000003   PAD
    0x0800973c   0x00000028   Data   RO          336    .constdata          inv_mpu.o
    0x08009764   0x00000bf6   Data   RO          380    .constdata          inv_mpu_dmp_motion_driver.o
    0x0800a35a   0x00000006   PAD
    0x0800a360   0x00000050   Data   RO          896    .constdata          m_ws.l(asin.o)
    0x0800a3b0   0x00000098   Data   RO          947    .constdata          m_ws.l(atan.o)
    0x0800a448   0x00000008   Data   RO          973    .constdata          m_ws.l(qnan.o)
    0x0800a450   0x00000094   Data   RO         1018    .constdata          c_w.l(bigflt0.o)
    0x0800a4e4   0x0000004e   Data   RO          337    .conststring        inv_mpu.o
    0x0800a532   0x00000002   PAD
    0x0800a534   0x00000020   Data   RO         1202    Region$$Table       anon$$obj.o
    0x0800a554   0x0000001c   Data   RO         1046    locale$$data        c_w.l(lc_numeric_c.o)


    Execution Region RW_IRAM1 (Base: 0x20000000, Size: 0x00000970, Max: 0x00005000, ABSOLUTE, COMPRESSED[0x00000040])

    Base Addr    Size         Type   Attr      Idx    E Section Name        Object

    0x20000000   0x00000004   Data   RW            2    .data               main.o
    0x20000004   0x00000001   Data   RW            3    .data               main.o
    0x20000005   0x00000003   PAD
    0x20000008   0x00000010   Data   RW          121    .data               delay.o
    0x20000018   0x00000002   Data   RW          135    .data               drv_adc.o
    0x2000001a   0x00000005   Data   RW          176    .data               nrf24l01.o
    0x2000001f   0x00000001   PAD
    0x20000020   0x00000008   Data   RW          204    .data               stm32f10x_it.o
    0x20000028   0x00000004   Data   RW          232    .data               usart.o
    0x2000002c   0x00000020   Data   RW          254    .data               usart2.o
    0x2000004c   0x00000074   Data   RW          271    .data               pid.o
    0x200000c0   0x00000004   Data   RW          281    .data               pid.o
    0x200000c4   0x00000004   Data   RW          282    .data               pid.o
    0x200000c8   0x00000008   Data   RW          302    .data               pwm_output.o
    0x200000d0   0x00000048   Data   RW          317    .data               control_200hz.o
    0x20000118   0x00000004   Data   RW          318    .data               control_200hz.o
    0x2000011c   0x0000002c   Data   RW          338    .data               inv_mpu.o
    0x20000148   0x00000065   Data   RW          400    .data               mpu6050.o
    0x200001ad   0x00000001   Data   RW          401    .data               mpu6050.o
    0x200001ae   0x00000014   Data   RW          541    .data               stm32f10x_rcc.o
    0x200001c2   0x00000002   PAD
    0x200001c4   0x00000014   Data   RW          768    .data               system_stm32f10x.o
    0x200001d8   0x00000020   Zero   RW          174    .bss                nrf24l01.o
    0x200001f8   0x00000040   Zero   RW          252    .bss                usart2.o
    0x20000238   0x00000010   Zero   RW          379    .bss                inv_mpu_dmp_motion_driver.o
    0x20000248   0x000000c8   Zero   RW          396    .bss                mpu6050.o
    0x20000310   0x00000060   Zero   RW         1058    .bss                c_w.l(libspace.o)
    0x20000370   0x00000200   Zero   RW          441    HEAP                startup_stm32f10x_md.o
    0x20000570   0x00000400   Zero   RW          440    STACK               startup_stm32f10x_md.o


==============================================================================

Image component sizes


      Code (inc. data)   RO Data    RW Data    ZI Data      Debug   Object Name

      1764        138          0         76          0       4666   control_200hz.o
         0          0          0          0          0         32   core_cm3.o
       176          4          0         16          0       1333   delay.o
       224         16          0          2          0       1366   drv_adc.o
      5836        166        157         44          0      22376   inv_mpu.o
      2632        120       3062          0         16      15441   inv_mpu_dmp_motion_driver.o
       100          6          0          0          0        776   led.o
       880        174          0          5          0     281869   main.o
       176         14          0          0          0       2021   misc.o
      2408        786          0        102        200       8036   mpu6050.o
       984          8          0          0          0       5000   myiic.o
       620         24          0          5         32       3949   nrf24l01.o
       900        132          0        124          0       4602   pid.o
       336         18          0          8          0       1812   pwm_output.o
       292         16          0          0          0        927   spi.o
        76         30        236          0       1536        840   startup_stm32f10x_md.o
       816         24          0          0          0      11473   stm32f10x_adc.o
       456         10          0          0          0       4774   stm32f10x_dma.o
       232          8          0          0          0       2527   stm32f10x_exti.o
       612         36          0          0          0       6149   stm32f10x_gpio.o
       120         14          0          8          0       2623   stm32f10x_it.o
       696         32          0         20          0       9188   stm32f10x_rcc.o
       628         14          0          0          0       7174   stm32f10x_spi.o
      2800         84          0          0          0      24086   stm32f10x_tim.o
       808         22          0          0          0       9012   stm32f10x_usart.o
       344         34          0         20          0       2043   system_stm32f10x.o
       248         12          0          4          0       3704   usart.o
      1312        118          0         32         64       3916   usart2.o

    ----------------------------------------------------------------------
     26476       2060       3498        472       1848     441715   Object Totals
         0          0         32          0          0          0   (incl. Generated)
         0          0         11          6          0          0   (incl. Padding)

    ----------------------------------------------------------------------

      Code (inc. data)   RO Data    RW Data    ZI Data      Debug   Library Member Name

        90          0          0          0          0          0   __dczerorl2.o
         8          0          0          0          0         68   __main.o
       104          0          0          0          0         84   __printf.o
         0          0          0          0          0          0   __rtentry.o
        12          0          0          0          0          0   __rtentry2.o
         6          0          0          0          0          0   __rtentry4.o
        52          8          0          0          0          0   __scatter.o
        28          0          0          0          0          0   __scatter_zi.o
        48          6          0          0          0         96   _printf_char_common.o
        36          4          0          0          0         80   _printf_char_file.o
         6          0          0          0          0          0   _printf_d.o
       120         16          0          0          0         92   _printf_dec.o
         6          0          0          0          0          0   _printf_f.o
      1050          0          0          0          0        216   _printf_fp_dec.o
       128         16          0          0          0         84   _printf_fp_infnan.o
       178          0          0          0          0         88   _printf_intcommon.o
         0          0          0          0          0          0   _printf_percent.o
         4          0          0          0          0          0   _printf_percent_end.o
        22          0          0          0          0        100   _rserrno.o
        16          0          0          0          0         68   aeabi_memset.o
       220          4        148          0          0         96   bigflt0.o
      1910        128          0          0          0        672   btod.o
        18          0          0          0          0         80   exit.o
         8          0          0          0          0         68   ferror.o
         6          0          0          0          0        152   heapauxi.o
        44         10         28          0          0         76   lc_numeric_c.o
         2          0          0          0          0          0   libinit.o
        18          0          0          0          0          0   libinit2.o
         2          0          0          0          0          0   libshutdown.o
         2          0          0          0          0          0   libshutdown2.o
         8          4          0          0         96         68   libspace.o
        72          0          0          0          0         76   llsdiv.o
       138          0          0          0          0         80   lludiv10.o
       238          0          0          0          0        100   lludivv7m.o
        88          0          0          0          0         76   memcmp.o
        24          4          0          0          0         84   noretval__2printf.o
         8          4          0          0          0         68   rt_errno_addr_intlibspace.o
         8          4          0          0          0         68   rt_locale_intlibspace.o
        68          0          0          0          0         68   rt_memclr.o
        78          0          0          0          0         80   rt_memclr_w.o
         2          0          0          0          0          0   rtexit.o
        10          0          0          0          0          0   rtexit2.o
       128          0          0          0          0         68   strcmpv7m.o
        74          0          0          0          0         80   sys_stackheap_outer.o
         2          0          0          0          0         68   use_no_semi.o
         2          0          0          0          0         68   use_no_semi_2.o
        98          4          0          0          0         92   d2f.o
       826         16          0          0          0        348   daddsub_clz.o
        16          4          0          0          0         68   dcheck1.o
        24          0          0          0          0         68   dcmpi.o
       688        140          0          0          0        208   ddiv.o
        90          4          0          0          0         92   dfixu.o
        46          0          0          0          0         68   dflt_clz.o
       120          4          0          0          0         92   dleqf.o
       340         12          0          0          0        104   dmul.o
       156          4          0          0          0         92   dnaninf.o
        12          0          0          0          0         68   dretinf.o
       460         56          0          0          0        120   dsqrt_noumaal.o
        86          4          0          0          0         84   f2d.o
       450          8          0          0          0        236   faddsub_clz.o
        12          4          0          0          0         68   fcheck1.o
        24          0          0          0          0         68   fcmpi.o
       388         76          0          0          0         96   fdiv.o
        54          4          0          0          0         84   ffix.o
        62          4          0          0          0         84   ffixu.o
        86          0          0          0          0        136   fflt_clz.o
       104          4          0          0          0         84   fleqf.o
       258          4          0          0          0         84   fmul.o
       140          4          0          0          0         84   fnaninf.o
        10          0          0          0          0         68   fretinf.o
        98          0          0          0          0         68   frleqf.o
         4          0          0          0          0         68   printf1.o
       100          0          0          0          0         68   retnan.o
        92          0          0          0          0         68   scalbn.o
        76          0          0          0          0         68   scalbnf.o
        48          0          0          0          0         68   trapv.o
         0          0          0          0          0          0   usenofp.o
       624         52         80          0          0        168   asin.o
       544         70        152          0          0        124   atan.o
       384         38          0          0          0        144   atan2.o
        38          6          0          0          0        272   dunder.o
        40          0          0          0          0         68   fpclassify.o
       170          0          0          0          0         96   poly.o
         0          0          8          0          0          0   qnan.o
        76          0          0          0          0         84   sqrt.o

    ----------------------------------------------------------------------
     11962        730        416          0         96       7132   Library Totals
        26          0          0          0          0          0   (incl. Padding)

    ----------------------------------------------------------------------

      Code (inc. data)   RO Data    RW Data    ZI Data      Debug   Library Name

      5092        208        176          0         96       3172   c_w.l
      4968        356          0          0          0       3004   fz_ws.l
      1876        166        240          0          0        956   m_ws.l

    ----------------------------------------------------------------------
     11962        730        416          0         96       7132   Library Totals

    ----------------------------------------------------------------------

==============================================================================


      Code (inc. data)   RO Data    RW Data    ZI Data      Debug   

     38438       2790       3914        472       1944     441459   Grand Totals
     38438       2790       3914         64       1944     441459   ELF Image Totals (compressed)
     38438       2790       3914         64          0          0   ROM Totals

==============================================================================

    Total RO  Size (Code + RO Data)                42352 (  41.36kB)
    Total RW  Size (RW Data + ZI Data)              2416 (   2.36kB)
    Total ROM Size (Code + RO Data + RW Data)      42416 (  41.42kB)

==============================================================================

