ARM Linker, 4.1 [Build 481] [Evaluation]

==============================================================================

Section Cross References

    main.o(.text) refers to pwm_output.o(.text) for timer2_init
    main.o(.text) refers to misc.o(.text) for NVIC_SetVectorTable
    main.o(.text) refers to delay.o(.text) for delay_init
    main.o(.text) refers to oled.o(.text) for OLED_Init
    main.o(.text) refers to fr905.o(.text) for nRF905Init
    main.o(.text) refers to tim3_control_period.o(.text) for tim3_init
    main.o(.text) refers to mpu6050.o(.text) for MPU6050_Init
    main.o(.text) refers to pwm_output.o(.data) for CCR1_Val
    main.o(.text) refers to main.o(.data) for .data
    stm32f10x_it.o(.text) refers to tim3_control_period.o(.text) for my_tim3_IRQHandler
    system_stm32f10x.o(.text) refers to system_stm32f10x.o(.data) for .data
    oled.o(.text) refers to stm32f10x_gpio.o(.text) for GPIO_SetBits
    oled.o(.text) refers to oled.o(.data) for .data
    oled.o(.text) refers to oled.o(.constdata) for .constdata
    oled.o(.text) refers to stm32f10x_rcc.o(.text) for RCC_APB2PeriphClockCmd
    oled.o(.text) refers to delay.o(.text) for delay_ms
    delay.o(.text) refers to delay.o(.data) for .data
    myiic.o(.text) refers to delay.o(.text) for delay_us
    myiic.o(.text) refers to stm32f10x_rcc.o(.text) for RCC_APB2PeriphClockCmd
    myiic.o(.text) refers to stm32f10x_gpio.o(.text) for GPIO_Init
    fr905.o(.text) refers to delay.o(.text) for delay_us
    fr905.o(.text) refers to stm32f10x_rcc.o(.text) for RCC_APB2PeriphClockCmd
    fr905.o(.text) refers to stm32f10x_gpio.o(.text) for GPIO_Init
    fr905.o(.text) refers to fr905.o(.data) for .data
    usart.o(.text) refers (Special) to use_no_semi_2.o(.text) for __use_no_semihosting
    usart.o(.text) refers to stm32f10x_rcc.o(.text) for RCC_APB2PeriphClockCmd
    usart.o(.text) refers to stm32f10x_gpio.o(.text) for GPIO_Init
    usart.o(.text) refers to stm32f10x_usart.o(.text) for USART_Init
    usart.o(.data) refers (Special) to use_no_semi_2.o(.text) for __use_no_semihosting
    startup_stm32f10x_md.o(STACK) refers (Special) to heapauxi.o(.text) for __use_two_region_memory
    startup_stm32f10x_md.o(HEAP) refers (Special) to heapauxi.o(.text) for __use_two_region_memory
    startup_stm32f10x_md.o(RESET) refers (Special) to heapauxi.o(.text) for __use_two_region_memory
    startup_stm32f10x_md.o(RESET) refers to startup_stm32f10x_md.o(STACK) for __initial_sp
    startup_stm32f10x_md.o(RESET) refers to startup_stm32f10x_md.o(.text) for Reset_Handler
    startup_stm32f10x_md.o(RESET) refers to stm32f10x_it.o(.text) for NMI_Handler
    startup_stm32f10x_md.o(.text) refers (Special) to heapauxi.o(.text) for __use_two_region_memory
    startup_stm32f10x_md.o(.text) refers to system_stm32f10x.o(.text) for SystemInit
    startup_stm32f10x_md.o(.text) refers to __main.o(!!!main) for __main
    startup_stm32f10x_md.o(.text) refers to startup_stm32f10x_md.o(HEAP) for Heap_Mem
    startup_stm32f10x_md.o(.text) refers to startup_stm32f10x_md.o(STACK) for Stack_Mem
    stm32f10x_cec.o(.text) refers to stm32f10x_rcc.o(.text) for RCC_APB1PeriphResetCmd
    stm32f10x_gpio.o(.text) refers to stm32f10x_rcc.o(.text) for RCC_APB2PeriphResetCmd
    stm32f10x_i2c.o(.text) refers to stm32f10x_rcc.o(.text) for RCC_APB1PeriphResetCmd
    stm32f10x_pwr.o(.text) refers to stm32f10x_rcc.o(.text) for RCC_APB1PeriphResetCmd
    stm32f10x_rcc.o(.text) refers to stm32f10x_rcc.o(.data) for .data
    stm32f10x_tim.o(.text) refers to stm32f10x_rcc.o(.text) for RCC_APB1PeriphResetCmd
    stm32f10x_usart.o(.text) refers to stm32f10x_rcc.o(.text) for RCC_APB2PeriphResetCmd
    pid.o(.text) refers to faddsub_clz.o(x$fpl$fadd) for __aeabi_fadd
    pid.o(.text) refers to mpu6050.o(.bss) for w_and_angle
    pid.o(.text) refers to pid.o(.data) for .data
    pwm_output.o(.text) refers to stm32f10x_rcc.o(.text) for RCC_APB1PeriphClockCmd
    pwm_output.o(.text) refers to stm32f10x_gpio.o(.text) for GPIO_Init
    pwm_output.o(.text) refers to stm32f10x_tim.o(.text) for TIM_TimeBaseInit
    pwm_output.o(.text) refers to pwm_output.o(.data) for .data
    tim3_control_period.o(.text) refers to stm32f10x_rcc.o(.text) for RCC_APB1PeriphClockCmd
    tim3_control_period.o(.text) refers to stm32f10x_tim.o(.text) for TIM_TimeBaseInit
    tim3_control_period.o(.text) refers to stm32f10x_gpio.o(.text) for GPIO_ReadOutputDataBit
    tim3_control_period.o(.text) refers to mpu6050.o(.text) for MPU6050_Pose
    tim3_control_period.o(.text) refers to pid.o(.text) for PID_calculate
    tim3_control_period.o(.text) refers to fflt_clz.o(x$fpl$ffltu) for __aeabi_ui2f
    tim3_control_period.o(.text) refers to faddsub_clz.o(x$fpl$fsub) for __aeabi_fsub
    tim3_control_period.o(.text) refers to ffixu.o(x$fpl$ffixu) for __aeabi_f2uiz
    tim3_control_period.o(.text) refers to faddsub_clz.o(x$fpl$fadd) for __aeabi_fadd
[...]
    ../../sqrt.c                             0x00000000   Number         0  sqrt_x.o ABSOLUTE
    ../../sqrt.c                             0x00000000   Number         0  sqrt.o ABSOLUTE
    ../../stdlib.c                           0x00000000   Number         0  exit.o ABSOLUTE
    ../../string.c                           0x00000000   Number         0  memcmp.o ABSOLUTE
    ../../trapv.s                            0x00000000   Number         0  trapv.o ABSOLUTE
    ../../usenofp.s                          0x00000000   Number         0  usenofp.o ABSOLUTE
    ..\CORE\core_cm3.c                       0x00000000   Number         0  core_cm3.o ABSOLUTE
    ..\CORE\startup_stm32f10x_md.s           0x00000000   Number         0  startup_stm32f10x_md.o ABSOLUTE
    ..\MPU6050_Lib\src\MPU6050.c             0x00000000   Number         0  mpu6050.o ABSOLUTE
    ..\MPU6050_Lib\src\inv_mpu.c             0x00000000   Number         0  inv_mpu.o ABSOLUTE
    ..\MPU6050_Lib\src\inv_mpu_dmp_motion_driver.c 0x00000000   Number         0  inv_mpu_dmp_motion_driver.o ABSOLUTE
    ..\STM32F10x_FWLib\src\misc.c            0x00000000   Number         0  misc.o ABSOLUTE
    ..\STM32F10x_FWLib\src\stm32f10x_cec.c   0x00000000   Number         0  stm32f10x_cec.o ABSOLUTE
    ..\STM32F10x_FWLib\src\stm32f10x_crc.c   0x00000000   Number         0  stm32f10x_crc.o ABSOLUTE
    ..\STM32F10x_FWLib\src\stm32f10x_dbgmcu.c 0x00000000   Number         0  stm32f10x_dbgmcu.o ABSOLUTE
    ..\STM32F10x_FWLib\src\stm32f10x_exti.c  0x00000000   Number         0  stm32f10x_exti.o ABSOLUTE
    ..\STM32F10x_FWLib\src\stm32f10x_flash.c 0x00000000   Number         0  stm32f10x_flash.o ABSOLUTE
    ..\STM32F10x_FWLib\src\stm32f10x_fsmc.c  0x00000000   Number         0  stm32f10x_fsmc.o ABSOLUTE
    ..\STM32F10x_FWLib\src\stm32f10x_gpio.c  0x00000000   Number         0  stm32f10x_gpio.o ABSOLUTE
    ..\STM32F10x_FWLib\src\stm32f10x_i2c.c   0x00000000   Number         0  stm32f10x_i2c.o ABSOLUTE
    ..\STM32F10x_FWLib\src\stm32f10x_pwr.c   0x00000000   Number         0  stm32f10x_pwr.o ABSOLUTE
    ..\STM32F10x_FWLib\src\stm32f10x_rcc.c   0x00000000   Number         0  stm32f10x_rcc.o ABSOLUTE
    ..\STM32F10x_FWLib\src\stm32f10x_rtc.c   0x00000000   Number         0  stm32f10x_rtc.o ABSOLUTE
    ..\STM32F10x_FWLib\src\stm32f10x_sdio.c  0x00000000   Number         0  stm32f10x_sdio.o ABSOLUTE
    ..\STM32F10x_FWLib\src\stm32f10x_tim.c   0x00000000   Number         0  stm32f10x_tim.o ABSOLUTE
    ..\STM32F10x_FWLib\src\stm32f10x_usart.c 0x00000000   Number         0  stm32f10x_usart.o ABSOLUTE
    ..\\CORE\\core_cm3.c                     0x00000000   Number         0  core_cm3.o ABSOLUTE
    ..\mylib\PID.c                           0x00000000   Number         0  pid.o ABSOLUTE
    ..\mylib\PWM_output.c                    0x00000000   Number         0  pwm_output.o ABSOLUTE
    ..\mylib\Tim3_control_period.c           0x00000000   Number         0  tim3_control_period.o ABSOLUTE
    FR905.c                                  0x00000000   Number         0  fr905.o ABSOLUTE
    dc.s                                     0x00000000   Number         0  dc.o ABSOLUTE
    delay.c                                  0x00000000   Number         0  delay.o ABSOLUTE
    main.c                                   0x00000000   Number         0  main.o ABSOLUTE
    myiic.c                                  0x00000000   Number         0  myiic.o ABSOLUTE
    oled.c                                   0x00000000   Number         0  oled.o ABSOLUTE
    stm32f10x_it.c                           0x00000000   Number         0  stm32f10x_it.o ABSOLUTE
    system_stm32f10x.c                       0x00000000   Number         0  system_stm32f10x.o ABSOLUTE
    usart.c                                  0x00000000   Number         0  usart.o ABSOLUTE
    RESET                                    0x08000000   Section      236  startup_stm32f10x_md.o(RESET)
    !!!main                                  0x080000ec   Section        8  __main.o(!!!main)
    !!!scatter                               0x080000f4   Section       52  __scatter.o(!!!scatter)
    !!dczerorl2                              0x08000128   Section       90  __dczerorl2.o(!!dczerorl2)
    !!handler_zi                             0x08000184   Section       28  __scatter_zi.o(!!handler_zi)
    .ARM.Collect$$libinit$$00000000          0x080001a0   Section        6  libinit.o(.ARM.Collect$$libinit$$00000000)
    .ARM.Collect$$libinit$$00000006          0x080001a6   Section        0  libinit2.o(.ARM.Collect$$libinit$$00000006)
    .ARM.Collect$$libinit$$00000008          0x080001a6   Section        0  libinit2.o(.ARM.Collect$$libinit$$00000008)
    .ARM.Collect$$libinit$$0000000A          0x080001a6   Section        0  libinit2.o(.ARM.Collect$$libinit$$0000000A)
    .ARM.Collect$$libinit$$0000000D          0x080001a6   Section        0  libinit2.o(.ARM.Collect$$libinit$$0000000D)
    .ARM.Collect$$libinit$$0000000F          0x080001a6   Section        0  libinit2.o(.ARM.Collect$$libinit$$0000000F)
    .ARM.Collect$$libinit$$00000011          0x080001a6   Section        0  libinit2.o(.ARM.Collect$$libinit$$00000011)
    .ARM.Collect$$libinit$$00000013          0x080001a6   Section        0  libinit2.o(.ARM.Collect$$libinit$$00000013)
    .ARM.Collect$$libinit$$00000015          0x080001a6   Section        0  libinit2.o(.ARM.Collect$$libinit$$00000015)
    .ARM.Collect$$libinit$$00000017          0x080001a6   Section        0  libinit2.o(.ARM.Collect$$libinit$$00000017)
    .ARM.Collect$$libinit$$00000019          0x080001a6   Section        0  libinit2.o(.ARM.Collect$$libinit$$00000019)
    .ARM.Collect$$libinit$$0000001B          0x080001a6   Section        0  libinit2.o(.ARM.Collect$$libinit$$0000001B)
    .ARM.Collect$$libinit$$0000001D          0x080001a6   Section        0  libinit2.o(.ARM.Collect$$libinit$$0000001D)
    .ARM.Collect$$libinit$$0000001F          0x080001a6   Section        0  libinit2.o(.ARM.Collect$$libinit$$0000001F)
    .ARM.Collect$$libinit$$00000021          0x080001a6   Section        0  libinit2.o(.ARM.Collect$$libinit$$00000021)
    .ARM.Collect$$libinit$$00000028          0x080001a6   Section        0  libinit2.o(.ARM.Collect$$libinit$$00000028)
    .ARM.Collect$$libinit$$0000002A          0x080001a6   Section        0  libinit2.o(.ARM.Collect$$libinit$$0000002A)
    .ARM.Collect$$libinit$$0000002C          0x080001a6   Section        0  libinit2.o(.ARM.Collect$$libinit$$0000002C)
    .ARM.Collect$$libinit$$0000002E          0x080001a6   Section        0  libinit2.o(.ARM.Collect$$libinit$$0000002E)
    .ARM.Collect$$libinit$$0000002F          0x080001a6   Section        2  libinit2.o(.ARM.Collect$$libinit$$0000002F)
    .ARM.Collect$$libshutdown$$00000000      0x080001a8   Section        2  libshutdown.o(.ARM.Collect$$libshutdown$$00000000)
    .ARM.Collect$$libshutdown$$00000003      0x080001aa   Section        0  libshutdown2.o(.ARM.Collect$$libshutdown$$00000003)
    .ARM.Collect$$libshutdown$$00000006      0x080001aa   Section        0  libshutdown2.o(.ARM.Collect$$libshutdown$$00000006)
    .ARM.Collect$$libshutdown$$00000009      0x080001aa   Section        0  libshutdown2.o(.ARM.Collect$$libshutdown$$00000009)
    .ARM.Collect$$libshutdown$$0000000B      0x080001aa   Section        0  libshutdown2.o(.ARM.Collect$$libshutdown$$0000000B)
    .ARM.Collect$$libshutdown$$0000000E      0x080001aa   Section        0  libshutdown2.o(.ARM.Collect$$libshutdown$$0000000E)
    .ARM.Collect$$libshutdown$$0000000F      0x080001aa   Section        2  libshutdown2.o(.ARM.Collect$$libshutdown$$0000000F)
    .ARM.Collect$$rtentry$$00000000          0x080001ac   Section        0  rtentry.o(.ARM.Collect$$rtentry$$00000000)
    .ARM.Collect$$rtentry$$00000002          0x080001ac   Section        0  rtentry2.o(.ARM.Collect$$rtentry$$00000002)
    .ARM.Collect$$rtentry$$00000004          0x080001ac   Section        6  rtentry4.o(.ARM.Collect$$rtentry$$00000004)
    .ARM.Collect$$rtentry$$00000009          0x080001b2   Section        0  rtentry2.o(.ARM.Collect$$rtentry$$00000009)
    .ARM.Collect$$rtentry$$0000000A          0x080001b2   Section        4  rtentry2.o(.ARM.Collect$$rtentry$$0000000A)
    .ARM.Collect$$rtentry$$0000000C          0x080001b6   Section        0  rtentry2.o(.ARM.Collect$$rtentry$$0000000C)
    .ARM.Collect$$rtentry$$0000000D          0x080001b6   Section        8  rtentry2.o(.ARM.Collect$$rtentry$$0000000D)
    .ARM.Collect$$rtexit$$00000000           0x080001be   Section        2  rtexit.o(.ARM.Collect$$rtexit$$00000000)
    .ARM.Collect$$rtexit$$00000002           0x080001c0   Section        0  rtexit2.o(.ARM.Collect$$rtexit$$00000002)
    .ARM.Collect$$rtexit$$00000003           0x080001c0   Section        4  rtexit2.o(.ARM.Collect$$rtexit$$00000003)
    .ARM.Collect$$rtexit$$00000004           0x080001c4   Section        6  rtexit2.o(.ARM.Collect$$rtexit$$00000004)
    .text                                    0x080001cc   Section        0  main.o(.text)
    .text                                    0x080002d4   Section        0  stm32f10x_it.o(.text)
    .text                                    0x080002f0   Section        0  system_stm32f10x.o(.text)
    SetSysClockTo72                          0x08000387   Thumb Code   138  system_stm32f10x.o(.text)
    .text                                    0x08000430   Section        0  oled.o(.text)
    .text                                    0x08000b3c   Section        0  delay.o(.text)
    .text                                    0x08000ba4   Section        0  myiic.o(.text)
    .text                                    0x08000ef4   Section        0  fr905.o(.text)
    .text                                    0x08001190   Section        0  usart.o(.text)
    .text                                    0x0800134c   Section       64  startup_stm32f10x_md.o(.text)
    .text                                    0x0800138c   Section        0  misc.o(.text)
    .text                                    0x08001440   Section        0  stm32f10x_gpio.o(.text)
    .text                                    0x080016a8   Section        0  stm32f10x_rcc.o(.text)
    .text                                    0x08001964   Section        0  stm32f10x_tim.o(.text)
    TI2_Config                               0x08001cdf   Thumb Code    98  stm32f10x_tim.o(.text)
    TI1_Config                               0x08001d91   Thumb Code    84  stm32f10x_tim.o(.text)
    .text                                    0x080023d8   Section        0  stm32f10x_usart.o(.text)
    .text                                    0x08002708   Section        0  pid.o(.text)
    .text                                    0x08002744   Section        0  pwm_output.o(.text)
    .text                                    0x0800281c   Section        0  tim3_control_period.o(.text)
    .text                                    0x08002a20   Section        0  inv_mpu.o(.text)
    set_int_enable                           0x08002bd7   Thumb Code    80  inv_mpu.o(.text)
    get_st_biases                            0x0800313d   Thumb Code   772  inv_mpu.o(.text)
    gyro_self_test                           0x08004025   Thumb Code   192  inv_mpu.o(.text)
    accel_self_test                          0x080040e5   Thumb Code   134  inv_mpu.o(.text)
    get_accel_prod_shift                     0x0800416b   Thumb Code   160  inv_mpu.o(.text)
    .text                                    0x08004224   Section        0  inv_mpu_dmp_motion_driver.o(.text)
    .text                                    0x08004c94   Section        0  mpu6050.o(.text)
    .text                                    0x08005214   Section        2  use_no_semi_2.o(.text)
    .text                                    0x08005216   Section       72  llsdiv.o(.text)
    .text                                    0x0800525e   Section        0  memcmp.o(.text)
    .text                                    0x080052ac   Section       16  aeabi_memset.o(.text)
    .text                                    0x080052bc   Section        0  heapauxi.o(.text)
    .text                                    0x080052c2   Section        2  use_no_semi.o(.text)
    .text                                    0x080052c4   Section      238  lludivv7m.o(.text)
    .text                                    0x080053b2   Section        0  _rserrno.o(.text)
    .text                                    0x080053c8   Section       68  rt_memclr.o(.text)
    .text                                    0x0800540c   Section       12  rt_errno_addr_intlibspace.o(.text)
    .text                                    0x08005418   Section       78  rt_memclr_w.o(.text)
    .text                                    0x08005468   Section        8  libspace.o(.text)
    .text                                    0x08005470   Section       74  sys_stackheap_outer.o(.text)
    .text                                    0x080054ba   Section        0  exit.o(.text)
    .text                                    0x080054c8   Section       12  rt_fp_status_addr_intlibspace.o(.text)
    i.__ARM_fpclassify                       0x080054d4   Section        0  fpclassify.o(i.__ARM_fpclassify)
    i.__kernel_poly                          0x080054fc   Section        0  poly.o(i.__kernel_poly)
    i.__mathlib_dbl_underflow                0x080055a8   Section        0  dunder.o(i.__mathlib_dbl_underflow)
    i.asin                                   0x080055b8   Section        0  asin.o(i.asin)
    i.atan                                   0x08005838   Section        0  atan.o(i.atan)
    i.atan2                                  0x08005a5c   Section        0  atan2.o(i.atan2)
    i.sqrt                                   0x08005bdc   Section        0  sqrt.o(i.sqrt)
    x$fpl$d2f                                0x08005c28   Section       98  d2f.o(x$fpl$d2f)
    x$fpl$dadd                               0x08005c8c   Section      332  daddsub_clz.o(x$fpl$dadd)
    _dadd1                                   0x08005c9d   Thumb Code     0  daddsub_clz.o(x$fpl$dadd)
    x$fpl$dcheck1                            0x08005dd8   Section       16  dcheck1.o(x$fpl$dcheck1)
    x$fpl$ddiv                               0x08005de8   Section      688  ddiv.o(x$fpl$ddiv)
    ddiv_entry                               0x08005def   Thumb Code     0  ddiv.o(x$fpl$ddiv)
    x$fpl$dmul                               0x08006098   Section      340  dmul.o(x$fpl$dmul)
    x$fpl$dnaninf                            0x080061ec   Section      156  dnaninf.o(x$fpl$dnaninf)
    x$fpl$dretinf                            0x08006288   Section       12  dretinf.o(x$fpl$dretinf)
    x$fpl$drsb                               0x08006294   Section       22  daddsub_clz.o(x$fpl$drsb)
    x$fpl$dsqrt                              0x080062ac   Section      460  dsqrt_noumaal.o(x$fpl$dsqrt)
    x$fpl$dsub                               0x08006478   Section      468  daddsub_clz.o(x$fpl$dsub)
    _dsub1                                   0x08006489   Thumb Code     0  daddsub_clz.o(x$fpl$dsub)
    x$fpl$f2d                                0x0800664c   Section       86  f2d.o(x$fpl$f2d)
    x$fpl$fadd                               0x080066a4   Section      196  faddsub_clz.o(x$fpl$fadd)
    _fadd1                                   0x080066b3   Thumb Code     0  faddsub_clz.o(x$fpl$fadd)
    x$fpl$fcheck1                            0x08006768   Section       12  fcheck1.o(x$fpl$fcheck1)
    x$fpl$fdiv                               0x08006774   Section      388  fdiv.o(x$fpl$fdiv)
    _fdiv1                                   0x08006775   Thumb Code     0  fdiv.o(x$fpl$fdiv)
    x$fpl$ffix                               0x080068f8   Section       54  ffix.o(x$fpl$ffix)
    x$fpl$ffixu                              0x08006930   Section       62  ffixu.o(x$fpl$ffixu)
    x$fpl$fflt                               0x08006970   Section       48  fflt_clz.o(x$fpl$fflt)
    x$fpl$ffltu                              0x080069a0   Section       38  fflt_clz.o(x$fpl$ffltu)
    x$fpl$fmul                               0x080069c8   Section      258  fmul.o(x$fpl$fmul)
    x$fpl$fnaninf                            0x08006aca   Section      140  fnaninf.o(x$fpl$fnaninf)
    x$fpl$fpinit                             0x08006b56   Section       14  fpinit.o(x$fpl$fpinit)
    x$fpl$fretinf                            0x08006b64   Section       10  fretinf.o(x$fpl$fretinf)
    x$fpl$fsub                               0x08006b70   Section      234  faddsub_clz.o(x$fpl$fsub)
    _fsub1                                   0x08006b7f   Thumb Code     0  faddsub_clz.o(x$fpl$fsub)
    x$fpl$retnan                             0x08006c5a   Section      100  retnan.o(x$fpl$retnan)
    x$fpl$scalbn                             0x08006cbe   Section       96  scalbn.o(x$fpl$scalbn)
    x$fpl$scalbnf                            0x08006d1e   Section       80  scalbnf.o(x$fpl$scalbnf)
    x$fpl$trapveneer                         0x08006d6e   Section       48  trapv.o(x$fpl$trapveneer)
    .constdata                               0x08006d9e   Section     4160  oled.o(.constdata)
    x$fpl$usenofp                            0x08006d9e   Section        0  usenofp.o(x$fpl$usenofp)
    .constdata                               0x08007dde   Section       12  inv_mpu.o(.constdata)
    .constdata                               0x08007dea   Section       27  inv_mpu.o(.constdata)
    .constdata                               0x08007e08   Section       40  inv_mpu.o(.constdata)
    .constdata                               0x08007e30   Section       77  inv_mpu.o(.constdata)
    .constdata                               0x08007e7d   Section     3062  inv_mpu_dmp_motion_driver.o(.constdata)
    dmp_memory                               0x08007e7d   Data        3062  inv_mpu_dmp_motion_driver.o(.constdata)
    .constdata                               0x08008a78   Section       80  asin.o(.constdata)
    pS                                       0x08008a78   Data          48  asin.o(.constdata)
    qS                                       0x08008aa8   Data          32  asin.o(.constdata)
    .constdata                               0x08008ac8   Section      152  atan.o(.constdata)
    atanhi                                   0x08008ac8   Data          32  atan.o(.constdata)
    atanlo                                   0x08008ae8   Data          32  atan.o(.constdata)
    aTodd                                    0x08008b08   Data          40  atan.o(.constdata)
    aTeven                                   0x08008b30   Data          48  atan.o(.constdata)
    .constdata                               0x08008b60   Section        8  qnan.o(.constdata)
    .data                                    0x20000000   Section        2  main.o(.data)
    .data                                    0x20000004   Section       20  system_stm32f10x.o(.data)
    .data                                    0x20000018   Section     1521  oled.o(.data)
    .data                                    0x2000060a   Section        4  delay.o(.data)
    fac_us                                   0x2000060a   Data           1  delay.o(.data)
    fac_ms                                   0x2000060c   Data           2  delay.o(.data)
    .data                                    0x2000060e   Section       20  fr905.o(.data)
    .data                                    0x20000622   Section       20  stm32f10x_rcc.o(.data)
    ADCPrescTable                            0x20000622   Data           4  stm32f10x_rcc.o(.data)
    APBAHBPrescTable                         0x20000626   Data          16  stm32f10x_rcc.o(.data)
    .data                                    0x20000638   Section       36  pid.o(.data)
    .data                                    0x2000065c   Section        8  pwm_output.o(.data)
    .data                                    0x20000664   Section        1  tim3_control_period.o(.data)
    .data                                    0x20000668   Section       44  inv_mpu.o(.data)
    st                                       0x20000668   Data          44  inv_mpu.o(.data)
    .data                                    0x20000694   Section       69  mpu6050.o(.data)
    gyro_orientation                         0x200006d0   Data           9  mpu6050.o(.data)
    .bss                                     0x200006dc   Section       16  inv_mpu_dmp_motion_driver.o(.bss)
    dmp                                      0x200006dc   Data          16  inv_mpu_dmp_motion_driver.o(.bss)
    .bss                                     0x200006ec   Section       44  mpu6050.o(.bss)
    .bss                                     0x20000718   Section       96  libspace.o(.bss)
    HEAP                                     0x20000778   Section      512  startup_stm32f10x_md.o(HEAP)
    Heap_Mem                                 0x20000778   Data         512  startup_stm32f10x_md.o(HEAP)
    STACK                                    0x20000978   Section     1024  startup_stm32f10x_md.o(STACK)
    Stack_Mem                                0x20000978   Data        1024  startup_stm32f10x_md.o(STACK)
    __initial_sp                             0x20000d78   Data           0  startup_stm32f10x_md.o(STACK)

    Global Symbols

    Symbol Name                              Value     Ov Type        Size  Object(Section)

    BuildAttributes$$THM_ISAv4$P$D$K$B$S$PE$A:L22UL41UL21$X:L11$S22US41US21$IEEE1$IW$USESV6$~STKCKD$USESV7$~SHL$OTIME$ROPI$IEEEX$EBA8$UX$STANDARDLIB$REQ8$PRES8$EABIv2 0x00000000   Number         0  anon$$obj.o ABSOLUTE
    __ARM_use_no_argv                        0x00000000   Number         0  main.o ABSOLUTE
    __ARM_exceptions_init                     - Undefined Weak Reference
    __alloca_initialize                       - Undefined Weak Reference
    __cpp_initialize__aeabi_                  - Undefined Weak Reference
    __cxa_finalize                            - Undefined Weak Reference
    __fpl_infinity                            - Undefined Weak Reference
    __rt_locale                               - Undefined Weak Reference
    __sigvec_lookup                           - Undefined Weak Reference
    _atexit_init                              - Undefined Weak Reference
    _call_atexit_fns                          - Undefined Weak Reference
    _clock_init                               - Undefined Weak Reference
    _fp_trap_init                             - Undefined Weak Reference
    _fp_trap_shutdown                         - Undefined Weak Reference
    _get_lc_collate                           - Undefined Weak Reference
    _get_lc_ctype                             - Undefined Weak Reference
    _get_lc_monetary                          - Undefined Weak Reference
    _get_lc_numeric                           - Undefined Weak Reference
    _get_lc_time                              - Undefined Weak Reference
    _getenv_init                              - Undefined Weak Reference
    _handle_redirection                       - Undefined Weak Reference
    _init_alloc                               - Undefined Weak Reference
    _init_user_alloc                          - Undefined Weak Reference
    _initio                                   - Undefined Weak Reference
    _rand_init                                - Undefined Weak Reference
    _signal_finish                            - Undefined Weak Reference
    _signal_init                              - Undefined Weak Reference
    _terminate_alloc                          - Undefined Weak Reference
    _terminate_user_alloc                     - Undefined Weak Reference
    _terminateio                              - Undefined Weak Reference
    __Vectors_Size                           0x000000ec   Number         0  startup_stm32f10x_md.o ABSOLUTE
    __Vectors                                0x08000000   Data           4  startup_stm32f10x_md.o(RESET)
    __Vectors_End                            0x080000ec   Data           0  startup_stm32f10x_md.o(RESET)
    __main                                   0x080000ed   Thumb Code     8  __main.o(!!!main)
    __scatterload                            0x080000f5   Thumb Code     0  __scatter.o(!!!scatter)
    __scatterload_rt2                        0x080000f5   Thumb Code    44  __scatter.o(!!!scatter)
    __scatterload_rt2_thumb_only             0x080000f5   Thumb Code     0  __scatter.o(!!!scatter)
    __scatterload_null                       0x08000103   Thumb Code     0  __scatter.o(!!!scatter)
    __decompress                             0x08000129   Thumb Code    90  __dczerorl2.o(!!dczerorl2)
    __decompress1                            0x08000129   Thumb Code     0  __dczerorl2.o(!!dczerorl2)
    __scatterload_zeroinit                   0x08000185   Thumb Code    28  __scatter_zi.o(!!handler_zi)
    __rt_lib_init                            0x080001a1   Thumb Code     0  libinit.o(.ARM.Collect$$libinit$$00000000)
    __rt_lib_init_alloca_1                   0x080001a7   Thumb Code     0  libinit2.o(.ARM.Collect$$libinit$$0000002A)
    __rt_lib_init_argv_1                     0x080001a7   Thumb Code     0  libinit2.o(.ARM.Collect$$libinit$$00000028)
    __rt_lib_init_atexit_1                   0x080001a7   Thumb Code     0  libinit2.o(.ARM.Collect$$libinit$$00000017)
    __rt_lib_init_clock_1                    0x080001a7   Thumb Code     0  libinit2.o(.ARM.Collect$$libinit$$0000001D)
    __rt_lib_init_cpp_1                      0x080001a7   Thumb Code     0  libinit2.o(.ARM.Collect$$libinit$$0000002E)
    __rt_lib_init_exceptions_1               0x080001a7   Thumb Code     0  libinit2.o(.ARM.Collect$$libinit$$0000002C)
    __rt_lib_init_fp_trap_1                  0x080001a7   Thumb Code     0  libinit2.o(.ARM.Collect$$libinit$$0000001B)
    __rt_lib_init_getenv_1                   0x080001a7   Thumb Code     0  libinit2.o(.ARM.Collect$$libinit$$0000001F)
    __rt_lib_init_heap_1                     0x080001a7   Thumb Code     0  libinit2.o(.ARM.Collect$$libinit$$00000006)
    __rt_lib_init_lc_collate_1               0x080001a7   Thumb Code     0  libinit2.o(.ARM.Collect$$libinit$$0000000D)
    __rt_lib_init_lc_ctype_1                 0x080001a7   Thumb Code     0  libinit2.o(.ARM.Collect$$libinit$$0000000F)
    __rt_lib_init_lc_monetary_1              0x080001a7   Thumb Code     0  libinit2.o(.ARM.Collect$$libinit$$00000011)
    __rt_lib_init_lc_numeric_1               0x080001a7   Thumb Code     0  libinit2.o(.ARM.Collect$$libinit$$00000013)
    __rt_lib_init_lc_time_1                  0x080001a7   Thumb Code     0  libinit2.o(.ARM.Collect$$libinit$$00000015)
    __rt_lib_init_rand_1                     0x080001a7   Thumb Code     0  libinit2.o(.ARM.Collect$$libinit$$0000000A)
    __rt_lib_init_return                     0x080001a7   Thumb Code     0  libinit2.o(.ARM.Collect$$libinit$$0000002F)
    __rt_lib_init_signal_1                   0x080001a7   Thumb Code     0  libinit2.o(.ARM.Collect$$libinit$$00000019)
    __rt_lib_init_stdio_1                    0x080001a7   Thumb Code     0  libinit2.o(.ARM.Collect$$libinit$$00000021)
    __rt_lib_init_user_alloc_1               0x080001a7   Thumb Code     0  libinit2.o(.ARM.Collect$$libinit$$00000008)
    __rt_lib_shutdown                        0x080001a9   Thumb Code     0  libshutdown.o(.ARM.Collect$$libshutdown$$00000000)
    __rt_lib_shutdown_fp_trap_1              0x080001ab   Thumb Code     0  libshutdown2.o(.ARM.Collect$$libshutdown$$00000006)
    __rt_lib_shutdown_heap_1                 0x080001ab   Thumb Code     0  libshutdown2.o(.ARM.Collect$$libshutdown$$0000000E)
    __rt_lib_shutdown_return                 0x080001ab   Thumb Code     0  libshutdown2.o(.ARM.Collect$$libshutdown$$0000000F)
    __rt_lib_shutdown_signal_1               0x080001ab   Thumb Code     0  libshutdown2.o(.ARM.Collect$$libshutdown$$00000009)
    __rt_lib_shutdown_stdio_1                0x080001ab   Thumb Code     0  libshutdown2.o(.ARM.Collect$$libshutdown$$00000003)
    __rt_lib_shutdown_user_alloc_1           0x080001ab   Thumb Code     0  libshutdown2.o(.ARM.Collect$$libshutdown$$0000000B)
    __rt_entry                               0x080001ad   Thumb Code     0  rtentry.o(.ARM.Collect$$rtentry$$00000000)
    __rt_entry_presh_1                       0x080001ad   Thumb Code     0  rtentry2.o(.ARM.Collect$$rtentry$$00000002)
    __rt_entry_sh                            0x080001ad   Thumb Code     0  rtentry4.o(.ARM.Collect$$rtentry$$00000004)
    __rt_entry_li                            0x080001b3   Thumb Code     0  rtentry2.o(.ARM.Collect$$rtentry$$0000000A)
    __rt_entry_postsh_1                      0x080001b3   Thumb Code     0  rtentry2.o(.ARM.Collect$$rtentry$$00000009)
    __rt_entry_main                          0x080001b7   Thumb Code     0  rtentry2.o(.ARM.Collect$$rtentry$$0000000D)
    __rt_entry_postli_1                      0x080001b7   Thumb Code     0  rtentry2.o(.ARM.Collect$$rtentry$$0000000C)
    __rt_exit                                0x080001bf   Thumb Code     0  rtexit.o(.ARM.Collect$$rtexit$$00000000)
    __rt_exit_ls                             0x080001c1   Thumb Code     0  rtexit2.o(.ARM.Collect$$rtexit$$00000003)
    __rt_exit_prels_1                        0x080001c1   Thumb Code     0  rtexit2.o(.ARM.Collect$$rtexit$$00000002)
    __rt_exit_exit                           0x080001c5   Thumb Code     0  rtexit2.o(.ARM.Collect$$rtexit$$00000004)
    moto_init                                0x080001cd   Thumb Code    56  main.o(.text)
    NVIC_Configuration                       0x08000205   Thumb Code   100  main.o(.text)
    main                                     0x08000269   Thumb Code    88  main.o(.text)
    TIM4_IRQHandler                          0x080002d5   Thumb Code     2  stm32f10x_it.o(.text)
    USART1_IRQHandler                        0x080002d7   Thumb Code     2  stm32f10x_it.o(.text)
    TIM3_IRQHandler                          0x080002d9   Thumb Code     4  stm32f10x_it.o(.text)
    NMI_Handler                              0x080002dd   Thumb Code     2  stm32f10x_it.o(.text)
    HardFault_Handler                        0x080002df   Thumb Code     2  stm32f10x_it.o(.text)
    MemManage_Handler                        0x080002e1   Thumb Code     2  stm32f10x_it.o(.text)
    BusFault_Handler                         0x080002e3   Thumb Code     2  stm32f10x_it.o(.text)
    UsageFault_Handler                       0x080002e5   Thumb Code     2  stm32f10x_it.o(.text)
    SVC_Handler                              0x080002e7   Thumb Code     2  stm32f10x_it.o(.text)
    DebugMon_Handler                         0x080002e9   Thumb Code     2  stm32f10x_it.o(.text)
    PendSV_Handler                           0x080002eb   Thumb Code     2  stm32f10x_it.o(.text)
    SysTick_Handler                          0x080002ed   Thumb Code     2  stm32f10x_it.o(.text)
    SystemInit                               0x080002f1   Thumb Code    64  system_stm32f10x.o(.text)
    SystemCoreClockUpdate                    0x08000331   Thumb Code    86  system_stm32f10x.o(.text)
    OLED_WR_Byte                             0x08000431   Thumb Code   118  oled.o(.text)
    OLED_Set_Pos                             0x080004a7   Thumb Code    44  oled.o(.text)
    OLED_Display_On                          0x080004d3   Thumb Code    28  oled.o(.text)
    OLED_Display_Off                         0x080004ef   Thumb Code    28  oled.o(.text)
    OLED_Clear                               0x0800050b   Thumb Code    60  oled.o(.text)
    OLED_ShowChar                            0x08000547   Thumb Code    92  oled.o(.text)
    OLED_ShowChar_ADXL345                    0x080005a3   Thumb Code    90  oled.o(.text)
    oled_pow                                 0x080005fd   Thumb Code    20  oled.o(.text)
    OLED_ShowNum                             0x08000611   Thumb Code    98  oled.o(.text)
    OLED_ShowString                          0x08000673   Thumb Code    48  oled.o(.text)
    OLED_ShowCHinese                         0x080006a3   Thumb Code    72  oled.o(.text)
    OLED_Show_Nom_Big                        0x080006eb   Thumb Code   136  oled.o(.text)
    OLED_DrawBMP                             0x08000773   Thumb Code    62  oled.o(.text)
    OLED_Show_Num                            0x080007b1   Thumb Code   342  oled.o(.text)
    OLED_Show_Num_T                          0x08000907   Thumb Code    50  oled.o(.text)
    OLED_Page1                               0x08000939   Thumb Code    24  oled.o(.text)
    OLED_Page2                               0x08000951   Thumb Code    24  oled.o(.text)
    OLED_Page3                               0x08000969   Thumb Code    24  oled.o(.text)
    OLED_Page4                               0x08000981   Thumb Code    24  oled.o(.text)
    Wait_Page                                0x08000999   Thumb Code    24  oled.o(.text)
    OLED_Page_Time                           0x080009b1   Thumb Code     8  oled.o(.text)
    OLED_Init                                0x080009b9   Thumb Code   372  oled.o(.text)
    delay_init                               0x08000b3d   Thumb Code    28  delay.o(.text)
    delay_ms                                 0x08000b59   Thumb Code    36  delay.o(.text)
    delay_us                                 0x08000b7d   Thumb Code    36  delay.o(.text)
    IIC_Start                                0x08000ba5   Thumb Code    54  myiic.o(.text)
    IIC_Stop                                 0x08000bdb   Thumb Code    56  myiic.o(.text)
    IIC_Wait_Ack                             0x08000c13   Thumb Code    86  myiic.o(.text)
    IIC_Ack                                  0x08000c69   Thumb Code    54  myiic.o(.text)
    IIC_NAck                                 0x08000c9f   Thumb Code    54  myiic.o(.text)
    IIC_Send_Byte                            0x08000cd5   Thumb Code    92  myiic.o(.text)
    IIC_Read_Byte                            0x08000d31   Thumb Code    84  myiic.o(.text)
    IIC_Init                                 0x08000d85   Thumb Code    52  myiic.o(.text)
    IIC_Write_Buffer                         0x08000db9   Thumb Code    80  myiic.o(.text)
    IIC_Write                                0x08000e09   Thumb Code    18  myiic.o(.text)
    IIC_Read_Buffer                          0x08000e1b   Thumb Code   108  myiic.o(.text)
    IIC_Read                                 0x08000e87   Thumb Code    18  myiic.o(.text)
    IIC_WriteOneByte                         0x08000e99   Thumb Code    62  myiic.o(.text)
    IIC_GetErrorCounter                      0x08000ed7   Thumb Code     4  myiic.o(.text)
    nrf905_Delay                             0x08000ef5   Thumb Code    22  fr905.o(.text)
    SpiRead                                  0x08000f0b   Thumb Code    58  fr905.o(.text)
    SpiWrite                                 0x08000f45   Thumb Code    54  fr905.o(.text)
    nRF905Init                               0x08000f7b   Thumb Code   176  fr905.o(.text)
    Config905                                0x0800102b   Thumb Code    38  fr905.o(.text)
    TxPacket                                 0x08001051   Thumb Code   106  fr905.o(.text)
    SetTxMode                                0x080010bb   Thumb Code    12  fr905.o(.text)
    SetRxMode                                0x080010c7   Thumb Code     8  fr905.o(.text)
    CheckDR                                  0x080010cf   Thumb Code    24  fr905.o(.text)
    RxPacket                                 0x080010e7   Thumb Code    74  fr905.o(.text)
    RX                                       0x08001131   Thumb Code    44  fr905.o(.text)
    _sys_exit                                0x08001191   Thumb Code     2  usart.o(.text)
    fputc                                    0x08001193   Thumb Code    18  usart.o(.text)
    uart_init                                0x080011a5   Thumb Code   114  usart.o(.text)
    UsartSend                                0x08001217   Thumb Code    20  usart.o(.text)
    PrintChar                                0x0800122b   Thumb Code    20  usart.o(.text)
    UART1_Put_Char                           0x0800123f   Thumb Code    16  usart.o(.text)
    UART1_ReportIMU                          0x0800124f   Thumb Code   242  usart.o(.text)
    Reset_Handler                            0x0800134d   Thumb Code     8  startup_stm32f10x_md.o(.text)
    ADC1_2_IRQHandler                        0x08001367   Thumb Code     0  startup_stm32f10x_md.o(.text)
    CAN1_RX1_IRQHandler                      0x08001367   Thumb Code     0  startup_stm32f10x_md.o(.text)
    CAN1_SCE_IRQHandler                      0x08001367   Thumb Code     0  startup_stm32f10x_md.o(.text)
    DMA1_Channel1_IRQHandler                 0x08001367   Thumb Code     0  startup_stm32f10x_md.o(.text)
    DMA1_Channel2_IRQHandler                 0x08001367   Thumb Code     0  startup_stm32f10x_md.o(.text)
    DMA1_Channel3_IRQHandler                 0x08001367   Thumb Code     0  startup_stm32f10x_md.o(.text)
    DMA1_Channel4_IRQHandler                 0x08001367   Thumb Code     0  startup_stm32f10x_md.o(.text)
    DMA1_Channel5_IRQHandler                 0x08001367   Thumb Code     0  startup_stm32f10x_md.o(.text)
    DMA1_Channel6_IRQHandler                 0x08001367   Thumb Code     0  startup_stm32f10x_md.o(.text)
    DMA1_Channel7_IRQHandler                 0x08001367   Thumb Code     0  startup_stm32f10x_md.o(.text)
    EXTI0_IRQHandler                         0x08001367   Thumb Code     0  startup_stm32f10x_md.o(.text)
    EXTI15_10_IRQHandler                     0x08001367   Thumb Code     0  startup_stm32f10x_md.o(.text)
    EXTI1_IRQHandler                         0x08001367   Thumb Code     0  startup_stm32f10x_md.o(.text)
    EXTI2_IRQHandler                         0x08001367   Thumb Code     0  startup_stm32f10x_md.o(.text)
    EXTI3_IRQHandler                         0x08001367   Thumb Code     0  startup_stm32f10x_md.o(.text)
    EXTI4_IRQHandler                         0x08001367   Thumb Code     0  startup_stm32f10x_md.o(.text)
    EXTI9_5_IRQHandler                       0x08001367   Thumb Code     0  startup_stm32f10x_md.o(.text)
    FLASH_IRQHandler                         0x08001367   Thumb Code     0  startup_stm32f10x_md.o(.text)
    I2C1_ER_IRQHandler                       0x08001367   Thumb Code     0  startup_stm32f10x_md.o(.text)
    I2C1_EV_IRQHandler                       0x08001367   Thumb Code     0  startup_stm32f10x_md.o(.text)
    I2C2_ER_IRQHandler                       0x08001367   Thumb Code     0  startup_stm32f10x_md.o(.text)
    I2C2_EV_IRQHandler                       0x08001367   Thumb Code     0  startup_stm32f10x_md.o(.text)
    PVD_IRQHandler                           0x08001367   Thumb Code     0  startup_stm32f10x_md.o(.text)
    RCC_IRQHandler                           0x08001367   Thumb Code     0  startup_stm32f10x_md.o(.text)
    RTCAlarm_IRQHandler                      0x08001367   Thumb Code     0  startup_stm32f10x_md.o(.text)
    RTC_IRQHandler                           0x08001367   Thumb Code     0  startup_stm32f10x_md.o(.text)
    SPI1_IRQHandler                          0x08001367   Thumb Code     0  startup_stm32f10x_md.o(.text)
    SPI2_IRQHandler                          0x08001367   Thumb Code     0  startup_stm32f10x_md.o(.text)
    TAMPER_IRQHandler                        0x08001367   Thumb Code     0  startup_stm32f10x_md.o(.text)
    TIM1_BRK_IRQHandler                      0x08001367   Thumb Code     0  startup_stm32f10x_md.o(.text)
    TIM1_CC_IRQHandler                       0x08001367   Thumb Code     0  startup_stm32f10x_md.o(.text)
    TIM1_TRG_COM_IRQHandler                  0x08001367   Thumb Code     0  startup_stm32f10x_md.o(.text)
    TIM1_UP_IRQHandler                       0x08001367   Thumb Code     0  startup_stm32f10x_md.o(.text)
    TIM2_IRQHandler                          0x08001367   Thumb Code     0  startup_stm32f10x_md.o(.text)
    USART2_IRQHandler                        0x08001367   Thumb Code     0  startup_stm32f10x_md.o(.text)
    USART3_IRQHandler                        0x08001367   Thumb Code     0  startup_stm32f10x_md.o(.text)
    USBWakeUp_IRQHandler                     0x08001367   Thumb Code     0  startup_stm32f10x_md.o(.text)
    USB_HP_CAN1_TX_IRQHandler                0x08001367   Thumb Code     0  startup_stm32f10x_md.o(.text)
    USB_LP_CAN1_RX0_IRQHandler               0x08001367   Thumb Code     0  startup_stm32f10x_md.o(.text)
    WWDG_IRQHandler                          0x08001367   Thumb Code     0  startup_stm32f10x_md.o(.text)
    __user_initial_stackheap                 0x08001369   Thumb Code     0  startup_stm32f10x_md.o(.text)
    NVIC_PriorityGroupConfig                 0x0800138d   Thumb Code    10  misc.o(.text)
    NVIC_Init                                0x08001397   Thumb Code    92  misc.o(.text)
    NVIC_SetVectorTable                      0x080013f3   Thumb Code    12  misc.o(.text)
    NVIC_SystemLPConfig                      0x080013ff   Thumb Code    24  misc.o(.text)
    SysTick_CLKSourceConfig                  0x08001417   Thumb Code    24  misc.o(.text)
    GPIO_DeInit                              0x08001441   Thumb Code   152  stm32f10x_gpio.o(.text)
    GPIO_AFIODeInit                          0x080014d9   Thumb Code    22  stm32f10x_gpio.o(.text)
    GPIO_Init                                0x080014ef   Thumb Code   156  stm32f10x_gpio.o(.text)
    GPIO_StructInit                          0x0800158b   Thumb Code    16  stm32f10x_gpio.o(.text)
    GPIO_ReadInputDataBit                    0x0800159b   Thumb Code    14  stm32f10x_gpio.o(.text)
    GPIO_ReadInputData                       0x080015a9   Thumb Code     6  stm32f10x_gpio.o(.text)
    GPIO_ReadOutputDataBit                   0x080015af   Thumb Code    14  stm32f10x_gpio.o(.text)
    GPIO_ReadOutputData                      0x080015bd   Thumb Code     6  stm32f10x_gpio.o(.text)
    GPIO_SetBits                             0x080015c3   Thumb Code     4  stm32f10x_gpio.o(.text)
    GPIO_ResetBits                           0x080015c7   Thumb Code     4  stm32f10x_gpio.o(.text)
    GPIO_WriteBit                            0x080015cb   Thumb Code    10  stm32f10x_gpio.o(.text)
    GPIO_Write                               0x080015d5   Thumb Code     4  stm32f10x_gpio.o(.text)
    GPIO_PinLockConfig                       0x080015d9   Thumb Code    16  stm32f10x_gpio.o(.text)
    GPIO_EventOutputConfig                   0x080015e9   Thumb Code    22  stm32f10x_gpio.o(.text)
    GPIO_EventOutputCmd                      0x080015ff   Thumb Code     6  stm32f10x_gpio.o(.text)
    GPIO_PinRemapConfig                      0x08001605   Thumb Code    82  stm32f10x_gpio.o(.text)
    GPIO_EXTILineConfig                      0x08001657   Thumb Code    34  stm32f10x_gpio.o(.text)
    GPIO_ETH_MediaInterfaceConfig            0x08001679   Thumb Code     6  stm32f10x_gpio.o(.text)
    RCC_DeInit                               0x080016a9   Thumb Code    50  stm32f10x_rcc.o(.text)
    RCC_HSEConfig                            0x080016db   Thumb Code    48  stm32f10x_rcc.o(.text)
    RCC_GetFlagStatus                        0x0800170b   Thumb Code    42  stm32f10x_rcc.o(.text)
    RCC_WaitForHSEStartUp                    0x08001735   Thumb Code    38  stm32f10x_rcc.o(.text)
    RCC_AdjustHSICalibrationValue            0x0800175b   Thumb Code    16  stm32f10x_rcc.o(.text)
    RCC_HSICmd                               0x0800176b   Thumb Code     6  stm32f10x_rcc.o(.text)
    RCC_PLLConfig                            0x08001771   Thumb Code    16  stm32f10x_rcc.o(.text)
    RCC_PLLCmd                               0x08001781   Thumb Code     6  stm32f10x_rcc.o(.text)
    RCC_SYSCLKConfig                         0x08001787   Thumb Code    14  stm32f10x_rcc.o(.text)
    RCC_GetSYSCLKSource                      0x08001795   Thumb Code    10  stm32f10x_rcc.o(.text)
    RCC_HCLKConfig                           0x0800179f   Thumb Code    14  stm32f10x_rcc.o(.text)
    RCC_PCLK1Config                          0x080017ad   Thumb Code    14  stm32f10x_rcc.o(.text)
    RCC_PCLK2Config                          0x080017bb   Thumb Code    16  stm32f10x_rcc.o(.text)
    RCC_ITConfig                             0x080017cb   Thumb Code    18  stm32f10x_rcc.o(.text)
    RCC_USBCLKConfig                         0x080017dd   Thumb Code     6  stm32f10x_rcc.o(.text)
    RCC_ADCCLKConfig                         0x080017e3   Thumb Code    14  stm32f10x_rcc.o(.text)
    RCC_LSEConfig                            0x080017f1   Thumb Code    26  stm32f10x_rcc.o(.text)
    RCC_LSICmd                               0x0800180b   Thumb Code     6  stm32f10x_rcc.o(.text)
    RCC_RTCCLKConfig                         0x08001811   Thumb Code    10  stm32f10x_rcc.o(.text)
    RCC_RTCCLKCmd                            0x0800181b   Thumb Code     6  stm32f10x_rcc.o(.text)
    RCC_GetClocksFreq                        0x08001821   Thumb Code   134  stm32f10x_rcc.o(.text)
    RCC_AHBPeriphClockCmd                    0x080018a7   Thumb Code    18  stm32f10x_rcc.o(.text)
    RCC_APB2PeriphClockCmd                   0x080018b9   Thumb Code    18  stm32f10x_rcc.o(.text)
    RCC_APB1PeriphClockCmd                   0x080018cb   Thumb Code    18  stm32f10x_rcc.o(.text)
    RCC_APB2PeriphResetCmd                   0x080018dd   Thumb Code    18  stm32f10x_rcc.o(.text)
    RCC_APB1PeriphResetCmd                   0x080018ef   Thumb Code    18  stm32f10x_rcc.o(.text)
    RCC_BackupResetCmd                       0x08001901   Thumb Code     6  stm32f10x_rcc.o(.text)
    RCC_ClockSecuritySystemCmd               0x08001907   Thumb Code     6  stm32f10x_rcc.o(.text)
    RCC_MCOConfig                            0x0800190d   Thumb Code     6  stm32f10x_rcc.o(.text)
    RCC_ClearFlag                            0x08001913   Thumb Code    12  stm32f10x_rcc.o(.text)
    RCC_GetITStatus                          0x0800191f   Thumb Code    16  stm32f10x_rcc.o(.text)
    RCC_ClearITPendingBit                    0x0800192f   Thumb Code     6  stm32f10x_rcc.o(.text)
    TIM_DeInit                               0x08001965   Thumb Code   304  stm32f10x_tim.o(.text)
    TIM_TimeBaseInit                         0x08001a95   Thumb Code   114  stm32f10x_tim.o(.text)
    TIM_OC1Init                              0x08001b07   Thumb Code   106  stm32f10x_tim.o(.text)
    TIM_OC2Init                              0x08001b71   Thumb Code   116  stm32f10x_tim.o(.text)
    TIM_OC3Init                              0x08001be5   Thumb Code   112  stm32f10x_tim.o(.text)
    TIM_OC4Init                              0x08001c55   Thumb Code    86  stm32f10x_tim.o(.text)
    TIM_SetIC4Prescaler                      0x08001cab   Thumb Code    18  stm32f10x_tim.o(.text)
    TIM_SetIC3Prescaler                      0x08001cbd   Thumb Code    16  stm32f10x_tim.o(.text)
    TIM_SetIC2Prescaler                      0x08001ccd   Thumb Code    18  stm32f10x_tim.o(.text)
    TIM_SetIC1Prescaler                      0x08001d41   Thumb Code    80  stm32f10x_tim.o(.text)
    TIM_ICInit                               0x08001de5   Thumb Code   268  stm32f10x_tim.o(.text)
    TIM_PWMIConfig                           0x08001ef1   Thumb Code   104  stm32f10x_tim.o(.text)
    TIM_BDTRConfig                           0x08001f59   Thumb Code    34  stm32f10x_tim.o(.text)
    TIM_TimeBaseStructInit                   0x08001f7b   Thumb Code    18  stm32f10x_tim.o(.text)
    TIM_OCStructInit                         0x08001f8d   Thumb Code    20  stm32f10x_tim.o(.text)
    TIM_ICStructInit                         0x08001fa1   Thumb Code    16  stm32f10x_tim.o(.text)
    TIM_BDTRStructInit                       0x08001fb1   Thumb Code    18  stm32f10x_tim.o(.text)
    TIM_Cmd                                  0x08001fc3   Thumb Code    20  stm32f10x_tim.o(.text)
    TIM_CtrlPWMOutputs                       0x08001fd7   Thumb Code    22  stm32f10x_tim.o(.text)
    TIM_ITConfig                             0x08001fed   Thumb Code    16  stm32f10x_tim.o(.text)
    TIM_GenerateEvent                        0x08001ffd   Thumb Code     4  stm32f10x_tim.o(.text)
    TIM_DMAConfig                            0x08002001   Thumb Code     8  stm32f10x_tim.o(.text)
    TIM_DMACmd                               0x08002009   Thumb Code    16  stm32f10x_tim.o(.text)
    TIM_InternalClockConfig                  0x08002019   Thumb Code    10  stm32f10x_tim.o(.text)
    TIM_SelectInputTrigger                   0x08002023   Thumb Code    12  stm32f10x_tim.o(.text)
    TIM_ITRxExternalClockConfig              0x0800202f   Thumb Code    20  stm32f10x_tim.o(.text)
    TIM_TIxExternalClockConfig               0x08002043   Thumb Code    46  stm32f10x_tim.o(.text)
    TIM_ETRConfig                            0x08002071   Thumb Code    18  stm32f10x_tim.o(.text)
    TIM_ETRClockMode1Config                  0x08002083   Thumb Code    18  stm32f10x_tim.o(.text)
    TIM_ETRClockMode2Config                  0x08002095   Thumb Code    18  stm32f10x_tim.o(.text)
    TIM_PrescalerConfig                      0x080020a7   Thumb Code     6  stm32f10x_tim.o(.text)
    TIM_CounterModeConfig                    0x080020ad   Thumb Code    12  stm32f10x_tim.o(.text)
    TIM_EncoderInterfaceConfig               0x080020b9   Thumb Code    44  stm32f10x_tim.o(.text)
    TIM_ForcedOC1Config                      0x080020e5   Thumb Code    12  stm32f10x_tim.o(.text)
    TIM_ForcedOC2Config                      0x080020f1   Thumb Code    14  stm32f10x_tim.o(.text)
    TIM_ForcedOC3Config                      0x080020ff   Thumb Code    12  stm32f10x_tim.o(.text)
    TIM_ForcedOC4Config                      0x0800210b   Thumb Code    14  stm32f10x_tim.o(.text)
    TIM_ARRPreloadConfig                     0x08002119   Thumb Code    20  stm32f10x_tim.o(.text)
    TIM_SelectCOM                            0x0800212d   Thumb Code    20  stm32f10x_tim.o(.text)
    TIM_SelectCCDMA                          0x08002141   Thumb Code    20  stm32f10x_tim.o(.text)
    TIM_CCPreloadControl                     0x08002155   Thumb Code    20  stm32f10x_tim.o(.text)
    TIM_OC1PreloadConfig                     0x08002169   Thumb Code    12  stm32f10x_tim.o(.text)
    TIM_OC2PreloadConfig                     0x08002175   Thumb Code    14  stm32f10x_tim.o(.text)
    TIM_OC3PreloadConfig                     0x08002183   Thumb Code    34  stm32f10x_tim.o(.text)
    TIM_OC4PreloadConfig                     0x080021a5   Thumb Code    14  stm32f10x_tim.o(.text)
    TIM_OC1FastConfig                        0x080021b3   Thumb Code    12  stm32f10x_tim.o(.text)
    TIM_OC2FastConfig                        0x080021bf   Thumb Code    14  stm32f10x_tim.o(.text)
    TIM_OC3FastConfig                        0x080021cd   Thumb Code    12  stm32f10x_tim.o(.text)
    TIM_OC4FastConfig                        0x080021d9   Thumb Code    14  stm32f10x_tim.o(.text)
    TIM_ClearOC1Ref                          0x080021e7   Thumb Code    12  stm32f10x_tim.o(.text)
    TIM_ClearOC2Ref                          0x080021f3   Thumb Code    14  stm32f10x_tim.o(.text)
    TIM_ClearOC3Ref                          0x08002201   Thumb Code    12  stm32f10x_tim.o(.text)
    TIM_ClearOC4Ref                          0x0800220d   Thumb Code    14  stm32f10x_tim.o(.text)
    TIM_OC1PolarityConfig                    0x0800221b   Thumb Code    12  stm32f10x_tim.o(.text)
    TIM_OC1NPolarityConfig                   0x08002227   Thumb Code    12  stm32f10x_tim.o(.text)
    TIM_OC2PolarityConfig                    0x08002233   Thumb Code    14  stm32f10x_tim.o(.text)
    TIM_OC2NPolarityConfig                   0x08002241   Thumb Code    14  stm32f10x_tim.o(.text)
    TIM_OC3PolarityConfig                    0x0800224f   Thumb Code    14  stm32f10x_tim.o(.text)
    TIM_OC3NPolarityConfig                   0x0800225d   Thumb Code    14  stm32f10x_tim.o(.text)
    TIM_OC4PolarityConfig                    0x0800226b   Thumb Code    14  stm32f10x_tim.o(.text)
    TIM_CCxCmd                               0x08002279   Thumb Code    22  stm32f10x_tim.o(.text)
    TIM_CCxNCmd                              0x0800228f   Thumb Code    22  stm32f10x_tim.o(.text)
    TIM_SelectOCxM                           0x080022a5   Thumb Code    66  stm32f10x_tim.o(.text)
    TIM_UpdateDisableConfig                  0x080022e7   Thumb Code    20  stm32f10x_tim.o(.text)
    TIM_UpdateRequestConfig                  0x080022fb   Thumb Code    20  stm32f10x_tim.o(.text)
    TIM_SelectHallSensor                     0x0800230f   Thumb Code    20  stm32f10x_tim.o(.text)
    TIM_SelectOnePulseMode                   0x08002323   Thumb Code    16  stm32f10x_tim.o(.text)
    TIM_SelectOutputTrigger                  0x08002333   Thumb Code    16  stm32f10x_tim.o(.text)
    TIM_SelectSlaveMode                      0x08002343   Thumb Code    16  stm32f10x_tim.o(.text)
    TIM_SelectMasterSlaveMode                0x08002353   Thumb Code    16  stm32f10x_tim.o(.text)
    TIM_SetCounter                           0x08002363   Thumb Code     4  stm32f10x_tim.o(.text)
    TIM_SetAutoreload                        0x08002367   Thumb Code     4  stm32f10x_tim.o(.text)
    TIM_SetCompare1                          0x0800236b   Thumb Code     4  stm32f10x_tim.o(.text)
    TIM_SetCompare2                          0x0800236f   Thumb Code     4  stm32f10x_tim.o(.text)
    TIM_SetCompare3                          0x08002373   Thumb Code     4  stm32f10x_tim.o(.text)
    TIM_SetCompare4                          0x08002377   Thumb Code     6  stm32f10x_tim.o(.text)
    TIM_SetClockDivision                     0x0800237d   Thumb Code    16  stm32f10x_tim.o(.text)
    TIM_GetCapture1                          0x0800238d   Thumb Code     4  stm32f10x_tim.o(.text)
    TIM_GetCapture2                          0x08002391   Thumb Code     4  stm32f10x_tim.o(.text)
    TIM_GetCapture3                          0x08002395   Thumb Code     4  stm32f10x_tim.o(.text)
    TIM_GetCapture4                          0x08002399   Thumb Code     6  stm32f10x_tim.o(.text)
    TIM_GetCounter                           0x0800239f   Thumb Code     4  stm32f10x_tim.o(.text)
    TIM_GetPrescaler                         0x080023a3   Thumb Code     4  stm32f10x_tim.o(.text)
    TIM_GetFlagStatus                        0x080023a7   Thumb Code    14  stm32f10x_tim.o(.text)
    TIM_ClearFlag                            0x080023b5   Thumb Code     6  stm32f10x_tim.o(.text)
    TIM_GetITStatus                          0x080023bb   Thumb Code    24  stm32f10x_tim.o(.text)
    TIM_ClearITPendingBit                    0x080023d3   Thumb Code     6  stm32f10x_tim.o(.text)
    USART_DeInit                             0x080023d9   Thumb Code    96  stm32f10x_usart.o(.text)
    USART_Init                               0x08002439   Thumb Code   176  stm32f10x_usart.o(.text)
    USART_StructInit                         0x080024e9   Thumb Code    22  stm32f10x_usart.o(.text)
    USART_ClockInit                          0x080024ff   Thumb Code    30  stm32f10x_usart.o(.text)
    USART_ClockStructInit                    0x0800251d   Thumb Code    12  stm32f10x_usart.o(.text)
    USART_Cmd                                0x08002529   Thumb Code    20  stm32f10x_usart.o(.text)
    USART_ITConfig                           0x0800253d   Thumb Code    48  stm32f10x_usart.o(.text)
    USART_DMACmd                             0x0800256d   Thumb Code    16  stm32f10x_usart.o(.text)
    USART_SetAddress                         0x0800257d   Thumb Code    16  stm32f10x_usart.o(.text)
    USART_WakeUpConfig                       0x0800258d   Thumb Code    16  stm32f10x_usart.o(.text)
    USART_ReceiverWakeUpCmd                  0x0800259d   Thumb Code    20  stm32f10x_usart.o(.text)
    USART_LINBreakDetectLengthConfig         0x080025b1   Thumb Code    16  stm32f10x_usart.o(.text)
    USART_LINCmd                             0x080025c1   Thumb Code    20  stm32f10x_usart.o(.text)
    USART_SendData                           0x080025d5   Thumb Code     8  stm32f10x_usart.o(.text)
    USART_ReceiveData                        0x080025dd   Thumb Code     8  stm32f10x_usart.o(.text)
    USART_SendBreak                          0x080025e5   Thumb Code    10  stm32f10x_usart.o(.text)
    USART_SetGuardTime                       0x080025ef   Thumb Code    16  stm32f10x_usart.o(.text)
    USART_SetPrescaler                       0x080025ff   Thumb Code    16  stm32f10x_usart.o(.text)
    USART_SmartCardCmd                       0x0800260f   Thumb Code    20  stm32f10x_usart.o(.text)
    USART_SmartCardNACKCmd                   0x08002623   Thumb Code    20  stm32f10x_usart.o(.text)
    USART_HalfDuplexCmd                      0x08002637   Thumb Code    20  stm32f10x_usart.o(.text)
    USART_OverSampling8Cmd                   0x0800264b   Thumb Code    20  stm32f10x_usart.o(.text)
    USART_OneBitMethodCmd                    0x0800265f   Thumb Code    20  stm32f10x_usart.o(.text)
    USART_IrDAConfig                         0x08002673   Thumb Code    16  stm32f10x_usart.o(.text)
    USART_IrDACmd                            0x08002683   Thumb Code    20  stm32f10x_usart.o(.text)
    USART_GetFlagStatus                      0x08002697   Thumb Code    14  stm32f10x_usart.o(.text)
    USART_ClearFlag                          0x080026a5   Thumb Code     6  stm32f10x_usart.o(.text)
    USART_GetITStatus                        0x080026ab   Thumb Code    62  stm32f10x_usart.o(.text)
    USART_ClearITPendingBit                  0x080026e9   Thumb Code    12  stm32f10x_usart.o(.text)
    PID_calculate                            0x08002709   Thumb Code    50  pid.o(.text)
    timer2_init                              0x08002745   Thumb Code   208  pwm_output.o(.text)
    tim3_init                                0x0800281d   Thumb Code   106  tim3_control_period.o(.text)
    my_tim3_IRQHandler                       0x08002887   Thumb Code   360  tim3_control_period.o(.text)
    mpu_get_accel_sens                       0x08002a21   Thumb Code    62  inv_mpu.o(.text)
    mpu_get_gyro_sens                        0x08002a5f   Thumb Code    44  inv_mpu.o(.text)
    mpu_reset_fifo                           0x08002a8b   Thumb Code   332  inv_mpu.o(.text)
    mpu_set_lpf                              0x08002c27   Thumb Code   102  inv_mpu.o(.text)
    mpu_configure_fifo                       0x08002c8d   Thumb Code    84  inv_mpu.o(.text)
    mpu_set_int_latched                      0x08002ce1   Thumb Code    94  inv_mpu.o(.text)
    mpu_lp_accel_mode                        0x08002d3f   Thumb Code   178  inv_mpu.o(.text)
    mpu_set_sample_rate                      0x08002df1   Thumb Code   138  inv_mpu.o(.text)
    mpu_set_bypass                           0x08002e7b   Thumb Code   212  inv_mpu.o(.text)
    mpu_set_dmp_state                        0x08002f4f   Thumb Code   114  inv_mpu.o(.text)
    mpu_set_sensors                          0x08002fc1   Thumb Code   178  inv_mpu.o(.text)
    mpu_set_accel_fsr                        0x08003073   Thumb Code    98  inv_mpu.o(.text)
    mpu_set_gyro_fsr                         0x080030d5   Thumb Code   104  inv_mpu.o(.text)
    mpu_get_fifo_config                      0x08003441   Thumb Code    10  inv_mpu.o(.text)
    mpu_get_sample_rate                      0x0800344b   Thumb Code    22  inv_mpu.o(.text)
    mpu_get_lpf                              0x08003461   Thumb Code    52  inv_mpu.o(.text)
    mpu_get_accel_fsr                        0x08003495   Thumb Code    54  inv_mpu.o(.text)
    mpu_get_gyro_fsr                         0x080034cb   Thumb Code    48  inv_mpu.o(.text)
    mpu_run_self_test                        0x080034fb   Thumb Code   234  inv_mpu.o(.text)
    run_self_test                            0x080035e5   Thumb Code   132  inv_mpu.o(.text)
    inv_row_2_scale                          0x08003669   Thumb Code    70  inv_mpu.o(.text)
    inv_orientation_matrix_to_scalar         0x080036af   Thumb Code    34  inv_mpu.o(.text)
    get_ms                                   0x080036d1   Thumb Code     2  inv_mpu.o(.text)
    mpu_reg_dump                             0x080036d3   Thumb Code    58  inv_mpu.o(.text)
    mpu_read_reg                             0x0800370d   Thumb Code    52  inv_mpu.o(.text)
    mpu_init                                 0x08003741   Thumb Code   428  inv_mpu.o(.text)
    mpu_get_gyro_reg                         0x080038ed   Thumb Code    68  inv_mpu.o(.text)
    mpu_get_accel_reg                        0x08003931   Thumb Code    66  inv_mpu.o(.text)
    mpu_get_temperature                      0x08003973   Thumb Code   104  inv_mpu.o(.text)
    mpu_set_accel_bias                       0x080039db   Thumb Code   214  inv_mpu.o(.text)
    mpu_get_compass_sample_rate              0x08003ab1   Thumb Code     8  inv_mpu.o(.text)
    mpu_set_compass_sample_rate              0x08003ab9   Thumb Code     6  inv_mpu.o(.text)
    mpu_get_power_state                      0x08003abf   Thumb Code    14  inv_mpu.o(.text)
    mpu_get_int_status                       0x08003acd   Thumb Code    48  inv_mpu.o(.text)
    mpu_read_fifo                            0x08003afd   Thumb Code   362  inv_mpu.o(.text)
    mpu_read_fifo_stream                     0x08003c67   Thumb Code   186  inv_mpu.o(.text)
    mpu_set_int_level                        0x08003d21   Thumb Code    10  inv_mpu.o(.text)
    mpu_write_mem                            0x08003d2b   Thumb Code    80  inv_mpu.o(.text)
    mpu_read_mem                             0x08003d7b   Thumb Code    80  inv_mpu.o(.text)
    mpu_load_firmware                        0x08003dcb   Thumb Code   152  inv_mpu.o(.text)
    mpu_get_dmp_state                        0x08003e63   Thumb Code    12  inv_mpu.o(.text)
    mpu_get_compass_reg                      0x08003e6f   Thumb Code     6  inv_mpu.o(.text)
    mpu_get_compass_fsr                      0x08003e75   Thumb Code     6  inv_mpu.o(.text)
    mpu_lp_motion_interrupt                  0x08003e7b   Thumb Code   426  inv_mpu.o(.text)
    dmp_load_motion_driver_firmware          0x08004225   Thumb Code    16  inv_mpu_dmp_motion_driver.o(.text)
    dmp_set_orientation                      0x08004235   Thumb Code   246  inv_mpu_dmp_motion_driver.o(.text)
    dmp_set_gyro_bias                        0x0800432b   Thumb Code   200  inv_mpu_dmp_motion_driver.o(.text)
    dmp_set_accel_bias                       0x080043f3   Thumb Code   220  inv_mpu_dmp_motion_driver.o(.text)
    dmp_set_fifo_rate                        0x080044cf   Thumb Code    88  inv_mpu_dmp_motion_driver.o(.text)
    dmp_get_fifo_rate                        0x08004527   Thumb Code    10  inv_mpu_dmp_motion_driver.o(.text)
    dmp_set_tap_thresh                       0x08004531   Thumb Code   338  inv_mpu_dmp_motion_driver.o(.text)
    dmp_set_tap_axes                         0x08004683   Thumb Code    64  inv_mpu_dmp_motion_driver.o(.text)
    dmp_set_tap_count                        0x080046c3   Thumb Code    34  inv_mpu_dmp_motion_driver.o(.text)
    dmp_set_tap_time                         0x080046e5   Thumb Code    32  inv_mpu_dmp_motion_driver.o(.text)
    dmp_set_tap_time_multi                   0x08004705   Thumb Code    32  inv_mpu_dmp_motion_driver.o(.text)
    dmp_set_shake_reject_thresh              0x08004725   Thumb Code    48  inv_mpu_dmp_motion_driver.o(.text)
    dmp_set_shake_reject_time                0x08004755   Thumb Code    32  inv_mpu_dmp_motion_driver.o(.text)
    dmp_set_shake_reject_timeout             0x08004775   Thumb Code    32  inv_mpu_dmp_motion_driver.o(.text)
    dmp_get_pedometer_step_count             0x08004795   Thumb Code    48  inv_mpu_dmp_motion_driver.o(.text)
    dmp_set_pedometer_step_count             0x080047c5   Thumb Code    38  inv_mpu_dmp_motion_driver.o(.text)
    dmp_get_pedometer_walk_time              0x080047eb   Thumb Code    54  inv_mpu_dmp_motion_driver.o(.text)
    dmp_set_pedometer_walk_time              0x08004821   Thumb Code    44  inv_mpu_dmp_motion_driver.o(.text)
    dmp_enable_6x_lp_quat                    0x0800484d   Thumb Code    58  inv_mpu_dmp_motion_driver.o(.text)
    dmp_enable_lp_quat                       0x08004887   Thumb Code    58  inv_mpu_dmp_motion_driver.o(.text)
    dmp_enable_gyro_cal                      0x080048c1   Thumb Code    38  inv_mpu_dmp_motion_driver.o(.text)
    dmp_enable_feature                       0x080048e7   Thumb Code   468  inv_mpu_dmp_motion_driver.o(.text)
    dmp_get_enabled_features                 0x08004abb   Thumb Code    10  inv_mpu_dmp_motion_driver.o(.text)
    dmp_set_interrupt_mode                   0x08004ac5   Thumb Code    68  inv_mpu_dmp_motion_driver.o(.text)
    dmp_read_fifo                            0x08004b09   Thumb Code   322  inv_mpu_dmp_motion_driver.o(.text)
    dmp_register_tap_cb                      0x08004c4b   Thumb Code     8  inv_mpu_dmp_motion_driver.o(.text)
    dmp_register_android_orient_cb           0x08004c53   Thumb Code     8  inv_mpu_dmp_motion_driver.o(.text)
    MPU6050_Init                             0x08004c95   Thumb Code   184  mpu6050.o(.text)
    MPU6050_Pose                             0x08004d4d   Thumb Code  1218  mpu6050.o(.text)
    __use_no_semihosting                     0x08005215   Thumb Code     2  use_no_semi_2.o(.text)
    __aeabi_ldivmod                          0x08005217   Thumb Code     0  llsdiv.o(.text)
    _ll_sdiv                                 0x08005217   Thumb Code    72  llsdiv.o(.text)
    memcmp                                   0x0800525f   Thumb Code    78  memcmp.o(.text)
    __aeabi_memset                           0x080052ad   Thumb Code    16  aeabi_memset.o(.text)
    __use_two_region_memory                  0x080052bd   Thumb Code     2  heapauxi.o(.text)
    __rt_heap_escrow$2region                 0x080052bf   Thumb Code     2  heapauxi.o(.text)
    __rt_heap_expand$2region                 0x080052c1   Thumb Code     2  heapauxi.o(.text)
    __I$use$semihosting                      0x080052c3   Thumb Code     0  use_no_semi.o(.text)
    __use_no_semihosting_swi                 0x080052c3   Thumb Code     2  use_no_semi.o(.text)
    __aeabi_uldivmod                         0x080052c5   Thumb Code     0  lludivv7m.o(.text)
    _ll_udiv                                 0x080052c5   Thumb Code   238  lludivv7m.o(.text)
    __read_errno                             0x080053b3   Thumb Code    10  _rserrno.o(.text)
    __set_errno                              0x080053bd   Thumb Code    12  _rserrno.o(.text)
    __aeabi_memclr                           0x080053c9   Thumb Code     0  rt_memclr.o(.text)
    __rt_memclr                              0x080053c9   Thumb Code    68  rt_memclr.o(.text)
    _memset                                  0x080053cd   Thumb Code     0  rt_memclr.o(.text)
    __aeabi_errno_addr                       0x0800540d   Thumb Code    12  rt_errno_addr_intlibspace.o(.text)
    __errno$intlibspace                      0x0800540d   Thumb Code     0  rt_errno_addr_intlibspace.o(.text)
    __rt_errno_addr$intlibspace              0x0800540d   Thumb Code     0  rt_errno_addr_intlibspace.o(.text)
    __aeabi_memclr4                          0x08005419   Thumb Code     0  rt_memclr_w.o(.text)
    __aeabi_memclr8                          0x08005419   Thumb Code     0  rt_memclr_w.o(.text)
    __rt_memclr_w                            0x08005419   Thumb Code    78  rt_memclr_w.o(.text)
    _memset_w                                0x0800541d   Thumb Code     0  rt_memclr_w.o(.text)
    __user_libspace                          0x08005469   Thumb Code     8  libspace.o(.text)
    __user_perproc_libspace                  0x08005469   Thumb Code     0  libspace.o(.text)
    __user_perthread_libspace                0x08005469   Thumb Code     0  libspace.o(.text)
    __user_setup_stackheap                   0x08005471   Thumb Code    74  sys_stackheap_outer.o(.text)
    exit                                     0x080054bb   Thumb Code    12  exit.o(.text)
    __rt_fp_status_addr                      0x080054c9   Thumb Code    12  rt_fp_status_addr_intlibspace.o(.text)
    __ARM_fpclassify                         0x080054d5   Thumb Code    40  fpclassify.o(i.__ARM_fpclassify)
    __kernel_poly                            0x080054fd   Thumb Code   170  poly.o(i.__kernel_poly)
    __mathlib_dbl_underflow                  0x080055a9   Thumb Code    10  dunder.o(i.__mathlib_dbl_underflow)
    asin                                     0x080055b9   Thumb Code   586  asin.o(i.asin)
    atan                                     0x08005839   Thumb Code   480  atan.o(i.atan)
    atan2                                    0x08005a5d   Thumb Code   346  atan2.o(i.atan2)
    sqrt                                     0x08005bdd   Thumb Code    74  sqrt.o(i.sqrt)
    __aeabi_d2f                              0x08005c29   Thumb Code     0  d2f.o(x$fpl$d2f)
    _d2f                                     0x08005c29   Thumb Code    98  d2f.o(x$fpl$d2f)
    __aeabi_dadd                             0x08005c8d   Thumb Code     0  daddsub_clz.o(x$fpl$dadd)
    _dadd                                    0x08005c8d   Thumb Code   328  daddsub_clz.o(x$fpl$dadd)
    __fpl_dcheck_NaN1                        0x08005dd9   Thumb Code    10  dcheck1.o(x$fpl$dcheck1)
    __aeabi_ddiv                             0x08005de9   Thumb Code     0  ddiv.o(x$fpl$ddiv)
    _ddiv                                    0x08005de9   Thumb Code   552  ddiv.o(x$fpl$ddiv)
    __aeabi_dmul                             0x08006099   Thumb Code     0  dmul.o(x$fpl$dmul)
    _dmul                                    0x08006099   Thumb Code   332  dmul.o(x$fpl$dmul)
    __fpl_dnaninf                            0x080061ed   Thumb Code   156  dnaninf.o(x$fpl$dnaninf)
    __fpl_dretinf                            0x08006289   Thumb Code    12  dretinf.o(x$fpl$dretinf)
    __aeabi_drsub                            0x08006295   Thumb Code     0  daddsub_clz.o(x$fpl$drsb)
    _drsb                                    0x08006295   Thumb Code    22  daddsub_clz.o(x$fpl$drsb)
    _dsqrt                                   0x080062ad   Thumb Code   456  dsqrt_noumaal.o(x$fpl$dsqrt)
    __aeabi_dsub                             0x08006479   Thumb Code     0  daddsub_clz.o(x$fpl$dsub)
    _dsub                                    0x08006479   Thumb Code   464  daddsub_clz.o(x$fpl$dsub)
    __aeabi_f2d                              0x0800664d   Thumb Code     0  f2d.o(x$fpl$f2d)
    _f2d                                     0x0800664d   Thumb Code    86  f2d.o(x$fpl$f2d)
    __aeabi_fadd                             0x080066a5   Thumb Code     0  faddsub_clz.o(x$fpl$fadd)
    _fadd                                    0x080066a5   Thumb Code   196  faddsub_clz.o(x$fpl$fadd)
    __fpl_fcheck_NaN1                        0x08006769   Thumb Code     6  fcheck1.o(x$fpl$fcheck1)
    __aeabi_fdiv                             0x08006775   Thumb Code     0  fdiv.o(x$fpl$fdiv)
    _fdiv                                    0x08006775   Thumb Code   384  fdiv.o(x$fpl$fdiv)
    __aeabi_f2iz                             0x080068f9   Thumb Code     0  ffix.o(x$fpl$ffix)
    _ffix                                    0x080068f9   Thumb Code    54  ffix.o(x$fpl$ffix)
    __aeabi_f2uiz                            0x08006931   Thumb Code     0  ffixu.o(x$fpl$ffixu)
    _ffixu                                   0x08006931   Thumb Code    62  ffixu.o(x$fpl$ffixu)
    __aeabi_i2f                              0x08006971   Thumb Code     0  fflt_clz.o(x$fpl$fflt)
    _fflt                                    0x08006971   Thumb Code    48  fflt_clz.o(x$fpl$fflt)
    __aeabi_ui2f                             0x080069a1   Thumb Code     0  fflt_clz.o(x$fpl$ffltu)
    _ffltu                                   0x080069a1   Thumb Code    38  fflt_clz.o(x$fpl$ffltu)
    __aeabi_fmul                             0x080069c9   Thumb Code     0  fmul.o(x$fpl$fmul)
    _fmul                                    0x080069c9   Thumb Code   258  fmul.o(x$fpl$fmul)
    __fpl_fnaninf                            0x08006acb   Thumb Code   140  fnaninf.o(x$fpl$fnaninf)
    _fp_init                                 0x08006b57   Thumb Code    14  fpinit.o(x$fpl$fpinit)
    __fplib_config_pureend_doubles           0x08006b63   Thumb Code     0  fpinit.o(x$fpl$fpinit)
    __fpl_fretinf                            0x08006b65   Thumb Code    10  fretinf.o(x$fpl$fretinf)
    __aeabi_fsub                             0x08006b71   Thumb Code     0  faddsub_clz.o(x$fpl$fsub)
    _fsub                                    0x08006b71   Thumb Code   234  faddsub_clz.o(x$fpl$fsub)
    __fpl_return_NaN                         0x08006c5b   Thumb Code   100  retnan.o(x$fpl$retnan)
    __ARM_scalbn                             0x08006cbf   Thumb Code     0  scalbn.o(x$fpl$scalbn)
    scalbn                                   0x08006cbf   Thumb Code    96  scalbn.o(x$fpl$scalbn)
    __fpl_inf_scalbn                         0x08006d1d   Thumb Code     0  scalbn.o(x$fpl$scalbn)
    __ARM_scalbnf                            0x08006d1f   Thumb Code     0  scalbnf.o(x$fpl$scalbnf)
    scalbnf                                  0x08006d1f   Thumb Code    80  scalbnf.o(x$fpl$scalbnf)
    __fpl_inf_scalbnf                        0x08006d6d   Thumb Code     0  scalbnf.o(x$fpl$scalbnf)
    __fpl_cmpreturn                          0x08006d6f   Thumb Code    48  trapv.o(x$fpl$trapveneer)
    Hzk                                      0x08006d9e   Data        2752  oled.o(.constdata)
    __I$use$fp                               0x08006d9f   Thumb Code     0  usenofp.o(x$fpl$usenofp)
    Hzk_Big                                  0x0800785e   Data        1408  oled.o(.constdata)
    hw                                       0x08007dde   Data          12  inv_mpu.o(.constdata)
    reg                                      0x08007dea   Data          27  inv_mpu.o(.constdata)
    test                                     0x08007e08   Data          40  inv_mpu.o(.constdata)
    __mathlib_zero                           0x08008b60   Data           8  qnan.o(.constdata)
    Region$$Table$$Base                      0x08008b68   Number         0  anon$$obj.o(Region$$Table)
    Region$$Table$$Limit                     0x08008b88   Number         0  anon$$obj.o(Region$$Table)
    Speed_FR                                 0x20000000   Data           2  main.o(.data)
    SystemCoreClock                          0x20000004   Data           4  system_stm32f10x.o(.data)
    AHBPrescTable                            0x20000008   Data          16  system_stm32f10x.o(.data)
    EA                                       0x20000018   Data           1  oled.o(.data)
    F8X16                                    0x20000019   Data        1520  oled.o(.data)
    DATA_BUF                                 0x2000060e   Data           1  fr905.o(.data)
    TxAddress                                0x2000060f   Data           4  fr905.o(.data)
    RxBuf                                    0x20000613   Data           4  fr905.o(.data)
    RFConf                                   0x20000617   Data          11  fr905.o(.data)
    angle_P_roll                             0x20000638   Data           4  pid.o(.data)
    angle_P_pitch                            0x2000063c   Data           4  pid.o(.data)
    angle_P_yaw                              0x20000640   Data           4  pid.o(.data)
    angle_D_roll                             0x20000644   Data           4  pid.o(.data)
    angle_D_pitch                            0x20000648   Data           4  pid.o(.data)
    angle_D_yaw                              0x2000064c   Data           4  pid.o(.data)
    PID_roll_out                             0x20000650   Data           4  pid.o(.data)
    PID_pitch_out                            0x20000654   Data           4  pid.o(.data)
    PID_yaw_out                              0x20000658   Data           4  pid.o(.data)
    CCR1_Val                                 0x2000065c   Data           2  pwm_output.o(.data)
    CCR2_Val                                 0x2000065e   Data           2  pwm_output.o(.data)
    CCR3_Val                                 0x20000660   Data           2  pwm_output.o(.data)
    CCR4_Val                                 0x20000662   Data           2  pwm_output.o(.data)
    Gyro_Stop_Flag                           0x20000664   Data           1  tim3_control_period.o(.data)
    more                                     0x20000694   Data           1  mpu6050.o(.data)
    sensors                                  0x20000696   Data           2  mpu6050.o(.data)
    q0                                       0x20000698   Data           4  mpu6050.o(.data)
    q1                                       0x2000069c   Data           4  mpu6050.o(.data)
    q2                                       0x200006a0   Data           4  mpu6050.o(.data)
    q3                                       0x200006a4   Data           4  mpu6050.o(.data)
    Pitch                                    0x200006a8   Data           4  mpu6050.o(.data)
    Roll                                     0x200006ac   Data           4  mpu6050.o(.data)
    Yaw                                      0x200006b0   Data           4  mpu6050.o(.data)
    W_Roll                                   0x200006b4   Data           4  mpu6050.o(.data)
    W_Pitch                                  0x200006b8   Data           4  mpu6050.o(.data)
    W_Yaw                                    0x200006bc   Data           4  mpu6050.o(.data)
    sensor_timestamp                         0x200006c0   Data           4  mpu6050.o(.data)
    gyro                                     0x200006c4   Data           6  mpu6050.o(.data)
    accel                                    0x200006ca   Data           6  mpu6050.o(.data)
    quat                                     0x200006ec   Data          16  mpu6050.o(.bss)
    w_and_angle                              0x200006fc   Data          28  mpu6050.o(.bss)
    __libspace_start                         0x20000718   Data          96  libspace.o(.bss)
    __temporary_stack_top$libspace           0x20000778   Data           0  libspace.o(.bss)



==============================================================================

Memory Map of the image

  Image Entry point : 0x080000ed

  Load Region LR_IROM1 (Base: 0x08000000, Size: 0x00009264, Max: 0x00040000, ABSOLUTE, COMPRESSED[0x00008f40])

    Execution Region ER_IROM1 (Base: 0x08000000, Size: 0x00008b88, Max: 0x00040000, ABSOLUTE)

    Base Addr    Size         Type   Attr      Idx    E Section Name        Object

    0x08000000   0x000000ec   Data   RO          234    RESET               startup_stm32f10x_md.o
    0x080000ec   0x00000008   Code   RO          643  * !!!main             c_w.l(__main.o)(c_w.l)
    0x080000f4   0x00000034   Code   RO          948    !!!scatter          c_w.l(__scatter.o)(c_w.l)
    0x08000128   0x0000005a   Code   RO          946    !!dczerorl2         c_w.l(__dczerorl2.o)(c_w.l)
    0x08000182   0x00000002   PAD
    0x08000184   0x0000001c   Code   RO          950    !!handler_zi        c_w.l(__scatter_zi.o)(c_w.l)
    0x080001a0   0x00000006   Code   RO          815    .ARM.Collect$$libinit$$00000000  c_w.l(libinit.o)(c_w.l)
    0x080001a6   0x00000000   Code   RO          828    .ARM.Collect$$libinit$$00000006  c_w.l(libinit2.o)(c_w.l)
    0x080001a6   0x00000000   Code   RO          830    .ARM.Collect$$libinit$$00000008  c_w.l(libinit2.o)(c_w.l)
    0x080001a6   0x00000000   Code   RO          832    .ARM.Collect$$libinit$$0000000A  c_w.l(libinit2.o)(c_w.l)
    0x080001a6   0x00000000   Code   RO          835    .ARM.Collect$$libinit$$0000000D  c_w.l(libinit2.o)(c_w.l)
    0x080001a6   0x00000000   Code   RO          837    .ARM.Collect$$libinit$$0000000F  c_w.l(libinit2.o)(c_w.l)
    0x080001a6   0x00000000   Code   RO          839    .ARM.Collect$$libinit$$00000011  c_w.l(libinit2.o)(c_w.l)
    0x080001a6   0x00000000   Code   RO          841    .ARM.Collect$$libinit$$00000013  c_w.l(libinit2.o)(c_w.l)
    0x080001a6   0x00000000   Code   RO          843    .ARM.Collect$$libinit$$00000015  c_w.l(libinit2.o)(c_w.l)
    0x080001a6   0x00000000   Code   RO          845    .ARM.Collect$$libinit$$00000017  c_w.l(libinit2.o)(c_w.l)
    0x080001a6   0x00000000   Code   RO          847    .ARM.Collect$$libinit$$00000019  c_w.l(libinit2.o)(c_w.l)
    0x080001a6   0x00000000   Code   RO          849    .ARM.Collect$$libinit$$0000001B  c_w.l(libinit2.o)(c_w.l)
    0x080001a6   0x00000000   Code   RO          851    .ARM.Collect$$libinit$$0000001D  c_w.l(libinit2.o)(c_w.l)
    0x080001a6   0x00000000   Code   RO          853    .ARM.Collect$$libinit$$0000001F  c_w.l(libinit2.o)(c_w.l)
    0x080001a6   0x00000000   Code   RO          855    .ARM.Collect$$libinit$$00000021  c_w.l(libinit2.o)(c_w.l)
    0x080001a6   0x00000000   Code   RO          859    .ARM.Collect$$libinit$$00000028  c_w.l(libinit2.o)(c_w.l)
    0x080001a6   0x00000000   Code   RO          861    .ARM.Collect$$libinit$$0000002A  c_w.l(libinit2.o)(c_w.l)
    0x080001a6   0x00000000   Code   RO          863    .ARM.Collect$$libinit$$0000002C  c_w.l(libinit2.o)(c_w.l)
    0x080001a6   0x00000000   Code   RO          865    .ARM.Collect$$libinit$$0000002E  c_w.l(libinit2.o)(c_w.l)
    0x080001a6   0x00000002   Code   RO          866    .ARM.Collect$$libinit$$0000002F  c_w.l(libinit2.o)(c_w.l)
    0x080001a8   0x00000002   Code   RO          900    .ARM.Collect$$libshutdown$$00000000  c_w.l(libshutdown.o)(c_w.l)
    0x080001aa   0x00000000   Code   RO          915    .ARM.Collect$$libshutdown$$00000003  c_w.l(libshutdown2.o)(c_w.l)
    0x080001aa   0x00000000   Code   RO          918    .ARM.Collect$$libshutdown$$00000006  c_w.l(libshutdown2.o)(c_w.l)
    0x080001aa   0x00000000   Code   RO          921    .ARM.Collect$$libshutdown$$00000009  c_w.l(libshutdown2.o)(c_w.l)
    0x080001aa   0x00000000   Code   RO          923    .ARM.Collect$$libshutdown$$0000000B  c_w.l(libshutdown2.o)(c_w.l)
    0x080001aa   0x00000000   Code   RO          926    .ARM.Collect$$libshutdown$$0000000E  c_w.l(libshutdown2.o)(c_w.l)
    0x080001aa   0x00000002   Code   RO          927    .ARM.Collect$$libshutdown$$0000000F  c_w.l(libshutdown2.o)(c_w.l)
    0x080001ac   0x00000000   Code   RO          701    .ARM.Collect$$rtentry$$00000000  c_w.l(rtentry.o)(c_w.l)
    0x080001ac   0x00000000   Code   RO          764    .ARM.Collect$$rtentry$$00000002  c_w.l(rtentry2.o)(c_w.l)
    0x080001ac   0x00000006   Code   RO          779    .ARM.Collect$$rtentry$$00000004  c_w.l(rtentry4.o)(c_w.l)
    0x080001b2   0x00000000   Code   RO          766    .ARM.Collect$$rtentry$$00000009  c_w.l(rtentry2.o)(c_w.l)
    0x080001b2   0x00000004   Code   RO          767    .ARM.Collect$$rtentry$$0000000A  c_w.l(rtentry2.o)(c_w.l)
    0x080001b6   0x00000000   Code   RO          769    .ARM.Collect$$rtentry$$0000000C  c_w.l(rtentry2.o)(c_w.l)
    0x080001b6   0x00000008   Code   RO          770    .ARM.Collect$$rtentry$$0000000D  c_w.l(rtentry2.o)(c_w.l)
    0x080001be   0x00000002   Code   RO          820    .ARM.Collect$$rtexit$$00000000  c_w.l(rtexit.o)(c_w.l)
    0x080001c0   0x00000000   Code   RO          870    .ARM.Collect$$rtexit$$00000002  c_w.l(rtexit2.o)(c_w.l)
    0x080001c0   0x00000004   Code   RO          871    .ARM.Collect$$rtexit$$00000003  c_w.l(rtexit2.o)(c_w.l)
    0x080001c4   0x00000006   Code   RO          872    .ARM.Collect$$rtexit$$00000004  c_w.l(rtexit2.o)(c_w.l)
    0x080001ca   0x00000002   PAD
    0x080001cc   0x00000108   Code   RO            1    .text               main.o
    0x080002d4   0x0000001a   Code   RO           84    .text               stm32f10x_it.o
    0x080002ee   0x00000002   PAD
    0x080002f0   0x00000140   Code   RO          105    .text               system_stm32f10x.o
    0x08000430   0x0000070c   Code   RO          123    .text               oled.o
    0x08000b3c   0x00000068   Code   RO          147    .text               delay.o
    0x08000ba4   0x00000350   Code   RO          161    .text               myiic.o
    0x08000ef4   0x0000029c   Code   RO          176    .text               fr905.o
    0x08001190   0x000001bc   Code   RO          194    .text               usart.o
    0x0800134c   0x00000040   Code   RO          235    .text               startup_stm32f10x_md.o
    0x0800138c   0x000000b4   Code   RO          239    .text               misc.o
    0x08001440   0x00000268   Code   RO          356    .text               stm32f10x_gpio.o
    0x080016a8   0x000002bc   Code   RO          398    .text               stm32f10x_rcc.o
    0x08001964   0x00000a74   Code   RO          443    .text               stm32f10x_tim.o
    0x080023d8   0x00000330   Code   RO          456    .text               stm32f10x_usart.o
    0x08002708   0x0000003c   Code   RO          468    .text               pid.o
    0x08002744   0x000000d8   Code   RO          488    .text               pwm_output.o
    0x0800281c   0x00000204   Code   RO          503    .text               tim3_control_period.o
    0x08002a20   0x00001804   Code   RO          526    .text               inv_mpu.o
    0x08004224   0x00000a70   Code   RO          579    .text               inv_mpu_dmp_motion_driver.o
    0x08004c94   0x00000580   Code   RO          608    .text               mpu6050.o
    0x08005214   0x00000002   Code   RO          633    .text               c_w.l(use_no_semi_2.o)(c_w.l)
    0x08005216   0x00000048   Code   RO          635    .text               c_w.l(llsdiv.o)(c_w.l)
    0x0800525e   0x0000004e   Code   RO          637    .text               c_w.l(memcmp.o)(c_w.l)
    0x080052ac   0x00000010   Code   RO          639    .text               c_w.l(aeabi_memset.o)(c_w.l)
    0x080052bc   0x00000006   Code   RO          641    .text               c_w.l(heapauxi.o)(c_w.l)
    0x080052c2   0x00000002   Code   RO          699    .text               c_w.l(use_no_semi.o)(c_w.l)
    0x080052c4   0x000000ee   Code   RO          703    .text               c_w.l(lludivv7m.o)(c_w.l)
    0x080053b2   0x00000016   Code   RO          705    .text               c_w.l(_rserrno.o)(c_w.l)
    0x080053c8   0x00000044   Code   RO          707    .text               c_w.l(rt_memclr.o)(c_w.l)
    0x0800540c   0x0000000c   Code   RO          788    .text               c_w.l(rt_errno_addr_intlibspace.o)(c_w.l)
    0x08005418   0x0000004e   Code   RO          790    .text               c_w.l(rt_memclr_w.o)(c_w.l)
    0x08005466   0x00000002   PAD
    0x08005468   0x00000008   Code   RO          800    .text               c_w.l(libspace.o)(c_w.l)
    0x08005470   0x0000004a   Code   RO          803    .text               c_w.l(sys_stackheap_outer.o)(c_w.l)
    0x080054ba   0x0000000c   Code   RO          807    .text               c_w.l(exit.o)(c_w.l)
    0x080054c6   0x00000002   PAD
    0x080054c8   0x0000000c   Code   RO          882    .text               c_w.l(rt_fp_status_addr_intlibspace.o)(c_w.l)
    0x080054d4   0x00000028   Code   RO          750    i.__ARM_fpclassify  m_ws.l(fpclassify.o)(m_ws.l)
    0x080054fc   0x000000aa   Code   RO          752    i.__kernel_poly     m_ws.l(poly.o)(m_ws.l)
    0x080055a6   0x00000002   PAD
    0x080055a8   0x00000010   Code   RO          748    i.__mathlib_dbl_underflow  m_ws.l(dunder.o)(m_ws.l)
    0x080055b8   0x00000280   Code   RO          682    i.asin              m_ws.l(asin.o)(m_ws.l)
    0x08005838   0x00000224   Code   RO          739    i.atan              m_ws.l(atan.o)(m_ws.l)
    0x08005a5c   0x00000180   Code   RO          692    i.atan2             m_ws.l(atan2.o)(m_ws.l)
    0x08005bdc   0x0000004a   Code   RO          756    i.sqrt              m_ws.l(sqrt.o)(m_ws.l)
    0x08005c26   0x00000002   PAD
    0x08005c28   0x00000062   Code   RO          645    x$fpl$d2f           fz_ws.l(d2f.o)(fz_ws.l)
    0x08005c8a   0x00000002   PAD
    0x08005c8c   0x0000014c   Code   RO          709    x$fpl$dadd          fz_ws.l(daddsub_clz.o)(fz_ws.l)
    0x08005dd8   0x00000010   Code   RO          792    x$fpl$dcheck1       fz_ws.l(dcheck1.o)(fz_ws.l)
    0x08005de8   0x000002b0   Code   RO          716    x$fpl$ddiv          fz_ws.l(ddiv.o)(fz_ws.l)
    0x08006098   0x00000154   Code   RO          647    x$fpl$dmul          fz_ws.l(dmul.o)(fz_ws.l)
    0x080061ec   0x0000009c   Code   RO          719    x$fpl$dnaninf       fz_ws.l(dnaninf.o)(fz_ws.l)
    0x08006288   0x0000000c   Code   RO          721    x$fpl$dretinf       fz_ws.l(dretinf.o)(fz_ws.l)
    0x08006294   0x00000016   Code   RO          710    x$fpl$drsb          fz_ws.l(daddsub_clz.o)(fz_ws.l)
    0x080062aa   0x00000002   PAD
    0x080062ac   0x000001cc   Code   RO          796    x$fpl$dsqrt         fz_ws.l(dsqrt_noumaal.o)(fz_ws.l)
    0x08006478   0x000001d4   Code   RO          711    x$fpl$dsub          fz_ws.l(daddsub_clz.o)(fz_ws.l)
    0x0800664c   0x00000056   Code   RO          649    x$fpl$f2d           fz_ws.l(f2d.o)(fz_ws.l)
    0x080066a2   0x00000002   PAD
    0x080066a4   0x000000c4   Code   RO          651    x$fpl$fadd          fz_ws.l(faddsub_clz.o)(fz_ws.l)
    0x08006768   0x0000000c   Code   RO          723    x$fpl$fcheck1       fz_ws.l(fcheck1.o)(fz_ws.l)
    0x08006774   0x00000184   Code   RO          658    x$fpl$fdiv          fz_ws.l(fdiv.o)(fz_ws.l)
    0x080068f8   0x00000036   Code   RO          661    x$fpl$ffix          fz_ws.l(ffix.o)(fz_ws.l)
    0x0800692e   0x00000002   PAD
    0x08006930   0x0000003e   Code   RO          665    x$fpl$ffixu         fz_ws.l(ffixu.o)(fz_ws.l)
    0x0800696e   0x00000002   PAD
    0x08006970   0x00000030   Code   RO          670    x$fpl$fflt          fz_ws.l(fflt_clz.o)(fz_ws.l)
    0x080069a0   0x00000026   Code   RO          669    x$fpl$ffltu         fz_ws.l(fflt_clz.o)(fz_ws.l)
    0x080069c6   0x00000002   PAD
    0x080069c8   0x00000102   Code   RO          675    x$fpl$fmul          fz_ws.l(fmul.o)(fz_ws.l)
    0x08006aca   0x0000008c   Code   RO          725    x$fpl$fnaninf       fz_ws.l(fnaninf.o)(fz_ws.l)
    0x08006b56   0x0000000e   Code   RO          867    x$fpl$fpinit        fz_ws.l(fpinit.o)(fz_ws.l)
    0x08006b64   0x0000000a   Code   RO          727    x$fpl$fretinf       fz_ws.l(fretinf.o)(fz_ws.l)
    0x08006b6e   0x00000002   PAD
    0x08006b70   0x000000ea   Code   RO          653    x$fpl$fsub          fz_ws.l(faddsub_clz.o)(fz_ws.l)
    0x08006c5a   0x00000064   Code   RO          798    x$fpl$retnan        fz_ws.l(retnan.o)(fz_ws.l)
    0x08006cbe   0x00000060   Code   RO          732    x$fpl$scalbn        fz_ws.l(scalbn.o)(fz_ws.l)
    0x08006d1e   0x00000050   Code   RO          678    x$fpl$scalbnf       fz_ws.l(scalbnf.o)(fz_ws.l)
    0x08006d6e   0x00000030   Code   RO          818    x$fpl$trapveneer    fz_ws.l(trapv.o)(fz_ws.l)
    0x08006d9e   0x00000000   Code   RO          737    x$fpl$usenofp       fz_ws.l(usenofp.o)(fz_ws.l)
    0x08006d9e   0x00001040   Data   RO          124    .constdata          oled.o
    0x08007dde   0x0000000c   Data   RO          527    .constdata          inv_mpu.o
    0x08007dea   0x0000001b   Data   RO          528    .constdata          inv_mpu.o
    0x08007e05   0x00000003   PAD
    0x08007e08   0x00000028   Data   RO          529    .constdata          inv_mpu.o
    0x08007e30   0x0000004d   Data   RO          530    .constdata          inv_mpu.o
    0x08007e7d   0x00000bf6   Data   RO          581    .constdata          inv_mpu_dmp_motion_driver.o
    0x08008a73   0x00000005   PAD
    0x08008a78   0x00000050   Data   RO          683    .constdata          m_ws.l(asin.o)(m_ws.l)
    0x08008ac8   0x00000098   Data   RO          740    .constdata          m_ws.l(atan.o)(m_ws.l)
    0x08008b60   0x00000008   Data   RO          754    .constdata          m_ws.l(qnan.o)(m_ws.l)
    0x08008b68   0x00000020   Data   RO          944    Region$$Table       anon$$obj.o


    Execution Region RW_IRAM1 (Base: 0x20000000, Size: 0x00000d78, Max: 0x0000c000, ABSOLUTE, COMPRESSED[0x000003b8])

    Base Addr    Size         Type   Attr      Idx    E Section Name        Object

    0x20000000   0x00000002   Data   RW            3    .data               main.o
    0x20000002   0x00000002   PAD
    0x20000004   0x00000014   Data   RW          106    .data               system_stm32f10x.o
    0x20000018   0x000005f1   Data   RW          126    .data               oled.o
    0x20000609   0x00000001   PAD
    0x2000060a   0x00000004   Data   RW          148    .data               delay.o
    0x2000060e   0x00000014   Data   RW          177    .data               fr905.o
    0x20000622   0x00000014   Data   RW          399    .data               stm32f10x_rcc.o
    0x20000636   0x00000002   PAD
    0x20000638   0x00000024   Data   RW          469    .data               pid.o
    0x2000065c   0x00000008   Data   RW          489    .data               pwm_output.o
    0x20000664   0x00000001   Data   RW          504    .data               tim3_control_period.o
    0x20000665   0x00000003   PAD
    0x20000668   0x0000002c   Data   RW          531    .data               inv_mpu.o
    0x20000694   0x00000045   Data   RW          610    .data               mpu6050.o
    0x200006d9   0x00000003   PAD
    0x200006dc   0x00000010   Zero   RW          580    .bss                inv_mpu_dmp_motion_driver.o
    0x200006ec   0x0000002c   Zero   RW          609    .bss                mpu6050.o
    0x20000718   0x00000060   Zero   RW          801    .bss                c_w.l(libspace.o)(c_w.l)
    0x20000778   0x00000200   Zero   RW          233    HEAP                startup_stm32f10x_md.o
    0x20000978   0x00000400   Zero   RW          232    STACK               startup_stm32f10x_md.o

