ARM Linker, 5.03 [Build 69] [MDK-ARM Standard]

==============================================================================

Section Cross References

    anoremoter.o(.text) refers to board.o(.text) for ANO_Remoter_board_Init()
    anoremoter.o(.text) refers to ano_param.o(.text) for ANO_Param::Init()
    anoremoter.o(.text) refers to ano_scheduler.o(.text) for ANO_Loop()
    anoremoter.o(.text) refers to ano_param.o(.data) for param
    anoremoter.o(.ARM.exidx) refers to anoremoter.o(.text) for .text
    ano_config.o(.text) refers to ano_config.o(.data) for ano
    ano_config.o(.ARM.exidx) refers to ano_config.o(.text) for .text
    ano_config.o(.init_array) refers to ano_config.o(.text) for __sti___14_ANO_Config_cpp
    ano_config.o(.init_array) refers to init_aeabi.o(.text) for __cpp_initialize__aeabi_
    ano_scheduler.o(.text) refers to ano_rc.o(.text) for ANO_RC::DataGet()
    ano_scheduler.o(.text) refers to ano_dt.o(.text) for ANO_DT::Data_Exchange()
    ano_scheduler.o(.text) refers to ano_rc.o(.bss) for rc
    ano_scheduler.o(.text) refers to ano_dt.o(.bss) for dt
    ano_scheduler.o(.text) refers to ano_scheduler.o(.bss) for scheduler
    ano_scheduler.o(.ARM.exidx) refers to ano_scheduler.o(.text) for .text
    ano_scheduler.o(.init_array) refers to ano_scheduler.o(.text) for __sti___17_ANO_Scheduler_cpp
    ano_scheduler.o(.init_array) refers to init_aeabi.o(.text) for __cpp_initialize__aeabi_
    ano_dt.o(.text) refers to ano_drv_nrf24l01.o(.text) for ANO_NRF::TxPacket_AP(unsigned char*, unsigned char)
    ano_dt.o(.text) refers to ano_drv_usart1.o(.data) for Rx_Ok0
    ano_dt.o(.text) refers to ano_drv_usart1.o(.bss) for Rx_Buf
    ano_dt.o(.text) refers to ano_drv_nrf24l01.o(.bss) for nrf
    ano_dt.o(.text) refers to ano_rc.o(.bss) for rc
    ano_dt.o(.text) refers to ano_dt.o(.data) for cnt
    ano_dt.o(.ARM.exidx) refers to ano_dt.o(.text) for .text
    ano_rc.o(.text) refers to fflt_clz.o(x$fpl$ffltu) for __aeabi_ui2f
    ano_rc.o(.text) refers to f2d.o(x$fpl$f2d) for __aeabi_f2d
    ano_rc.o(.text) refers to dmul.o(x$fpl$dmul) for __aeabi_dmul
    ano_rc.o(.text) refers to daddsub_clz.o(x$fpl$dadd) for __aeabi_dadd
    ano_rc.o(.text) refers to d2f.o(x$fpl$d2f) for __aeabi_d2f
    ano_rc.o(.text) refers to fdiv.o(x$fpl$fdiv) for __aeabi_fdiv
    ano_rc.o(.text) refers to faddsub_clz.o(x$fpl$frsb) for __aeabi_frsub
    ano_rc.o(.text) refers to faddsub_clz.o(x$fpl$fadd) for __aeabi_fadd
    ano_rc.o(.text) refers to ffixu.o(x$fpl$ffixu) for __aeabi_f2uiz
    ano_rc.o(.text) refers to dflt_clz.o(x$fpl$dflt) for __aeabi_i2d
    ano_rc.o(.text) refers to dfixu.o(x$fpl$dfixu) for __aeabi_d2uiz
    ano_rc.o(.text) refers to ano_param.o(.text) for ANO_Param::SAVE_RC_OFFSET()
    ano_rc.o(.text) refers to ano_drv_adc.o(.bss) for ADC_ConvertedValue
    ano_rc.o(.text) refers to ano_rc.o(.data) for timeDelayFlag
    ano_rc.o(.text) refers to ano_param.o(.data) for param
    ano_rc.o(.text) refers to ano_rc.o(.bss) for rc
    ano_rc.o(.ARM.exidx) refers to ano_rc.o(.text) for .text
    ano_rc.o(.init_array) refers to ano_rc.o(.text) for __sti___10_ANO_RC_cpp
    ano_rc.o(.init_array) refers to init_aeabi.o(.text) for __cpp_initialize__aeabi_
    ano_param.o(.text) refers to ano_drv_eeprom.o(.text) for EE_ReadVariable(unsigned short, unsigned short*)
    ano_param.o(.text) refers to ano_drv_eeprom.o(.constdata) for VirtAddVarTab
    ano_param.o(.text) refers to ano_rc.o(.bss) for rc
    ano_param.o(.ARM.exidx) refers to ano_param.o(.text) for .text
    board.o(.text) refers to misc.o(.text) for NVIC_PriorityGroupConfig
    board.o(.text) refers to ano_drv_usart1.o(.text) for Uart1_Init(unsigned)
    board.o(.text) refers to ano_drv_spi2.o(.text) for ANO_SPI2::Init()
    board.o(.text) refers to ano_drv_nrf24l01.o(.text) for ANO_NRF::Init(unsigned char, unsigned char)
    board.o(.text) refers to ano_drv_adc.o(.text) for ADC1_Init()
    board.o(.text) refers to stm32f10x_flash.o(.text) for FLASH_Unlock
    board.o(.text) refers to ano_drv_eeprom.o(.text) for EE_Init()
    board.o(.text) refers to ano_scheduler.o(.bss) for scheduler
    board.o(.text) refers to system_stm32f10x.o(.data) for SystemCoreClock
    board.o(.text) refers to ano_drv_nrf24l01.o(.bss) for nrf
    board.o(.ARM.exidx) refers to board.o(.text) for .text
    stm32f10x_it.o(.text) refers to board.o(.text) for SysTick_IRQ()
    stm32f10x_it.o(.text) refers to ano_drv_usart1.o(.text) for Uart1_IRQ()
    stm32f10x_it.o(.ARM.exidx) refers to stm32f10x_it.o(.text) for .text
    ano_drv_spi2.o(.text) refers to stm32f10x_rcc.o(.text) for RCC_APB2PeriphClockCmd
    ano_drv_spi2.o(.text) refers to stm32f10x_gpio.o(.text) for GPIO_Init
    ano_drv_spi2.o(.text) refers to stm32f10x_spi.o(.text) for SPI_Init
    ano_drv_spi2.o(.ARM.exidx) refers to ano_drv_spi2.o(.text) for .text
    ano_drv_nrf24l01.o(.text) refers to ano_drv_spi2.o(.text) for ANO_SPI2::CSN_L()
[...]
    Removing ano_rc.o(.ARM.exidx), (8 bytes).
    Removing ano_param.o(.rev16_text), (4 bytes).
    Removing ano_param.o(.revsh_text), (4 bytes).
    Removing ano_param.o(.ARM.exidx), (8 bytes).
    Removing board.o(.rev16_text), (4 bytes).
    Removing board.o(.revsh_text), (4 bytes).
    Removing board.o(.ARM.exidx), (8 bytes).
    Removing stm32f10x_it.o(.rev16_text), (4 bytes).
    Removing stm32f10x_it.o(.revsh_text), (4 bytes).
    Removing stm32f10x_it.o(.ARM.exidx), (8 bytes).
    Removing ano_drv_spi2.o(.rev16_text), (4 bytes).
    Removing ano_drv_spi2.o(.revsh_text), (4 bytes).
    Removing ano_drv_spi2.o(.ARM.exidx), (8 bytes).
    Removing ano_drv_nrf24l01.o(.rev16_text), (4 bytes).
    Removing ano_drv_nrf24l01.o(.revsh_text), (4 bytes).
    Removing ano_drv_nrf24l01.o(.ARM.exidx), (8 bytes).
    Removing ano_drv_eeprom.o(.rev16_text), (4 bytes).
    Removing ano_drv_eeprom.o(.revsh_text), (4 bytes).
    Removing ano_drv_eeprom.o(.ARM.exidx), (8 bytes).
    Removing ano_drv_usart1.o(.rev16_text), (4 bytes).
    Removing ano_drv_usart1.o(.revsh_text), (4 bytes).
    Removing ano_drv_usart1.o(.ARM.exidx), (8 bytes).
    Removing ano_drv_adc.o(.rev16_text), (4 bytes).
    Removing ano_drv_adc.o(.revsh_text), (4 bytes).
    Removing ano_drv_adc.o(.ARM.exidx), (8 bytes).
    Removing misc.o(.rev16_text), (4 bytes).
    Removing misc.o(.revsh_text), (4 bytes).
    Removing misc.o(.ARM.exidx), (8 bytes).
    Removing stm32f10x_gpio.o(.rev16_text), (4 bytes).
    Removing stm32f10x_gpio.o(.revsh_text), (4 bytes).
    Removing stm32f10x_gpio.o(.ARM.exidx), (8 bytes).
    Removing stm32f10x_rcc.o(.rev16_text), (4 bytes).
    Removing stm32f10x_rcc.o(.revsh_text), (4 bytes).
    Removing stm32f10x_rcc.o(.ARM.exidx), (8 bytes).
    Removing stm32f10x_tim.o(.rev16_text), (4 bytes).
    Removing stm32f10x_tim.o(.revsh_text), (4 bytes).
    Removing stm32f10x_tim.o(.text), (3610 bytes).
    Removing stm32f10x_tim.o(.ARM.exidx), (8 bytes).
    Removing stm32f10x_usart.o(.rev16_text), (4 bytes).
    Removing stm32f10x_usart.o(.revsh_text), (4 bytes).
    Removing stm32f10x_usart.o(.ARM.exidx), (8 bytes).
    Removing stm32f10x_flash.o(.rev16_text), (4 bytes).
    Removing stm32f10x_flash.o(.revsh_text), (4 bytes).
    Removing stm32f10x_flash.o(.ARM.exidx), (8 bytes).
    Removing system_stm32f10x.o(.rev16_text), (4 bytes).
    Removing system_stm32f10x.o(.revsh_text), (4 bytes).
    Removing system_stm32f10x.o(.ARM.exidx), (8 bytes).
    Removing stm32f10x_spi.o(.rev16_text), (4 bytes).
    Removing stm32f10x_spi.o(.revsh_text), (4 bytes).
    Removing stm32f10x_spi.o(.ARM.exidx), (8 bytes).
    Removing stm32f10x_adc.o(.rev16_text), (4 bytes).
    Removing stm32f10x_adc.o(.revsh_text), (4 bytes).
    Removing stm32f10x_adc.o(.ARM.exidx), (8 bytes).
    Removing stm32f10x_dma.o(.rev16_text), (4 bytes).
    Removing stm32f10x_dma.o(.revsh_text), (4 bytes).
    Removing stm32f10x_dma.o(.ARM.exidx), (8 bytes).

70 unused section(s) (total 3978 bytes) removed from the image.

==============================================================================

Image Symbol Table

    Local Symbols

    Symbol Name                              Value     Ov Type        Size  Object(Section)

    ../clib/angel/boardlib.s                 0x00000000   Number         0  boardinit1.o ABSOLUTE
    ../clib/angel/boardlib.s                 0x00000000   Number         0  boardshut.o ABSOLUTE
    ../clib/angel/boardlib.s                 0x00000000   Number         0  boardinit3.o ABSOLUTE
    ../clib/angel/boardlib.s                 0x00000000   Number         0  boardinit2.o ABSOLUTE
    ../clib/angel/handlers.s                 0x00000000   Number         0  __scatter_zi.o ABSOLUTE
    ../clib/angel/handlers.s                 0x00000000   Number         0  __scatter_copy.o ABSOLUTE
    ../clib/angel/kernel.s                   0x00000000   Number         0  rtentry2.o ABSOLUTE
    ../clib/angel/kernel.s                   0x00000000   Number         0  rtexit.o ABSOLUTE
    ../clib/angel/kernel.s                   0x00000000   Number         0  rtentry4.o ABSOLUTE
    ../clib/angel/kernel.s                   0x00000000   Number         0  rtexit2.o ABSOLUTE
    ../clib/angel/kernel.s                   0x00000000   Number         0  rtentry.o ABSOLUTE
    ../clib/angel/rt.s                       0x00000000   Number         0  rt_raise.o ABSOLUTE
    ../clib/angel/scatter.s                  0x00000000   Number         0  __scatter.o ABSOLUTE
    ../clib/angel/startup.s                  0x00000000   Number         0  __main.o ABSOLUTE
    ../clib/angel/sys.s                      0x00000000   Number         0  sys_stackheap_outer.o ABSOLUTE
    ../clib/angel/sys.s                      0x00000000   Number         0  use_no_semi.o ABSOLUTE
    ../clib/angel/sys.s                      0x00000000   Number         0  indicate_semi.o ABSOLUTE
    ../clib/angel/sys.s                      0x00000000   Number         0  libspace.o ABSOLUTE
    ../clib/angel/sysapp.c                   0x00000000   Number         0  sys_wrch.o ABSOLUTE
    ../clib/angel/sysapp.c                   0x00000000   Number         0  sys_exit.o ABSOLUTE
    ../clib/angel/sysapp.c                   0x00000000   Number         0  sys_command.o ABSOLUTE
    ../clib/arm_runtime.c                    0x00000000   Number         0  init_aeabi.o ABSOLUTE
    ../clib/arm_runtime.c                    0x00000000   Number         0  init_aeabi.o ABSOLUTE
    ../clib/armsys.c                         0x00000000   Number         0  argv_veneer.o ABSOLUTE
    ../clib/armsys.c                         0x00000000   Number         0  argv_veneer.o ABSOLUTE
    ../clib/armsys.c                         0x00000000   Number         0  no_argv.o ABSOLUTE
    ../clib/armsys.c                         0x00000000   Number         0  _get_argv_nomalloc.o ABSOLUTE
    ../clib/heapalloc.c                      0x00000000   Number         0  hrguard.o ABSOLUTE
    ../clib/heapaux.c                        0x00000000   Number         0  heapauxi.o ABSOLUTE
    ../clib/libinit.s                        0x00000000   Number         0  libshutdown.o ABSOLUTE
    ../clib/libinit.s                        0x00000000   Number         0  libshutdown2.o ABSOLUTE
    ../clib/libinit.s                        0x00000000   Number         0  libinit2.o ABSOLUTE
    ../clib/libinit.s                        0x00000000   Number         0  libinit.o ABSOLUTE
    ../clib/signal.c                         0x00000000   Number         0  defsig_segv_inner.o ABSOLUTE
    ../clib/signal.c                         0x00000000   Number         0  defsig_other.o ABSOLUTE
    ../clib/signal.c                         0x00000000   Number         0  defsig_rtmem_formal.o ABSOLUTE
    ../clib/signal.c                         0x00000000   Number         0  defsig_abrt_inner.o ABSOLUTE
    ../clib/signal.c                         0x00000000   Number         0  defsig_general.o ABSOLUTE
    ../clib/signal.c                         0x00000000   Number         0  defsig_fpe_inner.o ABSOLUTE
    ../clib/signal.c                         0x00000000   Number         0  defsig_rtred_inner.o ABSOLUTE
    ../clib/signal.c                         0x00000000   Number         0  __raise.o ABSOLUTE
    ../clib/signal.c                         0x00000000   Number         0  defsig_rtmem_inner.o ABSOLUTE
    ../clib/signal.c                         0x00000000   Number         0  defsig_exit.o ABSOLUTE
    ../clib/signal.c                         0x00000000   Number         0  defsig_stak_inner.o ABSOLUTE
    ../clib/signal.c                         0x00000000   Number         0  defsig_pvfn_inner.o ABSOLUTE
    ../clib/signal.c                         0x00000000   Number         0  defsig_rtmem_outer.o ABSOLUTE
    ../clib/signal.c                         0x00000000   Number         0  defsig_cppl_inner.o ABSOLUTE
    ../clib/signal.s                         0x00000000   Number         0  defsig.o ABSOLUTE
    ../clib/stdlib.c                         0x00000000   Number         0  exit.o ABSOLUTE
    ../fplib/d2f.s                           0x00000000   Number         0  d2f.o ABSOLUTE
    ../fplib/daddsub.s                       0x00000000   Number         0  daddsub_clz.o ABSOLUTE
    ../fplib/dfixu.s                         0x00000000   Number         0  dfixu.o ABSOLUTE
    ../fplib/dflt.s                          0x00000000   Number         0  dflt_clz.o ABSOLUTE
    ../fplib/dmul.s                          0x00000000   Number         0  dmul.o ABSOLUTE
    ../fplib/dnaninf.s                       0x00000000   Number         0  dnaninf.o ABSOLUTE
    ../fplib/dretinf.s                       0x00000000   Number         0  dretinf.o ABSOLUTE
    ../fplib/f2d.s                           0x00000000   Number         0  f2d.o ABSOLUTE
    ../fplib/faddsub.s                       0x00000000   Number         0  faddsub_clz.o ABSOLUTE
    ../fplib/fdiv.s                          0x00000000   Number         0  fdiv.o ABSOLUTE
    ../fplib/ffixu.s                         0x00000000   Number         0  ffixu.o ABSOLUTE
    ../fplib/fflt.s                          0x00000000   Number         0  fflt_clz.o ABSOLUTE
    ../fplib/fnaninf.s                       0x00000000   Number         0  fnaninf.o ABSOLUTE
    ../fplib/fpinit.s                        0x00000000   Number         0  fpinit.o ABSOLUTE
    ../fplib/fretinf.s                       0x00000000   Number         0  fretinf.o ABSOLUTE
    ../fplib/usenofp.s                       0x00000000   Number         0  usenofp.o ABSOLUTE
    Libraries\CMSIS\CM3\DeviceSupport\ST\STM32F10x\startup\arm\startup_stm32f10x_md.s 0x00000000   Number         0  startup_stm32f10x_md.o ABSOLUTE
    Libraries\CMSIS\CM3\DeviceSupport\ST\STM32F10x\system_stm32f10x.c 0x00000000   Number         0  system_stm32f10x.o ABSOLUTE
    Libraries\STM32F10x_StdPeriph_Driver\src\misc.c 0x00000000   Number         0  misc.o ABSOLUTE
    Libraries\STM32F10x_StdPeriph_Driver\src\stm32f10x_adc.c 0x00000000   Number         0  stm32f10x_adc.o ABSOLUTE
    Libraries\STM32F10x_StdPeriph_Driver\src\stm32f10x_dma.c 0x00000000   Number         0  stm32f10x_dma.o ABSOLUTE
    Libraries\STM32F10x_StdPeriph_Driver\src\stm32f10x_flash.c 0x00000000   Number         0  stm32f10x_flash.o ABSOLUTE
    Libraries\STM32F10x_StdPeriph_Driver\src\stm32f10x_gpio.c 0x00000000   Number         0  stm32f10x_gpio.o ABSOLUTE
    Libraries\STM32F10x_StdPeriph_Driver\src\stm32f10x_rcc.c 0x00000000   Number         0  stm32f10x_rcc.o ABSOLUTE
    Libraries\STM32F10x_StdPeriph_Driver\src\stm32f10x_spi.c 0x00000000   Number         0  stm32f10x_spi.o ABSOLUTE
    Libraries\STM32F10x_StdPeriph_Driver\src\stm32f10x_tim.c 0x00000000   Number         0  stm32f10x_tim.o ABSOLUTE
    Libraries\STM32F10x_StdPeriph_Driver\src\stm32f10x_usart.c 0x00000000   Number         0  stm32f10x_usart.o ABSOLUTE
    Libraries\\CMSIS\\CM3\\DeviceSupport\\ST\\STM32F10x\\system_stm32f10x.c 0x00000000   Number         0  system_stm32f10x.o ABSOLUTE
    Libraries\\STM32F10x_StdPeriph_Driver\\src\\misc.c 0x00000000   Number         0  misc.o ABSOLUTE
    Libraries\\STM32F10x_StdPeriph_Driver\\src\\stm32f10x_adc.c 0x00000000   Number         0  stm32f10x_adc.o ABSOLUTE
    Libraries\\STM32F10x_StdPeriph_Driver\\src\\stm32f10x_dma.c 0x00000000   Number         0  stm32f10x_dma.o ABSOLUTE
    Libraries\\STM32F10x_StdPeriph_Driver\\src\\stm32f10x_flash.c 0x00000000   Number         0  stm32f10x_flash.o ABSOLUTE
    Libraries\\STM32F10x_StdPeriph_Driver\\src\\stm32f10x_gpio.c 0x00000000   Number         0  stm32f10x_gpio.o ABSOLUTE
    Libraries\\STM32F10x_StdPeriph_Driver\\src\\stm32f10x_rcc.c 0x00000000   Number         0  stm32f10x_rcc.o ABSOLUTE
    Libraries\\STM32F10x_StdPeriph_Driver\\src\\stm32f10x_spi.c 0x00000000   Number         0  stm32f10x_spi.o ABSOLUTE
    Libraries\\STM32F10x_StdPeriph_Driver\\src\\stm32f10x_tim.c 0x00000000   Number         0  stm32f10x_tim.o ABSOLUTE
    Libraries\\STM32F10x_StdPeriph_Driver\\src\\stm32f10x_usart.c 0x00000000   Number         0  stm32f10x_usart.o ABSOLUTE
    applications\ANO_Config.cpp              0x00000000   Number         0  ano_config.o ABSOLUTE
    applications\ANO_DT.cpp                  0x00000000   Number         0  ano_dt.o ABSOLUTE
    applications\ANO_Param.cpp               0x00000000   Number         0  ano_param.o ABSOLUTE
    applications\ANO_RC.cpp                  0x00000000   Number         0  ano_rc.o ABSOLUTE
    applications\ANO_Scheduler.cpp           0x00000000   Number         0  ano_scheduler.o ABSOLUTE
    applications\AnoRemoter.cpp              0x00000000   Number         0  anoremoter.o ABSOLUTE
    applications\\ANO_Config.cpp             0x00000000   Number         0  ano_config.o ABSOLUTE
    applications\\ANO_DT.cpp                 0x00000000   Number         0  ano_dt.o ABSOLUTE
    applications\\ANO_Param.cpp              0x00000000   Number         0  ano_param.o ABSOLUTE
    applications\\ANO_RC.cpp                 0x00000000   Number         0  ano_rc.o ABSOLUTE
    applications\\ANO_Scheduler.cpp          0x00000000   Number         0  ano_scheduler.o ABSOLUTE
    applications\\AnoRemoter.cpp             0x00000000   Number         0  anoremoter.o ABSOLUTE
    dc.s                                     0x00000000   Number         0  dc.o ABSOLUTE
    drivers\ANO_Drv_ADC.c                    0x00000000   Number         0  ano_drv_adc.o ABSOLUTE
    drivers\ANO_Drv_EEPROM.c                 0x00000000   Number         0  ano_drv_eeprom.o ABSOLUTE
    drivers\ANO_Drv_Nrf24l01.cpp             0x00000000   Number         0  ano_drv_nrf24l01.o ABSOLUTE
    drivers\ANO_Drv_SPI2.cpp                 0x00000000   Number         0  ano_drv_spi2.o ABSOLUTE
    drivers\ANO_Drv_Usart1.c                 0x00000000   Number         0  ano_drv_usart1.o ABSOLUTE
    drivers\\ANO_Drv_ADC.c                   0x00000000   Number         0  ano_drv_adc.o ABSOLUTE
    drivers\\ANO_Drv_EEPROM.c                0x00000000   Number         0  ano_drv_eeprom.o ABSOLUTE
    drivers\\ANO_Drv_Nrf24l01.cpp            0x00000000   Number         0  ano_drv_nrf24l01.o ABSOLUTE
    drivers\\ANO_Drv_SPI2.cpp                0x00000000   Number         0  ano_drv_spi2.o ABSOLUTE
    drivers\\ANO_Drv_Usart1.c                0x00000000   Number         0  ano_drv_usart1.o ABSOLUTE
    drivers\\board.c                         0x00000000   Number         0  board.o ABSOLUTE
    drivers\\stm32f10x_it.c                  0x00000000   Number         0  stm32f10x_it.o ABSOLUTE
    drivers\board.c                          0x00000000   Number         0  board.o ABSOLUTE
    drivers\stm32f10x_it.c                   0x00000000   Number         0  stm32f10x_it.o ABSOLUTE
    RESET                                    0x08000000   Section      236  startup_stm32f10x_md.o(RESET)
    !!!main                                  0x080000ec   Section        8  __main.o(!!!main)
    !!!scatter                               0x080000f4   Section       52  __scatter.o(!!!scatter)
    !!handler_copy                           0x08000128   Section       26  __scatter_copy.o(!!handler_copy)
    !!handler_zi                             0x08000144   Section       28  __scatter_zi.o(!!handler_zi)
    .ARM.Collect$$libinit$$00000000          0x08000160   Section        2  libinit.o(.ARM.Collect$$libinit$$00000000)
    .ARM.Collect$$libinit$$00000002          0x08000162   Section        0  libinit2.o(.ARM.Collect$$libinit$$00000002)
    .ARM.Collect$$libinit$$00000008          0x08000162   Section        0  libinit2.o(.ARM.Collect$$libinit$$00000008)
    .ARM.Collect$$libinit$$0000000A          0x08000162   Section        0  libinit2.o(.ARM.Collect$$libinit$$0000000A)
    .ARM.Collect$$libinit$$0000000C          0x08000162   Section        0  libinit2.o(.ARM.Collect$$libinit$$0000000C)
    .ARM.Collect$$libinit$$0000000F          0x08000162   Section        0  libinit2.o(.ARM.Collect$$libinit$$0000000F)
    .ARM.Collect$$libinit$$00000011          0x08000162   Section        0  libinit2.o(.ARM.Collect$$libinit$$00000011)
    .ARM.Collect$$libinit$$00000013          0x08000162   Section        0  libinit2.o(.ARM.Collect$$libinit$$00000013)
    .ARM.Collect$$libinit$$00000015          0x08000162   Section        0  libinit2.o(.ARM.Collect$$libinit$$00000015)
    .ARM.Collect$$libinit$$00000017          0x08000162   Section        0  libinit2.o(.ARM.Collect$$libinit$$00000017)
    .ARM.Collect$$libinit$$00000019          0x08000162   Section        0  libinit2.o(.ARM.Collect$$libinit$$00000019)
    .ARM.Collect$$libinit$$0000001B          0x08000162   Section        0  libinit2.o(.ARM.Collect$$libinit$$0000001B)
    .ARM.Collect$$libinit$$0000001D          0x08000162   Section        0  libinit2.o(.ARM.Collect$$libinit$$0000001D)
    .ARM.Collect$$libinit$$0000001F          0x08000162   Section        0  libinit2.o(.ARM.Collect$$libinit$$0000001F)
    .ARM.Collect$$libinit$$00000021          0x08000162   Section        0  libinit2.o(.ARM.Collect$$libinit$$00000021)
    .ARM.Collect$$libinit$$00000023          0x08000162   Section        0  libinit2.o(.ARM.Collect$$libinit$$00000023)
    .ARM.Collect$$libinit$$0000002A          0x08000162   Section        0  libinit2.o(.ARM.Collect$$libinit$$0000002A)
    .ARM.Collect$$libinit$$0000002C          0x08000162   Section        0  libinit2.o(.ARM.Collect$$libinit$$0000002C)
    .ARM.Collect$$libinit$$0000002E          0x08000162   Section        0  libinit2.o(.ARM.Collect$$libinit$$0000002E)
    .ARM.Collect$$libinit$$0000002F          0x08000162   Section        4  libinit2.o(.ARM.Collect$$libinit$$0000002F)
    .ARM.Collect$$libinit$$00000030          0x08000166   Section        0  libinit2.o(.ARM.Collect$$libinit$$00000030)
    .ARM.Collect$$libinit$$00000031          0x08000166   Section        2  libinit2.o(.ARM.Collect$$libinit$$00000031)
    .ARM.Collect$$libshutdown$$00000000      0x08000168   Section        2  libshutdown.o(.ARM.Collect$$libshutdown$$00000000)
    .ARM.Collect$$libshutdown$$00000003      0x0800016a   Section        0  libshutdown2.o(.ARM.Collect$$libshutdown$$00000003)
    .ARM.Collect$$libshutdown$$00000006      0x0800016a   Section        0  libshutdown2.o(.ARM.Collect$$libshutdown$$00000006)
    .ARM.Collect$$libshutdown$$00000009      0x0800016a   Section        0  libshutdown2.o(.ARM.Collect$$libshutdown$$00000009)
    .ARM.Collect$$libshutdown$$0000000B      0x0800016a   Section        0  libshutdown2.o(.ARM.Collect$$libshutdown$$0000000B)
    .ARM.Collect$$libshutdown$$0000000E      0x0800016a   Section        0  libshutdown2.o(.ARM.Collect$$libshutdown$$0000000E)
    .ARM.Collect$$libshutdown$$0000000F      0x0800016a   Section        2  libshutdown2.o(.ARM.Collect$$libshutdown$$0000000F)
    .ARM.Collect$$rtentry$$00000000          0x0800016c   Section        0  rtentry.o(.ARM.Collect$$rtentry$$00000000)
    .ARM.Collect$$rtentry$$00000002          0x0800016c   Section        0  rtentry2.o(.ARM.Collect$$rtentry$$00000002)
    .ARM.Collect$$rtentry$$00000004          0x0800016c   Section        6  rtentry4.o(.ARM.Collect$$rtentry$$00000004)
    .ARM.Collect$$rtentry$$00000009          0x08000172   Section        0  rtentry2.o(.ARM.Collect$$rtentry$$00000009)
    .ARM.Collect$$rtentry$$0000000A          0x08000172   Section        4  rtentry2.o(.ARM.Collect$$rtentry$$0000000A)
    .ARM.Collect$$rtentry$$0000000C          0x08000176   Section        0  rtentry2.o(.ARM.Collect$$rtentry$$0000000C)
    .ARM.Collect$$rtentry$$0000000D          0x08000176   Section        8  rtentry2.o(.ARM.Collect$$rtentry$$0000000D)
    .ARM.Collect$$rtexit$$00000000           0x0800017e   Section        2  rtexit.o(.ARM.Collect$$rtexit$$00000000)
    .ARM.Collect$$rtexit$$00000002           0x08000180   Section        0  rtexit2.o(.ARM.Collect$$rtexit$$00000002)
    .ARM.Collect$$rtexit$$00000003           0x08000180   Section        4  rtexit2.o(.ARM.Collect$$rtexit$$00000003)
    .ARM.Collect$$rtexit$$00000004           0x08000184   Section        6  rtexit2.o(.ARM.Collect$$rtexit$$00000004)
    .text                                    0x0800018c   Section        0  anoremoter.o(.text)
    .text                                    0x080001a4   Section        0  ano_config.o(.text)
    __sti___14_ANO_Config_cpp                0x080001a7   Thumb Code    10  ano_config.o(.text)
    .text                                    0x080001b4   Section        0  ano_scheduler.o(.text)
    ANO_Loop_1000Hz()                        0x080001b5   Thumb Code    10  ano_scheduler.o(.text)
    ANO_Loop_500Hz()                         0x080001bf   Thumb Code     2  ano_scheduler.o(.text)
    ANO_Loop_200Hz()                         0x080001c1   Thumb Code    10  ano_scheduler.o(.text)
    ANO_Loop_100Hz()                         0x080001cb   Thumb Code    10  ano_scheduler.o(.text)
    ANO_Loop_30Hz()                          0x080001d5   Thumb Code    10  ano_scheduler.o(.text)
    __sti___17_ANO_Scheduler_cpp             0x08000251   Thumb Code    10  ano_scheduler.o(.text)
    .text                                    0x08000268   Section        0  ano_dt.o(.text)
    .text                                    0x0800043c   Section        0  ano_rc.o(.text)
    __sti___10_ANO_RC_cpp                    0x08000a8f   Thumb Code    10  ano_rc.o(.text)
    .text                                    0x08000aac   Section        0  ano_param.o(.text)
    .text                                    0x08000b5c   Section        0  board.o(.text)
    .text                                    0x08000c18   Section        0  stm32f10x_it.o(.text)
    .text                                    0x08000c3c   Section        0  ano_drv_spi2.o(.text)
    .text                                    0x08000d78   Section        0  ano_drv_nrf24l01.o(.text)
    .text                                    0x08001064   Section        0  ano_drv_eeprom.o(.text)
    EE_FindValidPage(unsigned char)          0x08001065   Thumb Code    78  ano_drv_eeprom.o(.text)
    EE_Format()                              0x0800110f   Thumb Code    50  ano_drv_eeprom.o(.text)
    EE_VerifyPageFullWriteVariable(unsigned short, unsigned short) 0x08001141   Thumb Code   124  ano_drv_eeprom.o(.text)
    EE_PageTransfer(unsigned short, unsigned short) 0x0800140b   Thumb Code   250  ano_drv_eeprom.o(.text)
    .text                                    0x08001530   Section        0  ano_drv_usart1.o(.text)
    .text                                    0x080018e8   Section        0  ano_drv_adc.o(.text)
    ADC1_GPIO_Config()                       0x080018e9   Thumb Code    56  ano_drv_adc.o(.text)
    ADC1_Mode_Config()                       0x08001921   Thumb Code   294  ano_drv_adc.o(.text)
    .text                                    0x08001a68   Section        0  misc.o(.text)
    .text                                    0x08001b44   Section        0  stm32f10x_gpio.o(.text)
    .text                                    0x08001e9c   Section        0  stm32f10x_rcc.o(.text)
    .text                                    0x08002240   Section        0  stm32f10x_usart.o(.text)
    .text                                    0x08002648   Section        0  stm32f10x_flash.o(.text)
    .text                                    0x08002c04   Section        0  system_stm32f10x.o(.text)
    SetSysClockTo72()                        0x08002c05   Thumb Code   212  system_stm32f10x.o(.text)
    SetSysClock()                            0x08002cd9   Thumb Code     8  system_stm32f10x.o(.text)
    .text                                    0x08002de0   Section       64  startup_stm32f10x_md.o(.text)
    .text                                    0x08002e20   Section        0  stm32f10x_spi.o(.text)
    .text                                    0x0800312c   Section        0  stm32f10x_adc.o(.text)
    .text                                    0x0800357c   Section        0  stm32f10x_dma.o(.text)
    .text                                    0x080037cc   Section        0  heapauxi.o(.text)
    .text                                    0x080037d4   Section        0  init_aeabi.o(.text)
    .text                                    0x080037f8   Section       74  sys_stackheap_outer.o(.text)
    .text                                    0x08003842   Section        0  exit.o(.text)
    .text                                    0x08003850   Section        8  libspace.o(.text)
    .text                                    0x08003858   Section        2  use_no_semi.o(.text)
    .text                                    0x0800385a   Section        0  indicate_semi.o(.text)
    .text                                    0x0800385c   Section        0  sys_exit.o(.text)
    x$fpl$d2f                                0x08003868   Section       98  d2f.o(x$fpl$d2f)
    x$fpl$dadd                               0x080038cc   Section      336  daddsub_clz.o(x$fpl$dadd)
    _dadd1                                   0x080038dd   Thumb Code     0  daddsub_clz.o(x$fpl$dadd)
    x$fpl$dfixu                              0x08003a1c   Section       90  dfixu.o(x$fpl$dfixu)
    x$fpl$dflt                               0x08003a76   Section       46  dflt_clz.o(x$fpl$dflt)
    x$fpl$dmul                               0x08003aa4   Section      340  dmul.o(x$fpl$dmul)
    x$fpl$dnaninf                            0x08003bf8   Section      156  dnaninf.o(x$fpl$dnaninf)
    x$fpl$dretinf                            0x08003c94   Section       12  dretinf.o(x$fpl$dretinf)
    x$fpl$dsub                               0x08003ca0   Section      468  daddsub_clz.o(x$fpl$dsub)
    _dsub1                                   0x08003cb1   Thumb Code     0  daddsub_clz.o(x$fpl$dsub)
    x$fpl$f2d                                0x08003e74   Section       86  f2d.o(x$fpl$f2d)
    x$fpl$fadd                               0x08003ecc   Section      196  faddsub_clz.o(x$fpl$fadd)
    _fadd1                                   0x08003edb   Thumb Code     0  faddsub_clz.o(x$fpl$fadd)
    x$fpl$fdiv                               0x08003f90   Section      388  fdiv.o(x$fpl$fdiv)
    _fdiv1                                   0x08003f91   Thumb Code     0  fdiv.o(x$fpl$fdiv)
    x$fpl$ffixu                              0x08004114   Section       62  ffixu.o(x$fpl$ffixu)
    x$fpl$ffltu                              0x08004154   Section       38  fflt_clz.o(x$fpl$ffltu)
    x$fpl$fnaninf                            0x0800417a   Section      140  fnaninf.o(x$fpl$fnaninf)
    x$fpl$fretinf                            0x08004206   Section       10  fretinf.o(x$fpl$fretinf)
    x$fpl$frsb                               0x08004210   Section       20  faddsub_clz.o(x$fpl$frsb)
    x$fpl$fsub                               0x08004224   Section      234  faddsub_clz.o(x$fpl$fsub)
    _fsub1                                   0x08004233   Thumb Code     0  faddsub_clz.o(x$fpl$fsub)
    .constdata                               0x0800430e   Section       32  ano_drv_eeprom.o(.constdata)
    x$fpl$usenofp                            0x0800430e   Section        0  usenofp.o(x$fpl$usenofp)
    .init_array                              0x08004350   Section        4  ano_config.o(.init_array)
    .init_array                              0x08004354   Section        4  ano_scheduler.o(.init_array)
    .init_array                              0x08004358   Section        4  ano_rc.o(.init_array)
    .data                                    0x20000000   Section        1  ano_config.o(.data)
    .data                                    0x20000001   Section        1  ano_dt.o(.data)
    cnt                                      0x20000001   Data           1  ano_dt.o(.data)
    .data                                    0x20000002   Section        3  ano_rc.o(.data)
    keyFlagL                                 0x20000002   Data           1  ano_rc.o(.data)
    keyFlagR                                 0x20000003   Data           1  ano_rc.o(.data)
    timeDelayFlag                            0x20000004   Data           1  ano_rc.o(.data)
    .data                                    0x20000005   Section        1  ano_param.o(.data)
    .data                                    0x20000006   Section       10  ano_drv_nrf24l01.o(.data)
    .data                                    0x20000010   Section        8  ano_drv_eeprom.o(.data)
    .data                                    0x20000018   Section       12  ano_drv_usart1.o(.data)
    TxCounter                                0x20000018   Data           1  ano_drv_usart1.o(.data)
    count                                    0x20000019   Data           1  ano_drv_usart1.o(.data)
    Rx_Act                                   0x2000001a   Data           1  ano_drv_usart1.o(.data)
    Rx_Adr                                   0x2000001b   Data           1  ano_drv_usart1.o(.data)
    .data                                    0x20000024   Section       20  stm32f10x_rcc.o(.data)
    APBAHBPrescTable                         0x20000024   Data          16  stm32f10x_rcc.o(.data)
    ADCPrescTable                            0x20000034   Data           4  stm32f10x_rcc.o(.data)
    .data                                    0x20000038   Section       20  system_stm32f10x.o(.data)
    .bss                                     0x2000004c   Section       10  ano_scheduler.o(.bss)
    .bss                                     0x20000056   Section       51  ano_dt.o(.bss)
    .bss                                     0x2000008c   Section       76  ano_rc.o(.bss)
    .bss                                     0x200000d8   Section      510  ano_drv_nrf24l01.o(.bss)
    .bss                                     0x200002d6   Section      320  ano_drv_usart1.o(.bss)
    TxBuffer                                 0x200002d6   Data         256  ano_drv_usart1.o(.bss)
    .bss                                     0x20000416   Section       14  ano_drv_adc.o(.bss)
    .bss                                     0x20000424   Section       96  libspace.o(.bss)
    HEAP                                     0x20000488   Section      512  startup_stm32f10x_md.o(HEAP)
    Heap_Mem                                 0x20000488   Data         512  startup_stm32f10x_md.o(HEAP)
    STACK                                    0x20000688   Section     1024  startup_stm32f10x_md.o(STACK)
    Stack_Mem                                0x20000688   Data        1024  startup_stm32f10x_md.o(STACK)
    __initial_sp                             0x20000a88   Data           0  startup_stm32f10x_md.o(STACK)

    Global Symbols

    Symbol Name                              Value     Ov Type        Size  Object(Section)

    BuildAttributes$$THM_ISAv4$P$D$K$B$S$PE$A:L22UL41UL21$X:L11$S22US41US21$IEEE1$IW$USESV6$~STKCKD$USESV7$~SHL$OSPACE$ROPI$EBA8$UX$STANDARDLIB$REQ8$PRES8$EABIv2 0x00000000   Number         0  anon$$obj.o ABSOLUTE
    __ARM_use_no_argv                        0x00000000   Number         0  anoremoter.o ABSOLUTE
    __ARM_exceptions_init                     - Undefined Weak Reference
    __alloca_initialize                       - Undefined Weak Reference
    __cxa_finalize                            - Undefined Weak Reference
    __rt_locale                               - Undefined Weak Reference
    __sigvec_lookup                           - Undefined Weak Reference
    _atexit_init                              - Undefined Weak Reference
    _call_atexit_fns                          - Undefined Weak Reference
    _clock_init                               - Undefined Weak Reference
    _fp_trap_init                             - Undefined Weak Reference
    _fp_trap_shutdown                         - Undefined Weak Reference
    _get_lc_collate                           - Undefined Weak Reference
    _get_lc_ctype                             - Undefined Weak Reference
    _get_lc_monetary                          - Undefined Weak Reference
    _get_lc_numeric                           - Undefined Weak Reference
    _get_lc_time                              - Undefined Weak Reference
    _getenv_init                              - Undefined Weak Reference
    _handle_redirection                       - Undefined Weak Reference
    _init_alloc                               - Undefined Weak Reference
    _init_user_alloc                          - Undefined Weak Reference
    _initio                                   - Undefined Weak Reference
    _rand_init                                - Undefined Weak Reference
    _signal_finish                            - Undefined Weak Reference
    _signal_init                              - Undefined Weak Reference
    _terminate_alloc                          - Undefined Weak Reference
    _terminate_user_alloc                     - Undefined Weak Reference
    _terminateio                              - Undefined Weak Reference
    __Vectors_Size                           0x000000ec   Number         0  startup_stm32f10x_md.o ABSOLUTE
    __Vectors                                0x08000000   Data           4  startup_stm32f10x_md.o(RESET)
    __Vectors_End                            0x080000ec   Data           0  startup_stm32f10x_md.o(RESET)
    __main                                   0x080000ed   Thumb Code     8  __main.o(!!!main)
    __scatterload                            0x080000f5   Thumb Code     0  __scatter.o(!!!scatter)
    __scatterload_rt2                        0x080000f5   Thumb Code    44  __scatter.o(!!!scatter)
    __scatterload_rt2_thumb_only             0x080000f5   Thumb Code     0  __scatter.o(!!!scatter)
    __scatterload_null                       0x08000103   Thumb Code     0  __scatter.o(!!!scatter)
    __scatterload_copy                       0x08000129   Thumb Code    26  __scatter_copy.o(!!handler_copy)
    __scatterload_zeroinit                   0x08000145   Thumb Code    28  __scatter_zi.o(!!handler_zi)
    __rt_lib_init                            0x08000161   Thumb Code     0  libinit.o(.ARM.Collect$$libinit$$00000000)
    __rt_lib_init_alloca_1                   0x08000163   Thumb Code     0  libinit2.o(.ARM.Collect$$libinit$$0000002C)
    __rt_lib_init_argv_1                     0x08000163   Thumb Code     0  libinit2.o(.ARM.Collect$$libinit$$0000002A)
    __rt_lib_init_atexit_1                   0x08000163   Thumb Code     0  libinit2.o(.ARM.Collect$$libinit$$00000019)
    __rt_lib_init_clock_1                    0x08000163   Thumb Code     0  libinit2.o(.ARM.Collect$$libinit$$0000001F)
    __rt_lib_init_cpp_2                      0x08000163   Thumb Code     0  libinit2.o(.ARM.Collect$$libinit$$0000002F)
    __rt_lib_init_exceptions_1               0x08000163   Thumb Code     0  libinit2.o(.ARM.Collect$$libinit$$0000002E)
    __rt_lib_init_fp_1                       0x08000163   Thumb Code     0  libinit2.o(.ARM.Collect$$libinit$$00000002)
    __rt_lib_init_fp_trap_1                  0x08000163   Thumb Code     0  libinit2.o(.ARM.Collect$$libinit$$0000001D)
    __rt_lib_init_getenv_1                   0x08000163   Thumb Code     0  libinit2.o(.ARM.Collect$$libinit$$00000021)
    __rt_lib_init_heap_1                     0x08000163   Thumb Code     0  libinit2.o(.ARM.Collect$$libinit$$00000008)
    __rt_lib_init_lc_collate_1               0x08000163   Thumb Code     0  libinit2.o(.ARM.Collect$$libinit$$0000000F)
    __rt_lib_init_lc_ctype_1                 0x08000163   Thumb Code     0  libinit2.o(.ARM.Collect$$libinit$$00000011)
    __rt_lib_init_lc_monetary_1              0x08000163   Thumb Code     0  libinit2.o(.ARM.Collect$$libinit$$00000013)
    __rt_lib_init_lc_numeric_1               0x08000163   Thumb Code     0  libinit2.o(.ARM.Collect$$libinit$$00000015)
    __rt_lib_init_lc_time_1                  0x08000163   Thumb Code     0  libinit2.o(.ARM.Collect$$libinit$$00000017)
    __rt_lib_init_rand_1                     0x08000163   Thumb Code     0  libinit2.o(.ARM.Collect$$libinit$$0000000C)
    __rt_lib_init_signal_1                   0x08000163   Thumb Code     0  libinit2.o(.ARM.Collect$$libinit$$0000001B)
    __rt_lib_init_stdio_1                    0x08000163   Thumb Code     0  libinit2.o(.ARM.Collect$$libinit$$00000023)
    __rt_lib_init_user_alloc_1               0x08000163   Thumb Code     0  libinit2.o(.ARM.Collect$$libinit$$0000000A)
    __rt_lib_init_cpp_1                      0x08000167   Thumb Code     0  libinit2.o(.ARM.Collect$$libinit$$00000030)
    __rt_lib_init_return                     0x08000167   Thumb Code     0  libinit2.o(.ARM.Collect$$libinit$$00000031)
    __rt_lib_shutdown                        0x08000169   Thumb Code     0  libshutdown.o(.ARM.Collect$$libshutdown$$00000000)
    __rt_lib_shutdown_fp_trap_1              0x0800016b   Thumb Code     0  libshutdown2.o(.ARM.Collect$$libshutdown$$00000006)
    __rt_lib_shutdown_heap_1                 0x0800016b   Thumb Code     0  libshutdown2.o(.ARM.Collect$$libshutdown$$0000000E)
    __rt_lib_shutdown_return                 0x0800016b   Thumb Code     0  libshutdown2.o(.ARM.Collect$$libshutdown$$0000000F)
    __rt_lib_shutdown_signal_1               0x0800016b   Thumb Code     0  libshutdown2.o(.ARM.Collect$$libshutdown$$00000009)
    __rt_lib_shutdown_stdio_1                0x0800016b   Thumb Code     0  libshutdown2.o(.ARM.Collect$$libshutdown$$00000003)
    __rt_lib_shutdown_user_alloc_1           0x0800016b   Thumb Code     0  libshutdown2.o(.ARM.Collect$$libshutdown$$0000000B)
    __rt_entry                               0x0800016d   Thumb Code     0  rtentry.o(.ARM.Collect$$rtentry$$00000000)
    __rt_entry_presh_1                       0x0800016d   Thumb Code     0  rtentry2.o(.ARM.Collect$$rtentry$$00000002)
    __rt_entry_sh                            0x0800016d   Thumb Code     0  rtentry4.o(.ARM.Collect$$rtentry$$00000004)
    __rt_entry_li                            0x08000173   Thumb Code     0  rtentry2.o(.ARM.Collect$$rtentry$$0000000A)
    __rt_entry_postsh_1                      0x08000173   Thumb Code     0  rtentry2.o(.ARM.Collect$$rtentry$$00000009)
    __rt_entry_main                          0x08000177   Thumb Code     0  rtentry2.o(.ARM.Collect$$rtentry$$0000000D)
    __rt_entry_postli_1                      0x08000177   Thumb Code     0  rtentry2.o(.ARM.Collect$$rtentry$$0000000C)
    __rt_exit                                0x0800017f   Thumb Code     0  rtexit.o(.ARM.Collect$$rtexit$$00000000)
    __rt_exit_ls                             0x08000181   Thumb Code     0  rtexit2.o(.ARM.Collect$$rtexit$$00000003)
    __rt_exit_prels_1                        0x08000181   Thumb Code     0  rtexit2.o(.ARM.Collect$$rtexit$$00000002)
    __rt_exit_exit                           0x08000185   Thumb Code     0  rtexit2.o(.ARM.Collect$$rtexit$$00000004)
    main                                     0x0800018d   Thumb Code    18  anoremoter.o(.text)
    ANO_Config::ANO_Config()                 0x080001a5   Thumb Code     2  ano_config.o(.text)
    ANO_Config::ANO_Config__sub_object()     0x080001a5   Thumb Code     0  ano_config.o(.text)
    ANO_Loop()                               0x080001df   Thumb Code   100  ano_scheduler.o(.text)
    ANO_Scheduler::ANO_Scheduler()           0x08000243   Thumb Code    14  ano_scheduler.o(.text)
    ANO_Scheduler::ANO_Scheduler__sub_object() 0x08000243   Thumb Code     0  ano_scheduler.o(.text)
    ANO_DT::Check_Event()                    0x08000269   Thumb Code    72  ano_dt.o(.text)
    ANO_DT::Send_Data(unsigned char*, unsigned char) 0x080002b1   Thumb Code    20  ano_dt.o(.text)
    ANO_DT::Send_RCData()                    0x080002c5   Thumb Code   304  ano_dt.o(.text)
    ANO_DT::Data_Exchange()                  0x080003f5   Thumb Code    48  ano_dt.o(.text)
    ANO_RC::Init()                           0x0800043d   Thumb Code    12  ano_rc.o(.text)
    ANO_RC::ANO_RC()                         0x08000449   Thumb Code    14  ano_rc.o(.text)
    ANO_RC::ANO_RC__sub_object()             0x08000449   Thumb Code     0  ano_rc.o(.text)
    ANO_RC::DataGet()                        0x08000457   Thumb Code   286  ano_rc.o(.text)
    ANO_RC::DataCalculate()                  0x08000575   Thumb Code   364  ano_rc.o(.text)
    ANO_RC::KeyCheck()                       0x080006e1   Thumb Code   942  ano_rc.o(.text)
    ANO_Param::READ_RC_OFFSET()              0x08000aad   Thumb Code    74  ano_param.o(.text)
    ANO_Param::READ_CONF()                   0x08000af7   Thumb Code    12  ano_param.o(.text)
    ANO_Param::Init()                        0x08000b03   Thumb Code    12  ano_param.o(.text)
    ANO_Param::SAVE_RC_OFFSET()              0x08000b0f   Thumb Code    70  ano_param.o(.text)
    SysTick_IRQ()                            0x08000b5d   Thumb Code    44  board.o(.text)
    ANO_Remoter_board_Init()                 0x08000b89   Thumb Code   124  board.o(.text)
    NMI_Handler                              0x08000c19   Thumb Code     2  stm32f10x_it.o(.text)
    MemManage_Handler                        0x08000c1b   Thumb Code     4  stm32f10x_it.o(.text)
    BusFault_Handler                         0x08000c1f   Thumb Code     4  stm32f10x_it.o(.text)
    UsageFault_Handler                       0x08000c23   Thumb Code     4  stm32f10x_it.o(.text)
    SVC_Handler                              0x08000c27   Thumb Code     2  stm32f10x_it.o(.text)
    DebugMon_Handler                         0x08000c29   Thumb Code     2  stm32f10x_it.o(.text)
    SysTick_Handler                          0x08000c2b   Thumb Code     8  stm32f10x_it.o(.text)
    USART1_IRQHandler                        0x08000c33   Thumb Code     8  stm32f10x_it.o(.text)
    ANO_SPI2::Init()                         0x08000c3d   Thumb Code   194  ano_drv_spi2.o(.text)
    ANO_SPI2::RW(unsigned char)              0x08000cff   Thumb Code    52  ano_drv_spi2.o(.text)
    ANO_SPI2::CE_H()                         0x08000d33   Thumb Code    14  ano_drv_spi2.o(.text)
    ANO_SPI2::CE_L()                         0x08000d41   Thumb Code    14  ano_drv_spi2.o(.text)
    ANO_SPI2::CSN_H()                        0x08000d4f   Thumb Code    16  ano_drv_spi2.o(.text)
    ANO_SPI2::CSN_L()                        0x08000d5f   Thumb Code    16  ano_drv_spi2.o(.text)
    ANO_NRF::Write_Reg(unsigned char, unsigned char) 0x08000d79   Thumb Code    46  ano_drv_nrf24l01.o(.text)
    ANO_NRF::Write_Buf(unsigned char, unsigned char*, unsigned char) 0x08000da7   Thumb Code    60  ano_drv_nrf24l01.o(.text)
    ANO_NRF::Init(unsigned char, unsigned char) 0x08000de3   Thumb Code   286  ano_drv_nrf24l01.o(.text)
    ANO_NRF::TxPacket(unsigned char*, unsigned char) 0x08000f01   Thumb Code    46  ano_drv_nrf24l01.o(.text)
    ANO_NRF::TxPacket_AP(unsigned char*, unsigned char) 0x08000f2f   Thumb Code    34  ano_drv_nrf24l01.o(.text)
    ANO_NRF::Read_Buf(unsigned char, unsigned char*, unsigned char) 0x08000f51   Thumb Code    62  ano_drv_nrf24l01.o(.text)
    ANO_NRF::Check()                         0x08000f8f   Thumb Code    68  ano_drv_nrf24l01.o(.text)
    ANO_NRF::Read_Reg(unsigned char)         0x08000fd3   Thumb Code    40  ano_drv_nrf24l01.o(.text)
    ANO_NRF::Check_Event()                   0x08000ffb   Thumb Code    96  ano_drv_nrf24l01.o(.text)
    InitCurrWrAddress()                      0x080010b3   Thumb Code    92  ano_drv_eeprom.o(.text)
    EE_ReadVariable(unsigned short, unsigned short*) 0x080011bd   Thumb Code    88  ano_drv_eeprom.o(.text)
    __EE_Init()                              0x08001215   Thumb Code   486  ano_drv_eeprom.o(.text)
    EE_Init()                                0x080013fb   Thumb Code    16  ano_drv_eeprom.o(.text)
    EE_WriteVariable(unsigned short, unsigned short) 0x08001505   Thumb Code    36  ano_drv_eeprom.o(.text)
    Uart1_Init(unsigned)                     0x08001531   Thumb Code   198  ano_drv_usart1.o(.text)
    Uart1_IRQ()                              0x080015f7   Thumb Code   324  ano_drv_usart1.o(.text)
    Uart1_Put_Char(unsigned char)            0x0800173b   Thumb Code    48  ano_drv_usart1.o(.text)
    Uart1_Put_Int16(unsigned short)          0x0800176b   Thumb Code    86  ano_drv_usart1.o(.text)
    Uart1_Put_Float(float)                   0x080017c1   Thumb Code   144  ano_drv_usart1.o(.text)
    Uart1_Put_String(unsigned char*)         0x08001851   Thumb Code    46  ano_drv_usart1.o(.text)
    Usart1_Send_Buf(unsigned char*, unsigned char) 0x0800187f   Thumb Code    62  ano_drv_usart1.o(.text)
    ADC1_Init()                              0x08001a47   Thumb Code    12  ano_drv_adc.o(.text)
    NVIC_PriorityGroupConfig                 0x08001a69   Thumb Code    10  misc.o(.text)
    NVIC_Init                                0x08001a73   Thumb Code   102  misc.o(.text)
    NVIC_SetVectorTable                      0x08001ad9   Thumb Code    14  misc.o(.text)
    NVIC_SystemLPConfig                      0x08001ae7   Thumb Code    34  misc.o(.text)
    SysTick_CLKSourceConfig                  0x08001b09   Thumb Code    40  misc.o(.text)
    GPIO_DeInit                              0x08001b45   Thumb Code   172  stm32f10x_gpio.o(.text)
    GPIO_AFIODeInit                          0x08001bf1   Thumb Code    20  stm32f10x_gpio.o(.text)
    GPIO_Init                                0x08001c05   Thumb Code   274  stm32f10x_gpio.o(.text)
    GPIO_StructInit                          0x08001d17   Thumb Code    16  stm32f10x_gpio.o(.text)
    GPIO_ReadInputDataBit                    0x08001d27   Thumb Code    18  stm32f10x_gpio.o(.text)
    GPIO_ReadInputData                       0x08001d39   Thumb Code     8  stm32f10x_gpio.o(.text)
    GPIO_ReadOutputDataBit                   0x08001d41   Thumb Code    18  stm32f10x_gpio.o(.text)
    GPIO_ReadOutputData                      0x08001d53   Thumb Code     8  stm32f10x_gpio.o(.text)
    GPIO_SetBits                             0x08001d5b   Thumb Code     4  stm32f10x_gpio.o(.text)
    GPIO_ResetBits                           0x08001d5f   Thumb Code     4  stm32f10x_gpio.o(.text)
    GPIO_WriteBit                            0x08001d63   Thumb Code    10  stm32f10x_gpio.o(.text)
    GPIO_Write                               0x08001d6d   Thumb Code     4  stm32f10x_gpio.o(.text)
    GPIO_PinLockConfig                       0x08001d71   Thumb Code    18  stm32f10x_gpio.o(.text)
    GPIO_EventOutputConfig                   0x08001d83   Thumb Code    26  stm32f10x_gpio.o(.text)
    GPIO_EventOutputCmd                      0x08001d9d   Thumb Code     6  stm32f10x_gpio.o(.text)
    GPIO_PinRemapConfig                      0x08001da3   Thumb Code   138  stm32f10x_gpio.o(.text)
    GPIO_EXTILineConfig                      0x08001e2d   Thumb Code    66  stm32f10x_gpio.o(.text)
    GPIO_ETH_MediaInterfaceConfig            0x08001e6f   Thumb Code     6  stm32f10x_gpio.o(.text)
    RCC_DeInit                               0x08001e9d   Thumb Code    64  stm32f10x_rcc.o(.text)
    RCC_HSEConfig                            0x08001edd   Thumb Code    70  stm32f10x_rcc.o(.text)
    RCC_GetFlagStatus                        0x08001f23   Thumb Code    56  stm32f10x_rcc.o(.text)
    RCC_WaitForHSEStartUp                    0x08001f5b   Thumb Code    56  stm32f10x_rcc.o(.text)
    RCC_AdjustHSICalibrationValue            0x08001f93   Thumb Code    20  stm32f10x_rcc.o(.text)
    RCC_HSICmd                               0x08001fa7   Thumb Code     6  stm32f10x_rcc.o(.text)
    RCC_PLLConfig                            0x08001fad   Thumb Code    24  stm32f10x_rcc.o(.text)
    RCC_PLLCmd                               0x08001fc5   Thumb Code     6  stm32f10x_rcc.o(.text)
    RCC_SYSCLKConfig                         0x08001fcb   Thumb Code    18  stm32f10x_rcc.o(.text)
    RCC_GetSYSCLKSource                      0x08001fdd   Thumb Code    10  stm32f10x_rcc.o(.text)
    RCC_HCLKConfig                           0x08001fe7   Thumb Code    18  stm32f10x_rcc.o(.text)
    RCC_PCLK1Config                          0x08001ff9   Thumb Code    18  stm32f10x_rcc.o(.text)
    RCC_PCLK2Config                          0x0800200b   Thumb Code    20  stm32f10x_rcc.o(.text)
    RCC_ITConfig                             0x0800201f   Thumb Code    26  stm32f10x_rcc.o(.text)
    RCC_USBCLKConfig                         0x08002039   Thumb Code     6  stm32f10x_rcc.o(.text)
    RCC_ADCCLKConfig                         0x0800203f   Thumb Code    18  stm32f10x_rcc.o(.text)
    RCC_LSEConfig                            0x08002051   Thumb Code    44  stm32f10x_rcc.o(.text)
    RCC_LSICmd                               0x0800207d   Thumb Code     6  stm32f10x_rcc.o(.text)
    RCC_RTCCLKConfig                         0x08002083   Thumb Code    12  stm32f10x_rcc.o(.text)
    RCC_RTCCLKCmd                            0x0800208f   Thumb Code     8  stm32f10x_rcc.o(.text)
    RCC_GetClocksFreq                        0x08002097   Thumb Code   192  stm32f10x_rcc.o(.text)
    RCC_AHBPeriphClockCmd                    0x08002157   Thumb Code    26  stm32f10x_rcc.o(.text)
    RCC_APB2PeriphClockCmd                   0x08002171   Thumb Code    26  stm32f10x_rcc.o(.text)
    RCC_APB1PeriphClockCmd                   0x0800218b   Thumb Code    26  stm32f10x_rcc.o(.text)
    RCC_APB2PeriphResetCmd                   0x080021a5   Thumb Code    26  stm32f10x_rcc.o(.text)
    RCC_APB1PeriphResetCmd                   0x080021bf   Thumb Code    26  stm32f10x_rcc.o(.text)
    RCC_BackupResetCmd                       0x080021d9   Thumb Code     8  stm32f10x_rcc.o(.text)
    RCC_ClockSecuritySystemCmd               0x080021e1   Thumb Code     6  stm32f10x_rcc.o(.text)
    RCC_MCOConfig                            0x080021e7   Thumb Code     6  stm32f10x_rcc.o(.text)
    RCC_ClearFlag                            0x080021ed   Thumb Code    14  stm32f10x_rcc.o(.text)
    RCC_GetITStatus                          0x080021fb   Thumb Code    20  stm32f10x_rcc.o(.text)
    RCC_ClearITPendingBit                    0x0800220f   Thumb Code     6  stm32f10x_rcc.o(.text)
    USART_DeInit                             0x08002241   Thumb Code   134  stm32f10x_usart.o(.text)
    USART_Init                               0x080022c7   Thumb Code   210  stm32f10x_usart.o(.text)
    USART_StructInit                         0x08002399   Thumb Code    24  stm32f10x_usart.o(.text)
    USART_ClockInit                          0x080023b1   Thumb Code    34  stm32f10x_usart.o(.text)
    USART_ClockStructInit                    0x080023d3   Thumb Code    12  stm32f10x_usart.o(.text)
    USART_Cmd                                0x080023df   Thumb Code    24  stm32f10x_usart.o(.text)
    USART_ITConfig                           0x080023f7   Thumb Code    74  stm32f10x_usart.o(.text)
    USART_DMACmd                             0x08002441   Thumb Code    18  stm32f10x_usart.o(.text)
    USART_SetAddress                         0x08002453   Thumb Code    18  stm32f10x_usart.o(.text)
    USART_WakeUpConfig                       0x08002465   Thumb Code    18  stm32f10x_usart.o(.text)
    USART_ReceiverWakeUpCmd                  0x08002477   Thumb Code    24  stm32f10x_usart.o(.text)
    USART_LINBreakDetectLengthConfig         0x0800248f   Thumb Code    18  stm32f10x_usart.o(.text)
    USART_LINCmd                             0x080024a1   Thumb Code    24  stm32f10x_usart.o(.text)
    USART_SendData                           0x080024b9   Thumb Code     8  stm32f10x_usart.o(.text)
    USART_ReceiveData                        0x080024c1   Thumb Code    10  stm32f10x_usart.o(.text)
    USART_SendBreak                          0x080024cb   Thumb Code    10  stm32f10x_usart.o(.text)
    USART_SetGuardTime                       0x080024d5   Thumb Code    16  stm32f10x_usart.o(.text)
    USART_SetPrescaler                       0x080024e5   Thumb Code    16  stm32f10x_usart.o(.text)
    USART_SmartCardCmd                       0x080024f5   Thumb Code    24  stm32f10x_usart.o(.text)
    USART_SmartCardNACKCmd                   0x0800250d   Thumb Code    24  stm32f10x_usart.o(.text)
    USART_HalfDuplexCmd                      0x08002525   Thumb Code    24  stm32f10x_usart.o(.text)
    USART_OverSampling8Cmd                   0x0800253d   Thumb Code    22  stm32f10x_usart.o(.text)
    USART_OneBitMethodCmd                    0x08002553   Thumb Code    24  stm32f10x_usart.o(.text)
    USART_IrDAConfig                         0x0800256b   Thumb Code    18  stm32f10x_usart.o(.text)
    USART_IrDACmd                            0x0800257d   Thumb Code    24  stm32f10x_usart.o(.text)
    USART_GetFlagStatus                      0x08002595   Thumb Code    26  stm32f10x_usart.o(.text)
    USART_ClearFlag                          0x080025af   Thumb Code    18  stm32f10x_usart.o(.text)
    USART_GetITStatus                        0x080025c1   Thumb Code    84  stm32f10x_usart.o(.text)
    USART_ClearITPendingBit                  0x08002615   Thumb Code    52  stm32f10x_usart.o(.text)
    FLASH_SetLatency                         0x08002649   Thumb Code    18  stm32f10x_flash.o(.text)
    FLASH_HalfCycleAccessCmd                 0x0800265b   Thumb Code    22  stm32f10x_flash.o(.text)
    FLASH_PrefetchBufferCmd                  0x08002671   Thumb Code    22  stm32f10x_flash.o(.text)
    FLASH_Unlock                             0x08002687   Thumb Code    12  stm32f10x_flash.o(.text)
    FLASH_UnlockBank1                        0x08002693   Thumb Code    12  stm32f10x_flash.o(.text)
    FLASH_Lock                               0x0800269f   Thumb Code    14  stm32f10x_flash.o(.text)
    FLASH_LockBank1                          0x080026ad   Thumb Code    14  stm32f10x_flash.o(.text)
    FLASH_GetBank1Status                     0x080026bb   Thumb Code    48  stm32f10x_flash.o(.text)
    FLASH_WaitForLastOperation               0x080026eb   Thumb Code    38  stm32f10x_flash.o(.text)
    FLASH_ErasePage                          0x08002711   Thumb Code    72  stm32f10x_flash.o(.text)
    FLASH_EraseAllPages                      0x08002759   Thumb Code    68  stm32f10x_flash.o(.text)
    FLASH_WaitForLastBank1Operation          0x0800279d   Thumb Code    38  stm32f10x_flash.o(.text)
    FLASH_EraseAllBank1Pages                 0x080027c3   Thumb Code    68  stm32f10x_flash.o(.text)
    FLASH_GetReadOutProtectionStatus         0x08002807   Thumb Code    20  stm32f10x_flash.o(.text)
    FLASH_EraseOptionBytes                   0x0800281b   Thumb Code   150  stm32f10x_flash.o(.text)
    FLASH_ProgramWord                        0x080028b1   Thumb Code   102  stm32f10x_flash.o(.text)
    FLASH_ProgramHalfWord                    0x08002917   Thumb Code    60  stm32f10x_flash.o(.text)
    FLASH_ProgramOptionByteData              0x08002953   Thumb Code    72  stm32f10x_flash.o(.text)
    FLASH_EnableWriteProtection              0x0800299b   Thumb Code   200  stm32f10x_flash.o(.text)
    FLASH_ReadOutProtection                  0x08002a63   Thumb Code   156  stm32f10x_flash.o(.text)
    FLASH_UserOptionByteConfig               0x08002aff   Thumb Code    88  stm32f10x_flash.o(.text)
    FLASH_GetUserOptionByte                  0x08002b57   Thumb Code     8  stm32f10x_flash.o(.text)
    FLASH_GetWriteProtectionOptionByte       0x08002b5f   Thumb Code     6  stm32f10x_flash.o(.text)
    FLASH_GetPrefetchBufferStatus            0x08002b65   Thumb Code    20  stm32f10x_flash.o(.text)
    FLASH_ITConfig                           0x08002b79   Thumb Code    26  stm32f10x_flash.o(.text)
    FLASH_GetFlagStatus                      0x08002b93   Thumb Code    42  stm32f10x_flash.o(.text)
    FLASH_ClearFlag                          0x08002bbd   Thumb Code     6  stm32f10x_flash.o(.text)
    FLASH_GetStatus                          0x08002bc3   Thumb Code    48  stm32f10x_flash.o(.text)
    SystemInit                               0x08002ce1   Thumb Code    78  system_stm32f10x.o(.text)
    SystemCoreClockUpdate                    0x08002d2f   Thumb Code   142  system_stm32f10x.o(.text)
    Reset_Handler                            0x08002de1   Thumb Code     8  startup_stm32f10x_md.o(.text)
    HardFault_Handler                        0x08002deb   Thumb Code     2  startup_stm32f10x_md.o(.text)
    PendSV_Handler                           0x08002df7   Thumb Code     2  startup_stm32f10x_md.o(.text)
    ADC1_2_IRQHandler                        0x08002dfb   Thumb Code     0  startup_stm32f10x_md.o(.text)
    CAN1_RX1_IRQHandler                      0x08002dfb   Thumb Code     0  startup_stm32f10x_md.o(.text)
    CAN1_SCE_IRQHandler                      0x08002dfb   Thumb Code     0  startup_stm32f10x_md.o(.text)
    DMA1_Channel1_IRQHandler                 0x08002dfb   Thumb Code     0  startup_stm32f10x_md.o(.text)
    DMA1_Channel2_IRQHandler                 0x08002dfb   Thumb Code     0  startup_stm32f10x_md.o(.text)
    DMA1_Channel3_IRQHandler                 0x08002dfb   Thumb Code     0  startup_stm32f10x_md.o(.text)
    DMA1_Channel4_IRQHandler                 0x08002dfb   Thumb Code     0  startup_stm32f10x_md.o(.text)
    DMA1_Channel5_IRQHandler                 0x08002dfb   Thumb Code     0  startup_stm32f10x_md.o(.text)
    DMA1_Channel6_IRQHandler                 0x08002dfb   Thumb Code     0  startup_stm32f10x_md.o(.text)
    DMA1_Channel7_IRQHandler                 0x08002dfb   Thumb Code     0  startup_stm32f10x_md.o(.text)
    EXTI0_IRQHandler                         0x08002dfb   Thumb Code     0  startup_stm32f10x_md.o(.text)
    EXTI15_10_IRQHandler                     0x08002dfb   Thumb Code     0  startup_stm32f10x_md.o(.text)
    EXTI1_IRQHandler                         0x08002dfb   Thumb Code     0  startup_stm32f10x_md.o(.text)
    EXTI2_IRQHandler                         0x08002dfb   Thumb Code     0  startup_stm32f10x_md.o(.text)
    EXTI3_IRQHandler                         0x08002dfb   Thumb Code     0  startup_stm32f10x_md.o(.text)
    EXTI4_IRQHandler                         0x08002dfb   Thumb Code     0  startup_stm32f10x_md.o(.text)
    EXTI9_5_IRQHandler                       0x08002dfb   Thumb Code     0  startup_stm32f10x_md.o(.text)
    FLASH_IRQHandler                         0x08002dfb   Thumb Code     0  startup_stm32f10x_md.o(.text)
    I2C1_ER_IRQHandler                       0x08002dfb   Thumb Code     0  startup_stm32f10x_md.o(.text)
    I2C1_EV_IRQHandler                       0x08002dfb   Thumb Code     0  startup_stm32f10x_md.o(.text)
    I2C2_ER_IRQHandler                       0x08002dfb   Thumb Code     0  startup_stm32f10x_md.o(.text)
    I2C2_EV_IRQHandler                       0x08002dfb   Thumb Code     0  startup_stm32f10x_md.o(.text)
    PVD_IRQHandler                           0x08002dfb   Thumb Code     0  startup_stm32f10x_md.o(.text)
    RCC_IRQHandler                           0x08002dfb   Thumb Code     0  startup_stm32f10x_md.o(.text)
    RTCAlarm_IRQHandler                      0x08002dfb   Thumb Code     0  startup_stm32f10x_md.o(.text)
    RTC_IRQHandler                           0x08002dfb   Thumb Code     0  startup_stm32f10x_md.o(.text)
    SPI1_IRQHandler                          0x08002dfb   Thumb Code     0  startup_stm32f10x_md.o(.text)
    SPI2_IRQHandler                          0x08002dfb   Thumb Code     0  startup_stm32f10x_md.o(.text)
    TAMPER_IRQHandler                        0x08002dfb   Thumb Code     0  startup_stm32f10x_md.o(.text)
    TIM1_BRK_IRQHandler                      0x08002dfb   Thumb Code     0  startup_stm32f10x_md.o(.text)
    TIM1_CC_IRQHandler                       0x08002dfb   Thumb Code     0  startup_stm32f10x_md.o(.text)
    TIM1_TRG_COM_IRQHandler                  0x08002dfb   Thumb Code     0  startup_stm32f10x_md.o(.text)
    TIM1_UP_IRQHandler                       0x08002dfb   Thumb Code     0  startup_stm32f10x_md.o(.text)
    TIM2_IRQHandler                          0x08002dfb   Thumb Code     0  startup_stm32f10x_md.o(.text)
    TIM3_IRQHandler                          0x08002dfb   Thumb Code     0  startup_stm32f10x_md.o(.text)
    TIM4_IRQHandler                          0x08002dfb   Thumb Code     0  startup_stm32f10x_md.o(.text)
    USART2_IRQHandler                        0x08002dfb   Thumb Code     0  startup_stm32f10x_md.o(.text)
    USART3_IRQHandler                        0x08002dfb   Thumb Code     0  startup_stm32f10x_md.o(.text)
    USBWakeUp_IRQHandler                     0x08002dfb   Thumb Code     0  startup_stm32f10x_md.o(.text)
    USB_HP_CAN1_TX_IRQHandler                0x08002dfb   Thumb Code     0  startup_stm32f10x_md.o(.text)
    USB_LP_CAN1_RX0_IRQHandler               0x08002dfb   Thumb Code     0  startup_stm32f10x_md.o(.text)
    WWDG_IRQHandler                          0x08002dfb   Thumb Code     0  startup_stm32f10x_md.o(.text)
    __user_initial_stackheap                 0x08002dfd   Thumb Code     0  startup_stm32f10x_md.o(.text)
    SPI_I2S_DeInit                           0x08002e21   Thumb Code    76  stm32f10x_spi.o(.text)
    SPI_Init                                 0x08002e6d   Thumb Code    60  stm32f10x_spi.o(.text)
    I2S_Init                                 0x08002ea9   Thumb Code   226  stm32f10x_spi.o(.text)
    SPI_StructInit                           0x08002f8b   Thumb Code    24  stm32f10x_spi.o(.text)
    I2S_StructInit                           0x08002fa3   Thumb Code    20  stm32f10x_spi.o(.text)
    SPI_Cmd                                  0x08002fb7   Thumb Code    24  stm32f10x_spi.o(.text)
    I2S_Cmd                                  0x08002fcf   Thumb Code    24  stm32f10x_spi.o(.text)
    SPI_I2S_ITConfig                         0x08002fe7   Thumb Code    32  stm32f10x_spi.o(.text)
    SPI_I2S_DMACmd                           0x08003007   Thumb Code    18  stm32f10x_spi.o(.text)
    SPI_I2S_SendData                         0x08003019   Thumb Code     4  stm32f10x_spi.o(.text)
    SPI_I2S_ReceiveData                      0x0800301d   Thumb Code     6  stm32f10x_spi.o(.text)
    SPI_NSSInternalSoftwareConfig            0x08003023   Thumb Code    30  stm32f10x_spi.o(.text)
    SPI_SSOutputCmd                          0x08003041   Thumb Code    24  stm32f10x_spi.o(.text)
    SPI_DataSizeConfig                       0x08003059   Thumb Code    18  stm32f10x_spi.o(.text)
    SPI_TransmitCRC                          0x0800306b   Thumb Code    10  stm32f10x_spi.o(.text)
    SPI_CalculateCRC                         0x08003075   Thumb Code    24  stm32f10x_spi.o(.text)
    SPI_GetCRC                               0x0800308d   Thumb Code    16  stm32f10x_spi.o(.text)
    SPI_GetCRCPolynomial                     0x0800309d   Thumb Code     6  stm32f10x_spi.o(.text)
    SPI_BiDirectionalLineConfig              0x080030a3   Thumb Code    28  stm32f10x_spi.o(.text)
    SPI_I2S_GetFlagStatus                    0x080030bf   Thumb Code    18  stm32f10x_spi.o(.text)
    SPI_I2S_ClearFlag                        0x080030d1   Thumb Code     6  stm32f10x_spi.o(.text)
    SPI_I2S_GetITStatus                      0x080030d7   Thumb Code    52  stm32f10x_spi.o(.text)
    SPI_I2S_ClearITPendingBit                0x0800310b   Thumb Code    20  stm32f10x_spi.o(.text)
    ADC_DeInit                               0x0800312d   Thumb Code    78  stm32f10x_adc.o(.text)
    ADC_Init                                 0x0800317b   Thumb Code    70  stm32f10x_adc.o(.text)
    ADC_StructInit                           0x080031c1   Thumb Code    18  stm32f10x_adc.o(.text)
    ADC_Cmd                                  0x080031d3   Thumb Code    22  stm32f10x_adc.o(.text)
    ADC_DMACmd                               0x080031e9   Thumb Code    22  stm32f10x_adc.o(.text)
    ADC_ITConfig                             0x080031ff   Thumb Code    24  stm32f10x_adc.o(.text)
    ADC_ResetCalibration                     0x08003217   Thumb Code    10  stm32f10x_adc.o(.text)
    ADC_GetResetCalibrationStatus            0x08003221   Thumb Code    20  stm32f10x_adc.o(.text)
    ADC_StartCalibration                     0x08003235   Thumb Code    10  stm32f10x_adc.o(.text)
    ADC_GetCalibrationStatus                 0x0800323f   Thumb Code    20  stm32f10x_adc.o(.text)
    ADC_SoftwareStartConvCmd                 0x08003253   Thumb Code    22  stm32f10x_adc.o(.text)
    ADC_GetSoftwareStartConvStatus           0x08003269   Thumb Code    20  stm32f10x_adc.o(.text)
    ADC_DiscModeChannelCountConfig           0x0800327d   Thumb Code    24  stm32f10x_adc.o(.text)
    ADC_DiscModeCmd                          0x08003295   Thumb Code    22  stm32f10x_adc.o(.text)
    ADC_RegularChannelConfig                 0x080032ab   Thumb Code   184  stm32f10x_adc.o(.text)
    ADC_ExternalTrigConvCmd                  0x08003363   Thumb Code    22  stm32f10x_adc.o(.text)
    ADC_GetConversionValue                   0x08003379   Thumb Code     8  stm32f10x_adc.o(.text)
    ADC_GetDualModeConversionValue           0x08003381   Thumb Code     8  stm32f10x_adc.o(.text)
    ADC_AutoInjectedConvCmd                  0x08003389   Thumb Code    22  stm32f10x_adc.o(.text)
    ADC_InjectedDiscModeCmd                  0x0800339f   Thumb Code    22  stm32f10x_adc.o(.text)
    ADC_ExternalTrigInjectedConvConfig       0x080033b5   Thumb Code    16  stm32f10x_adc.o(.text)
    ADC_ExternalTrigInjectedConvCmd          0x080033c5   Thumb Code    22  stm32f10x_adc.o(.text)
    ADC_SoftwareStartInjectedConvCmd         0x080033db   Thumb Code    22  stm32f10x_adc.o(.text)
    ADC_GetSoftwareStartInjectedConvCmdStatus 0x080033f1   Thumb Code    20  stm32f10x_adc.o(.text)
    ADC_InjectedChannelConfig                0x08003405   Thumb Code   130  stm32f10x_adc.o(.text)
    ADC_InjectedSequencerLengthConfig        0x08003487   Thumb Code    24  stm32f10x_adc.o(.text)
    ADC_SetInjectedOffset                    0x0800349f   Thumb Code    20  stm32f10x_adc.o(.text)
    ADC_GetInjectedConversionValue           0x080034b3   Thumb Code    28  stm32f10x_adc.o(.text)
    ADC_AnalogWatchdogCmd                    0x080034cf   Thumb Code    16  stm32f10x_adc.o(.text)
    ADC_AnalogWatchdogThresholdsConfig       0x080034df   Thumb Code     6  stm32f10x_adc.o(.text)
    ADC_AnalogWatchdogSingleChannelConfig    0x080034e5   Thumb Code    16  stm32f10x_adc.o(.text)
    ADC_TempSensorVrefintCmd                 0x080034f5   Thumb Code    64  stm32f10x_adc.o(.text)
    ADC_GetFlagStatus                        0x08003535   Thumb Code    18  stm32f10x_adc.o(.text)
    ADC_ClearFlag                            0x08003547   Thumb Code     6  stm32f10x_adc.o(.text)
    ADC_GetITStatus                          0x0800354d   Thumb Code    36  stm32f10x_adc.o(.text)
    ADC_ClearITPendingBit                    0x08003571   Thumb Code    10  stm32f10x_adc.o(.text)
    DMA_DeInit                               0x0800357d   Thumb Code   324  stm32f10x_dma.o(.text)
    DMA_Init                                 0x080036c1   Thumb Code    60  stm32f10x_dma.o(.text)
    DMA_StructInit                           0x080036fd   Thumb Code    26  stm32f10x_dma.o(.text)
    DMA_Cmd                                  0x08003717   Thumb Code    24  stm32f10x_dma.o(.text)
    DMA_ITConfig                             0x0800372f   Thumb Code    18  stm32f10x_dma.o(.text)
    DMA_SetCurrDataCounter                   0x08003741   Thumb Code     4  stm32f10x_dma.o(.text)
    DMA_GetCurrDataCounter                   0x08003745   Thumb Code     8  stm32f10x_dma.o(.text)
    DMA_GetFlagStatus                        0x0800374d   Thumb Code    38  stm32f10x_dma.o(.text)
    DMA_ClearFlag                            0x08003773   Thumb Code    22  stm32f10x_dma.o(.text)
    DMA_GetITStatus                          0x08003789   Thumb Code    38  stm32f10x_dma.o(.text)
    DMA_ClearITPendingBit                    0x080037af   Thumb Code    22  stm32f10x_dma.o(.text)
    __use_two_region_memory                  0x080037cd   Thumb Code     2  heapauxi.o(.text)
    __rt_heap_escrow$2region                 0x080037cf   Thumb Code     2  heapauxi.o(.text)
    __rt_heap_expand$2region                 0x080037d1   Thumb Code     2  heapauxi.o(.text)
    __cpp_initialize__aeabi_                 0x080037d5   Thumb Code    26  init_aeabi.o(.text)
    __user_setup_stackheap                   0x080037f9   Thumb Code    74  sys_stackheap_outer.o(.text)
    exit                                     0x08003843   Thumb Code    12  exit.o(.text)
    __user_libspace                          0x08003851   Thumb Code     8  libspace.o(.text)
    __user_perproc_libspace                  0x08003851   Thumb Code     0  libspace.o(.text)
    __user_perthread_libspace                0x08003851   Thumb Code     0  libspace.o(.text)
    __I$use$semihosting                      0x08003859   Thumb Code     0  use_no_semi.o(.text)
    __use_no_semihosting_swi                 0x08003859   Thumb Code     2  use_no_semi.o(.text)
    __semihosting_library_function           0x0800385b   Thumb Code     0  indicate_semi.o(.text)
    _sys_exit                                0x0800385d   Thumb Code     8  sys_exit.o(.text)
    __aeabi_d2f                              0x08003869   Thumb Code     0  d2f.o(x$fpl$d2f)
    _d2f                                     0x08003869   Thumb Code    98  d2f.o(x$fpl$d2f)
    __aeabi_dadd                             0x080038cd   Thumb Code     0  daddsub_clz.o(x$fpl$dadd)
    _dadd                                    0x080038cd   Thumb Code   332  daddsub_clz.o(x$fpl$dadd)
    __aeabi_d2uiz                            0x08003a1d   Thumb Code     0  dfixu.o(x$fpl$dfixu)
    _dfixu                                   0x08003a1d   Thumb Code    90  dfixu.o(x$fpl$dfixu)
    __aeabi_i2d                              0x08003a77   Thumb Code     0  dflt_clz.o(x$fpl$dflt)
    _dflt                                    0x08003a77   Thumb Code    46  dflt_clz.o(x$fpl$dflt)
    __aeabi_dmul                             0x08003aa5   Thumb Code     0  dmul.o(x$fpl$dmul)
    _dmul                                    0x08003aa5   Thumb Code   332  dmul.o(x$fpl$dmul)
    __fpl_dnaninf                            0x08003bf9   Thumb Code   156  dnaninf.o(x$fpl$dnaninf)
    __fpl_dretinf                            0x08003c95   Thumb Code    12  dretinf.o(x$fpl$dretinf)
    __aeabi_dsub                             0x08003ca1   Thumb Code     0  daddsub_clz.o(x$fpl$dsub)
    _dsub                                    0x08003ca1   Thumb Code   464  daddsub_clz.o(x$fpl$dsub)
    __aeabi_f2d                              0x08003e75   Thumb Code     0  f2d.o(x$fpl$f2d)
    _f2d                                     0x08003e75   Thumb Code    86  f2d.o(x$fpl$f2d)
    __aeabi_fadd                             0x08003ecd   Thumb Code     0  faddsub_clz.o(x$fpl$fadd)
    _fadd                                    0x08003ecd   Thumb Code   196  faddsub_clz.o(x$fpl$fadd)
    __aeabi_fdiv                             0x08003f91   Thumb Code     0  fdiv.o(x$fpl$fdiv)
    _fdiv                                    0x08003f91   Thumb Code   384  fdiv.o(x$fpl$fdiv)
    __aeabi_f2uiz                            0x08004115   Thumb Code     0  ffixu.o(x$fpl$ffixu)
    _ffixu                                   0x08004115   Thumb Code    62  ffixu.o(x$fpl$ffixu)
    __aeabi_ui2f                             0x08004155   Thumb Code     0  fflt_clz.o(x$fpl$ffltu)
    _ffltu                                   0x08004155   Thumb Code    38  fflt_clz.o(x$fpl$ffltu)
    __fpl_fnaninf                            0x0800417b   Thumb Code   140  fnaninf.o(x$fpl$fnaninf)
    __fpl_fretinf                            0x08004207   Thumb Code    10  fretinf.o(x$fpl$fretinf)
    __aeabi_frsub                            0x08004211   Thumb Code     0  faddsub_clz.o(x$fpl$frsb)
    _frsb                                    0x08004211   Thumb Code    20  faddsub_clz.o(x$fpl$frsb)
    __aeabi_fsub                             0x08004225   Thumb Code     0  faddsub_clz.o(x$fpl$fsub)
    _fsub                                    0x08004225   Thumb Code   234  faddsub_clz.o(x$fpl$fsub)
    VirtAddVarTab                            0x0800430e   Data          32  ano_drv_eeprom.o(.constdata)
    __I$use$fp                               0x0800430e   Number         0  usenofp.o(x$fpl$usenofp)
    Region$$Table$$Base                      0x08004330   Number         0  anon$$obj.o(Region$$Table)
    Region$$Table$$Limit                     0x08004350   Number         0  anon$$obj.o(Region$$Table)
    SHT$$INIT_ARRAY$$Base                    0x08004350   Number         0  ano_config.o(.init_array)
    SHT$$INIT_ARRAY$$Limit                   0x0800435c   Number         0  ano_rc.o(.init_array)
    ano                                      0x20000000   Data           1  ano_config.o(.data)
    param                                    0x20000005   Data           1  ano_param.o(.data)
    TX_ADDRESS                               0x20000006   Data           5  ano_drv_nrf24l01.o(.data)
    RX_ADDRESS                               0x2000000b   Data           5  ano_drv_nrf24l01.o(.data)
    DataVar                                  0x20000010   Data           2  ano_drv_eeprom.o(.data)
    CurWrAddress                             0x20000014   Data           4  ano_drv_eeprom.o(.data)
    Rx_Ok0                                   0x2000001c   Data           1  ano_drv_usart1.o(.data)
    Rx_Ok1                                   0x2000001d   Data           1  ano_drv_usart1.o(.data)
    floattobyte                              0x20000020   Data           4  ano_drv_usart1.o(.data)
    SystemCoreClock                          0x20000038   Data           4  system_stm32f10x.o(.data)
    AHBPrescTable                            0x2000003c   Data          16  system_stm32f10x.o(.data)
    scheduler                                0x2000004c   Data          10  ano_scheduler.o(.bss)
    dt                                       0x20000056   Data          51  ano_dt.o(.bss)
    rc                                       0x2000008c   Data          76  ano_rc.o(.bss)
    nrf                                      0x200000d8   Data         510  ano_drv_nrf24l01.o(.bss)
    Rx_Buf                                   0x200003d6   Data          64  ano_drv_usart1.o(.bss)
    ADC_ConvertedValue                       0x20000416   Data          14  ano_drv_adc.o(.bss)
    __libspace_start                         0x20000424   Data          96  libspace.o(.bss)
    __temporary_stack_top$libspace           0x20000484   Data           0  libspace.o(.bss)



==============================================================================

Memory Map of the image

  Image Entry point : 0x080000ed

  Load Region LR_IROM1 (Base: 0x08000000, Size: 0x000043a8, Max: 0x00010000, ABSOLUTE)

    Execution Region ER_IROM1 (Base: 0x08000000, Size: 0x0000435c, Max: 0x00010000, ABSOLUTE)

    Base Addr    Size         Type   Attr      Idx    E Section Name        Object

    0x08000000   0x000000ec   Data   RO          651    RESET               startup_stm32f10x_md.o
    0x080000ec   0x00000008   Code   RO          723  * !!!main             c_w.l(__main.o)
    0x080000f4   0x00000034   Code   RO          934    !!!scatter          c_w.l(__scatter.o)
    0x08000128   0x0000001a   Code   RO          936    !!handler_copy      c_w.l(__scatter_copy.o)
    0x08000142   0x00000002   PAD
    0x08000144   0x0000001c   Code   RO          938    !!handler_zi        c_w.l(__scatter_zi.o)
    0x08000160   0x00000002   Code   RO          858    .ARM.Collect$$libinit$$00000000  c_w.l(libinit.o)
    0x08000162   0x00000000   Code   RO          775    .ARM.Collect$$libinit$$00000002  c_w.l(libinit2.o)
    0x08000162   0x00000000   Code   RO          778    .ARM.Collect$$libinit$$00000008  c_w.l(libinit2.o)
    0x08000162   0x00000000   Code   RO          780    .ARM.Collect$$libinit$$0000000A  c_w.l(libinit2.o)
    0x08000162   0x00000000   Code   RO          782    .ARM.Collect$$libinit$$0000000C  c_w.l(libinit2.o)
    0x08000162   0x00000000   Code   RO          785    .ARM.Collect$$libinit$$0000000F  c_w.l(libinit2.o)
    0x08000162   0x00000000   Code   RO          787    .ARM.Collect$$libinit$$00000011  c_w.l(libinit2.o)
    0x08000162   0x00000000   Code   RO          789    .ARM.Collect$$libinit$$00000013  c_w.l(libinit2.o)
    0x08000162   0x00000000   Code   RO          791    .ARM.Collect$$libinit$$00000015  c_w.l(libinit2.o)
    0x08000162   0x00000000   Code   RO          793    .ARM.Collect$$libinit$$00000017  c_w.l(libinit2.o)
    0x08000162   0x00000000   Code   RO          795    .ARM.Collect$$libinit$$00000019  c_w.l(libinit2.o)
    0x08000162   0x00000000   Code   RO          797    .ARM.Collect$$libinit$$0000001B  c_w.l(libinit2.o)
    0x08000162   0x00000000   Code   RO          799    .ARM.Collect$$libinit$$0000001D  c_w.l(libinit2.o)
    0x08000162   0x00000000   Code   RO          801    .ARM.Collect$$libinit$$0000001F  c_w.l(libinit2.o)
    0x08000162   0x00000000   Code   RO          803    .ARM.Collect$$libinit$$00000021  c_w.l(libinit2.o)
    0x08000162   0x00000000   Code   RO          805    .ARM.Collect$$libinit$$00000023  c_w.l(libinit2.o)
    0x08000162   0x00000000   Code   RO          809    .ARM.Collect$$libinit$$0000002A  c_w.l(libinit2.o)
    0x08000162   0x00000000   Code   RO          811    .ARM.Collect$$libinit$$0000002C  c_w.l(libinit2.o)
    0x08000162   0x00000000   Code   RO          813    .ARM.Collect$$libinit$$0000002E  c_w.l(libinit2.o)
    0x08000162   0x00000004   Code   RO          814    .ARM.Collect$$libinit$$0000002F  c_w.l(libinit2.o)
    0x08000166   0x00000000   Code   RO          815    .ARM.Collect$$libinit$$00000030  c_w.l(libinit2.o)
    0x08000166   0x00000002   Code   RO          816    .ARM.Collect$$libinit$$00000031  c_w.l(libinit2.o)
    0x08000168   0x00000002   Code   RO          896    .ARM.Collect$$libshutdown$$00000000  c_w.l(libshutdown.o)
    0x0800016a   0x00000000   Code   RO          903    .ARM.Collect$$libshutdown$$00000003  c_w.l(libshutdown2.o)
    0x0800016a   0x00000000   Code   RO          906    .ARM.Collect$$libshutdown$$00000006  c_w.l(libshutdown2.o)
    0x0800016a   0x00000000   Code   RO          909    .ARM.Collect$$libshutdown$$00000009  c_w.l(libshutdown2.o)
    0x0800016a   0x00000000   Code   RO          911    .ARM.Collect$$libshutdown$$0000000B  c_w.l(libshutdown2.o)
    0x0800016a   0x00000000   Code   RO          914    .ARM.Collect$$libshutdown$$0000000E  c_w.l(libshutdown2.o)
    0x0800016a   0x00000002   Code   RO          915    .ARM.Collect$$libshutdown$$0000000F  c_w.l(libshutdown2.o)
    0x0800016c   0x00000000   Code   RO          773    .ARM.Collect$$rtentry$$00000000  c_w.l(rtentry.o)
    0x0800016c   0x00000000   Code   RO          827    .ARM.Collect$$rtentry$$00000002  c_w.l(rtentry2.o)
    0x0800016c   0x00000006   Code   RO          839    .ARM.Collect$$rtentry$$00000004  c_w.l(rtentry4.o)
    0x08000172   0x00000000   Code   RO          829    .ARM.Collect$$rtentry$$00000009  c_w.l(rtentry2.o)
    0x08000172   0x00000004   Code   RO          830    .ARM.Collect$$rtentry$$0000000A  c_w.l(rtentry2.o)
    0x08000176   0x00000000   Code   RO          832    .ARM.Collect$$rtentry$$0000000C  c_w.l(rtentry2.o)
    0x08000176   0x00000008   Code   RO          833    .ARM.Collect$$rtentry$$0000000D  c_w.l(rtentry2.o)
    0x0800017e   0x00000002   Code   RO          864    .ARM.Collect$$rtexit$$00000000  c_w.l(rtexit.o)
    0x08000180   0x00000000   Code   RO          876    .ARM.Collect$$rtexit$$00000002  c_w.l(rtexit2.o)
    0x08000180   0x00000004   Code   RO          877    .ARM.Collect$$rtexit$$00000003  c_w.l(rtexit2.o)
    0x08000184   0x00000006   Code   RO          878    .ARM.Collect$$rtexit$$00000004  c_w.l(rtexit2.o)
    0x0800018a   0x00000002   PAD
    0x0800018c   0x00000018   Code   RO            3    .text               anoremoter.o
    0x080001a4   0x00000010   Code   RO          126    .text               ano_config.o
    0x080001b4   0x000000b4   Code   RO          153    .text               ano_scheduler.o
    0x08000268   0x000001d4   Code   RO          197    .text               ano_dt.o
    0x0800043c   0x00000670   Code   RO          224    .text               ano_rc.o
    0x08000aac   0x000000b0   Code   RO          252    .text               ano_param.o
    0x08000b5c   0x000000bc   Code   RO          278    .text               board.o
    0x08000c18   0x00000022   Code   RO          329    .text               stm32f10x_it.o
    0x08000c3a   0x00000002   PAD
    0x08000c3c   0x0000013c   Code   RO          353    .text               ano_drv_spi2.o
    0x08000d78   0x000002ec   Code   RO          373    .text               ano_drv_nrf24l01.o
    0x08001064   0x000004cc   Code   RO          400    .text               ano_drv_eeprom.o
    0x08001530   0x000003b8   Code   RO          428    .text               ano_drv_usart1.o
    0x080018e8   0x00000180   Code   RO          456    .text               ano_drv_adc.o
    0x08001a68   0x000000dc   Code   RO          483    .text               misc.o
    0x08001b44   0x00000358   Code   RO          504    .text               stm32f10x_gpio.o
    0x08001e9c   0x000003a4   Code   RO          525    .text               stm32f10x_rcc.o
    0x08002240   0x00000408   Code   RO          569    .text               stm32f10x_usart.o
    0x08002648   0x000005bc   Code   RO          590    .text               stm32f10x_flash.o
    0x08002c04   0x000001dc   Code   RO          611    .text               system_stm32f10x.o
    0x08002de0   0x00000040   Code   RO          652    .text               startup_stm32f10x_md.o
    0x08002e20   0x0000030c   Code   RO          658    .text               stm32f10x_spi.o
    0x0800312c   0x0000044e   Code   RO          679    .text               stm32f10x_adc.o
    0x0800357a   0x00000002   PAD
    0x0800357c   0x00000250   Code   RO          700    .text               stm32f10x_dma.o
    0x080037cc   0x00000006   Code   RO          721    .text               c_w.l(heapauxi.o)
    0x080037d2   0x00000002   PAD
    0x080037d4   0x00000024   Code   RO          728    .text               c_w.l(init_aeabi.o)
    0x080037f8   0x0000004a   Code   RO          845    .text               c_w.l(sys_stackheap_outer.o)
    0x08003842   0x0000000c   Code   RO          847    .text               c_w.l(exit.o)
    0x0800384e   0x00000002   PAD
    0x08003850   0x00000008   Code   RO          861    .text               c_w.l(libspace.o)
    0x08003858   0x00000002   Code   RO          872    .text               c_w.l(use_no_semi.o)
    0x0800385a   0x00000000   Code   RO          874    .text               c_w.l(indicate_semi.o)
    0x0800385a   0x00000002   PAD
    0x0800385c   0x0000000c   Code   RO          888    .text               c_w.l(sys_exit.o)
    0x08003868   0x00000062   Code   RO          731    x$fpl$d2f           fz_ws.l(d2f.o)
    0x080038ca   0x00000002   PAD
    0x080038cc   0x00000150   Code   RO          733    x$fpl$dadd          fz_ws.l(daddsub_clz.o)
    0x08003a1c   0x0000005a   Code   RO          739    x$fpl$dfixu         fz_ws.l(dfixu.o)
    0x08003a76   0x0000002e   Code   RO          744    x$fpl$dflt          fz_ws.l(dflt_clz.o)
    0x08003aa4   0x00000154   Code   RO          749    x$fpl$dmul          fz_ws.l(dmul.o)
    0x08003bf8   0x0000009c   Code   RO          817    x$fpl$dnaninf       fz_ws.l(dnaninf.o)
    0x08003c94   0x0000000c   Code   RO          819    x$fpl$dretinf       fz_ws.l(dretinf.o)
    0x08003ca0   0x000001d4   Code   RO          735    x$fpl$dsub          fz_ws.l(daddsub_clz.o)
    0x08003e74   0x00000056   Code   RO          751    x$fpl$f2d           fz_ws.l(f2d.o)
    0x08003eca   0x00000002   PAD
    0x08003ecc   0x000000c4   Code   RO          753    x$fpl$fadd          fz_ws.l(faddsub_clz.o)
    0x08003f90   0x00000184   Code   RO          760    x$fpl$fdiv          fz_ws.l(fdiv.o)
    0x08004114   0x0000003e   Code   RO          763    x$fpl$ffixu         fz_ws.l(ffixu.o)
    0x08004152   0x00000002   PAD
    0x08004154   0x00000026   Code   RO          767    x$fpl$ffltu         fz_ws.l(fflt_clz.o)
    0x0800417a   0x0000008c   Code   RO          821    x$fpl$fnaninf       fz_ws.l(fnaninf.o)
    0x08004206   0x0000000a   Code   RO          823    x$fpl$fretinf       fz_ws.l(fretinf.o)
    0x08004210   0x00000014   Code   RO          754    x$fpl$frsb          fz_ws.l(faddsub_clz.o)
    0x08004224   0x000000ea   Code   RO          755    x$fpl$fsub          fz_ws.l(faddsub_clz.o)
    0x0800430e   0x00000000   Code   RO          825    x$fpl$usenofp       fz_ws.l(usenofp.o)
    0x0800430e   0x00000020   Data   RO          402    .constdata          ano_drv_eeprom.o
    0x0800432e   0x00000002   PAD
    0x08004330   0x00000020   Data   RO          932    Region$$Table       anon$$obj.o
    0x08004350   0x00000004   Data   RO          129    .init_array         ano_config.o
    0x08004354   0x00000004   Data   RO          156    .init_array         ano_scheduler.o
    0x08004358   0x00000004   Data   RO          228    .init_array         ano_rc.o


    Execution Region RW_IRAM1 (Base: 0x20000000, Size: 0x00000a88, Max: 0x00005000, ABSOLUTE)

    Base Addr    Size         Type   Attr      Idx    E Section Name        Object

    0x20000000   0x00000001   Data   RW          128    .data               ano_config.o
    0x20000001   0x00000001   Data   RW          200    .data               ano_dt.o
    0x20000002   0x00000003   Data   RW          227    .data               ano_rc.o
    0x20000005   0x00000001   Data   RW          254    .data               ano_param.o
    0x20000006   0x0000000a   Data   RW          376    .data               ano_drv_nrf24l01.o
    0x20000010   0x00000008   Data   RW          403    .data               ano_drv_eeprom.o
    0x20000018   0x0000000c   Data   RW          431    .data               ano_drv_usart1.o
    0x20000024   0x00000014   Data   RW          527    .data               stm32f10x_rcc.o
    0x20000038   0x00000014   Data   RW          613    .data               system_stm32f10x.o
    0x2000004c   0x0000000a   Zero   RW          155    .bss                ano_scheduler.o
    0x20000056   0x00000033   Zero   RW          199    .bss                ano_dt.o
    0x20000089   0x00000003   PAD
    0x2000008c   0x0000004c   Zero   RW          226    .bss                ano_rc.o
    0x200000d8   0x000001fe   Zero   RW          375    .bss                ano_drv_nrf24l01.o
    0x200002d6   0x00000140   Zero   RW          430    .bss                ano_drv_usart1.o
    0x20000416   0x0000000e   Zero   RW          458    .bss                ano_drv_adc.o
    0x20000424   0x00000060   Zero   RW          862    .bss                c_w.l(libspace.o)
    0x20000484   0x00000004   PAD
    0x20000488   0x00000200   Zero   RW          650    HEAP                startup_stm32f10x_md.o
    0x20000688   0x00000400   Zero   RW          649    STACK               startup_stm32f10x_md.o


==============================================================================

Image component sizes


      Code (inc. data)   RO Data    RW Data    ZI Data      Debug   Object Name

        16          4          4          1          0       1182   ano_config.o
       384         22          0          0         14       1513   ano_drv_adc.o
      1228         32         32          8          0       5072   ano_drv_eeprom.o
       748         10          0         10        510       4880   ano_drv_nrf24l01.o
       316         10          0          0          0       1328   ano_drv_spi2.o
       952         44          0         12        320       3310   ano_drv_usart1.o
       468         24          0          1         51       2381   ano_dt.o
       176          8          0          1          0       1576   ano_param.o
      1648         76          4          3         76       2653   ano_rc.o
       180         14          4          0         10       1887   ano_scheduler.o
        24          6          0          0          0     263787   anoremoter.o
       188         20          0          0          0      23232   board.o
       220         20          0          0          0       1897   misc.o
        64         26        236          0       1536        860   startup_stm32f10x_md.o
      1102         26          0          0          0      10997   stm32f10x_adc.o
       592          8          0          0          0       4442   stm32f10x_dma.o
      1468         34          0          0          0       8146   stm32f10x_flash.o
       856         40          0          0          0       5765   stm32f10x_gpio.o
        34          0          0          0          0       1203   stm32f10x_it.o
       932         44          0         20          0       8948   stm32f10x_rcc.o
       780         14          0          0          0       6658   stm32f10x_spi.o
      1032         22          0          0          0       8516   stm32f10x_usart.o
       476         36          0         20          0       2011   system_stm32f10x.o

    ----------------------------------------------------------------------
     13888        540        314         76       2520     372244   Object Totals
         0          0         32          0          0          0   (incl. Generated)
         4          0          2          0          3          0   (incl. Padding)

    ----------------------------------------------------------------------

      Code (inc. data)   RO Data    RW Data    ZI Data      Debug   Library Member Name

         8          0          0          0          0         68   __main.o
        52          8          0          0          0          0   __scatter.o
        26          0          0          0          0          0   __scatter_copy.o
        28          0          0          0          0          0   __scatter_zi.o
        12          0          0          0          0         72   exit.o
         6          0          0          0          0        152   heapauxi.o
         0          0          0          0          0          0   indicate_semi.o
        36         10          0          0          0         80   init_aeabi.o
         2          0          0          0          0          0   libinit.o
         6          0          0          0          0          0   libinit2.o
         2          0          0          0          0          0   libshutdown.o
         2          0          0          0          0          0   libshutdown2.o
         8          4          0          0         96         68   libspace.o
         0          0          0          0          0          0   rtentry.o
        12          0          0          0          0          0   rtentry2.o
         6          0          0          0          0          0   rtentry4.o
         2          0          0          0          0          0   rtexit.o
        10          0          0          0          0          0   rtexit2.o
        12          4          0          0          0         68   sys_exit.o
        74          0          0          0          0         80   sys_stackheap_outer.o
         2          0          0          0          0         68   use_no_semi.o
        98          4          0          0          0         92   d2f.o
       804         16          0          0          0        272   daddsub_clz.o
        90          4          0          0          0         92   dfixu.o
        46          0          0          0          0         68   dflt_clz.o
       340         12          0          0          0        104   dmul.o
       156          4          0          0          0         92   dnaninf.o
        12          0          0          0          0         68   dretinf.o
        86          4          0          0          0         84   f2d.o
       450          8          0          0          0        236   faddsub_clz.o
       388         76          0          0          0         96   fdiv.o
        62          4          0          0          0         84   ffixu.o
        38          0          0          0          0         68   fflt_clz.o
       140          4          0          0          0         84   fnaninf.o
        10          0          0          0          0         68   fretinf.o
         0          0          0          0          0          0   usenofp.o

    ----------------------------------------------------------------------
      3042        162          0          0        100       2164   Library Totals
        16          0          0          0          4          0   (incl. Padding)

    ----------------------------------------------------------------------

      Code (inc. data)   RO Data    RW Data    ZI Data      Debug   Library Name

       306         26          0          0         96        656   c_w.l
      2720        136          0          0          0       1508   fz_ws.l

    ----------------------------------------------------------------------
      3042        162          0          0        100       2164   Library Totals

    ----------------------------------------------------------------------

==============================================================================


      Code (inc. data)   RO Data    RW Data    ZI Data      Debug   

     16930        702        314         76       2620     370976   Grand Totals
     16930        702        314         76       2620     370976   ELF Image Totals
     16930        702        314         76          0          0   ROM Totals

==============================================================================

    Total RO  Size (Code + RO Data)                17244 (  16.84kB)
    Total RW  Size (RW Data + ZI Data)              2696 (   2.63kB)
    Total ROM Size (Code + RO Data + RW Data)      17320 (  16.91kB)

==============================================================================

