Component: ARM Compiler 5.06 (build 20) Tool: armlink [4d35a3]

==============================================================================

Section Cross References

    main.o(.text) refers to drv_adc.o(.text) for adcInit1
    main.o(.text) refers to stm32f0xx_gpio.o(.text) for GPIO_ReadInputDataBit
    main.o(.text) refers to dflti.o(.text) for __aeabi_ui2d
    main.o(.text) refers to dmul.o(.text) for __aeabi_dmul
    main.o(.text) refers to dscalbn.o(.text) for __ARM_scalbn
    main.o(.text) refers to d2f.o(.text) for __aeabi_d2f
    main.o(.text) refers to aeabi_sdiv.o(.text) for __aeabi_uidivmod
    main.o(.text) refers to delay.o(.text) for delay_Ms_Loop
    main.o(.text) refers to nrf24l01.o(.text) for NRF_IRQ
    main.o(.text) refers to led.o(.text) for LED_INIT
    main.o(.text) refers to spi.o(.text) for SPI1_INIT
    main.o(.text) refers to nrf24l01.o(.bss) for NRF24L01_TXDATA
    main.o(.text) refers to main.o(.data) for .data
    main.o(.text) refers to drv_adc.o(.data) for ADC_Result
    delay.o(.text) refers to delay.o(.data) for .data
    drv_adc.o(.text) refers to stm32f0xx_rcc.o(.text) for RCC_AHBPeriphClockCmd
    drv_adc.o(.text) refers to stm32f0xx_gpio.o(.text) for GPIO_Init
    drv_adc.o(.text) refers to stm32f0xx_adc.o(.text) for ADC_DeInit
    drv_adc.o(.text) refers to delay.o(.text) for delay_Ms_Loop
    drv_adc.o(.text) refers to drv_adc.o(.data) for .data
    led.o(.text) refers to stm32f0xx_rcc.o(.text) for RCC_AHBPeriphClockCmd
    led.o(.text) refers to stm32f0xx_gpio.o(.text) for GPIO_Init
    led.o(.text) refers to delay.o(.text) for delay_Ms_Loop
    nrf24l01.o(.text) refers to stm32f0xx_gpio.o(.text) for GPIO_ResetBits
    nrf24l01.o(.text) refers to spi.o(.text) for SPI_RW
    nrf24l01.o(.text) refers to stm32f0xx_rcc.o(.text) for RCC_AHBPeriphClockCmd
    nrf24l01.o(.text) refers to stm32f0xx_exti.o(.text) for EXTI_GetITStatus
    nrf24l01.o(.text) refers to nrf24l01.o(.data) for .data
    spi.o(.text) refers to stm32f0xx_rcc.o(.text) for RCC_APB1PeriphClockCmd
    spi.o(.text) refers to stm32f0xx_gpio.o(.text) for GPIO_PinAFConfig
    spi.o(.text) refers to stm32f0xx_spi.o(.text) for SPI_I2S_DeInit
    system_stm32f0xx.o(.text) refers to aeabi_sdiv.o(.text) for __aeabi_uidivmod
    system_stm32f0xx.o(.text) refers to system_stm32f0xx.o(.data) for .data
    startup_stm32f0xx.o(STACK) refers (Special) to heapauxi.o(.text) for __use_two_region_memory
    startup_stm32f0xx.o(HEAP) refers (Special) to heapauxi.o(.text) for __use_two_region_memory
    startup_stm32f0xx.o(RESET) refers (Special) to heapauxi.o(.text) for __use_two_region_memory
    startup_stm32f0xx.o(RESET) refers to startup_stm32f0xx.o(STACK) for __initial_sp
    startup_stm32f0xx.o(RESET) refers to startup_stm32f0xx.o(.text) for Reset_Handler
    startup_stm32f0xx.o(RESET) refers to stm32f0xx_it.o(.text) for NMI_Handler
    startup_stm32f0xx.o(.text) refers (Special) to heapauxi.o(.text) for __use_two_region_memory
    startup_stm32f0xx.o(.text) refers to startup_stm32f0xx.o(STACK) for __initial_sp
    startup_stm32f0xx.o(.text) refers to system_stm32f0xx.o(.text) for SystemInit
    startup_stm32f0xx.o(.text) refers to __main.o(!!!main) for __main
    startup_stm32f0xx.o(.text) refers to startup_stm32f0xx.o(HEAP) for Heap_Mem
    stm32f0xx_adc.o(.text) refers to stm32f0xx_rcc.o(.text) for RCC_APB2PeriphResetCmd
    stm32f0xx_rcc.o(.text) refers to aeabi_sdiv.o(.text) for __aeabi_uidivmod
    stm32f0xx_rcc.o(.text) refers to stm32f0xx_rcc.o(.data) for .data
    stm32f0xx_spi.o(.text) refers to stm32f0xx_rcc.o(.text) for RCC_APB2PeriphResetCmd
    stm32f0xx_spi.o(.text) refers to aeabi_sdiv.o(.text) for __aeabi_uidivmod
    stm32f0xx_gpio.o(.text) refers to stm32f0xx_rcc.o(.text) for RCC_AHBPeriphResetCmd
    __main.o(!!!main) refers to __rtentry.o(.ARM.Collect$$rtentry$$00000000) for __rt_entry
    d2f.o(.text) refers (Special) to usenofp.o(x$fpl$usenofp) for __I$use$fp
    dflti.o(.text) refers (Special) to usenofp.o(x$fpl$usenofp) for __I$use$fp
    dmul.o(.text) refers (Special) to usenofp.o(x$fpl$usenofp) for __I$use$fp
    dscalbn.o(.text) refers (Special) to usenofp.o(x$fpl$usenofp) for __I$use$fp
    __rtentry.o(.ARM.Collect$$rtentry$$00000000) refers (Special) to __rtentry2.o(.ARM.Collect$$rtentry$$0000000A) for __rt_entry_li
    __rtentry.o(.ARM.Collect$$rtentry$$00000000) refers (Special) to __rtentry2.o(.ARM.Collect$$rtentry$$0000000D) for __rt_entry_main
    __rtentry.o(.ARM.Collect$$rtentry$$00000000) refers (Special) to __rtentry2.o(.ARM.Collect$$rtentry$$0000000C) for __rt_entry_postli_1
    __rtentry.o(.ARM.Collect$$rtentry$$00000000) refers (Special) to __rtentry2.o(.ARM.Collect$$rtentry$$00000009) for __rt_entry_postsh_1
    __rtentry.o(.ARM.Collect$$rtentry$$00000000) refers (Special) to __rtentry2.o(.ARM.Collect$$rtentry$$00000002) for __rt_entry_presh_1
    __rtentry.o(.ARM.Collect$$rtentry$$00000000) refers (Special) to __rtentry4.o(.ARM.Collect$$rtentry$$00000004) for __rt_entry_sh
    aeabi_idiv0_sigfpe.o(.text) refers to rt_div0.o(.text) for __rt_div0
    __rtentry2.o(.ARM.Collect$$rtentry$$00000008) refers to boardinit2.o(.text) for _platform_post_stackheap_init
    __rtentry2.o(.ARM.Collect$$rtentry$$0000000A) refers to libinit.o(.ARM.Collect$$libinit$$00000000) for __rt_lib_init
    __rtentry2.o(.ARM.Collect$$rtentry$$0000000B) refers to boardinit3.o(.text) for _platform_post_lib_init
    __rtentry2.o(.ARM.Collect$$rtentry$$0000000D) refers to main.o(.text) for main
    __rtentry2.o(.ARM.Collect$$rtentry$$0000000D) refers to exit.o(.text) for exit
    __rtentry2.o(.ARM.exidx) refers to __rtentry2.o(.ARM.Collect$$rtentry$$00000001) for .ARM.Collect$$rtentry$$00000001
    __rtentry2.o(.ARM.exidx) refers to __rtentry2.o(.ARM.Collect$$rtentry$$00000008) for .ARM.Collect$$rtentry$$00000008
    __rtentry2.o(.ARM.exidx) refers to __rtentry2.o(.ARM.Collect$$rtentry$$0000000A) for .ARM.Collect$$rtentry$$0000000A
    __rtentry2.o(.ARM.exidx) refers to __rtentry2.o(.ARM.Collect$$rtentry$$0000000B) for .ARM.Collect$$rtentry$$0000000B
    __rtentry2.o(.ARM.exidx) refers to __rtentry2.o(.ARM.Collect$$rtentry$$0000000D) for .ARM.Collect$$rtentry$$0000000D
    __rtentry4.o(.ARM.Collect$$rtentry$$00000004) refers to sys_stackheap_outer.o(.text) for __user_setup_stackheap
    __rtentry4.o(.ARM.exidx) refers to __rtentry4.o(.ARM.Collect$$rtentry$$00000004) for .ARM.Collect$$rtentry$$00000004
    rt_div0.o(.text) refers to defsig_fpe_outer.o(.text) for __rt_SIGFPE
    sys_stackheap_outer.o(.text) refers to libspace.o(.text) for __user_perproc_libspace
    sys_stackheap_outer.o(.text) refers to startup_stm32f0xx.o(.text) for __user_initial_stackheap
    sys_stackheap_outer.o(__vectab_stack_and_reset_area) refers to tempstk.o(.text) for __temporary_stack_top
    sys_stackheap_outer.o(__vectab_stack_and_reset_area) refers to __main.o(!!!main) for __main
    exit.o(.text) refers to rtexit.o(.ARM.Collect$$rtexit$$00000000) for __rt_exit
    defsig_fpe_outer.o(.text) refers to defsig_fpe_inner.o(.text) for __rt_SIGFPE_inner
    defsig_fpe_outer.o(.text) refers to defsig_exit.o(.text) for __sig_exit
    defsig_fpe_formal.o(.text) refers to rt_raise.o(.text) for __rt_raise
    libinit.o(.ARM.Collect$$libinit$$00000000) refers (Special) to libinit2.o(.ARM.Collect$$libinit$$0000002E) for __rt_lib_init_alloca_1
    libinit.o(.ARM.Collect$$libinit$$00000000) refers (Special) to libinit2.o(.ARM.Collect$$libinit$$0000002C) for __rt_lib_init_argv_1
    libinit.o(.ARM.Collect$$libinit$$00000000) refers (Special) to libinit2.o(.ARM.Collect$$libinit$$0000001B) for __rt_lib_init_atexit_1
    libinit.o(.ARM.Collect$$libinit$$00000000) refers (Special) to libinit2.o(.ARM.Collect$$libinit$$00000021) for __rt_lib_init_clock_1
    libinit.o(.ARM.Collect$$libinit$$00000000) refers (Special) to libinit2.o(.ARM.Collect$$libinit$$00000032) for __rt_lib_init_cpp_1
    libinit.o(.ARM.Collect$$libinit$$00000000) refers (Special) to libinit2.o(.ARM.Collect$$libinit$$00000030) for __rt_lib_init_exceptions_1
    libinit.o(.ARM.Collect$$libinit$$00000000) refers (Special) to libinit2.o(.ARM.Collect$$libinit$$00000002) for __rt_lib_init_fp_1
    libinit.o(.ARM.Collect$$libinit$$00000000) refers (Special) to libinit2.o(.ARM.Collect$$libinit$$0000001F) for __rt_lib_init_fp_trap_1
    libinit.o(.ARM.Collect$$libinit$$00000000) refers (Special) to libinit2.o(.ARM.Collect$$libinit$$00000023) for __rt_lib_init_getenv_1
    libinit.o(.ARM.Collect$$libinit$$00000000) refers (Special) to libinit2.o(.ARM.Collect$$libinit$$0000000A) for __rt_lib_init_heap_1
    libinit.o(.ARM.Collect$$libinit$$00000000) refers (Special) to libinit2.o(.ARM.Collect$$libinit$$00000011) for __rt_lib_init_lc_collate_1
    libinit.o(.ARM.Collect$$libinit$$00000000) refers (Special) to libinit2.o(.ARM.Collect$$libinit$$00000013) for __rt_lib_init_lc_ctype_1
    libinit.o(.ARM.Collect$$libinit$$00000000) refers (Special) to libinit2.o(.ARM.Collect$$libinit$$00000015) for __rt_lib_init_lc_monetary_1
    libinit.o(.ARM.Collect$$libinit$$00000000) refers (Special) to libinit2.o(.ARM.Collect$$libinit$$00000017) for __rt_lib_init_lc_numeric_1
    libinit.o(.ARM.Collect$$libinit$$00000000) refers (Special) to libinit2.o(.ARM.Collect$$libinit$$00000019) for __rt_lib_init_lc_time_1
    libinit.o(.ARM.Collect$$libinit$$00000000) refers (Special) to libinit2.o(.ARM.Collect$$libinit$$00000004) for __rt_lib_init_preinit_1
    libinit.o(.ARM.Collect$$libinit$$00000000) refers (Special) to libinit2.o(.ARM.Collect$$libinit$$0000000E) for __rt_lib_init_rand_1
    libinit.o(.ARM.Collect$$libinit$$00000000) refers (Special) to libinit2.o(.ARM.Collect$$libinit$$00000033) for __rt_lib_init_return
    libinit.o(.ARM.Collect$$libinit$$00000000) refers (Special) to libinit2.o(.ARM.Collect$$libinit$$0000001D) for __rt_lib_init_signal_1
    libinit.o(.ARM.Collect$$libinit$$00000000) refers (Special) to libinit2.o(.ARM.Collect$$libinit$$00000025) for __rt_lib_init_stdio_1
    libinit.o(.ARM.Collect$$libinit$$00000000) refers (Special) to libinit2.o(.ARM.Collect$$libinit$$0000000C) for __rt_lib_init_user_alloc_1
    libspace.o(.text) refers to libspace.o(.bss) for __libspace_start
    rtexit.o(.ARM.Collect$$rtexit$$00000000) refers (Special) to rtexit2.o(.ARM.Collect$$rtexit$$00000004) for __rt_exit_exit
    rtexit.o(.ARM.Collect$$rtexit$$00000000) refers (Special) to rtexit2.o(.ARM.Collect$$rtexit$$00000003) for __rt_exit_ls
    rtexit.o(.ARM.Collect$$rtexit$$00000000) refers (Special) to rtexit2.o(.ARM.Collect$$rtexit$$00000002) for __rt_exit_prels_1
    rtexit.o(.ARM.exidx) refers (Special) to rtexit2.o(.ARM.Collect$$rtexit$$00000004) for __rt_exit_exit
    rtexit.o(.ARM.exidx) refers (Special) to rtexit2.o(.ARM.Collect$$rtexit$$00000003) for __rt_exit_ls
    rtexit.o(.ARM.exidx) refers (Special) to rtexit2.o(.ARM.Collect$$rtexit$$00000002) for __rt_exit_prels_1
    rtexit.o(.ARM.exidx) refers to rtexit.o(.ARM.Collect$$rtexit$$00000000) for .ARM.Collect$$rtexit$$00000000
    rt_raise.o(.text) refers to __raise.o(.text) for __raise
    rt_raise.o(.text) refers to sys_exit.o(.text) for _sys_exit
    defsig_exit.o(.text) refers to sys_exit.o(.text) for _sys_exit
    defsig_fpe_inner.o(.text) refers to defsig_general.o(.text) for __default_signal_display
    libinit2.o(.ARM.Collect$$libinit$$00000010) refers to libinit2.o(.ARM.Collect$$libinit$$0000000F) for .ARM.Collect$$libinit$$0000000F
    libinit2.o(.ARM.Collect$$libinit$$00000012) refers to libinit2.o(.ARM.Collect$$libinit$$0000000F) for .ARM.Collect$$libinit$$0000000F
    libinit2.o(.ARM.Collect$$libinit$$00000014) refers to libinit2.o(.ARM.Collect$$libinit$$0000000F) for .ARM.Collect$$libinit$$0000000F
    libinit2.o(.ARM.Collect$$libinit$$00000016) refers to libinit2.o(.ARM.Collect$$libinit$$0000000F) for .ARM.Collect$$libinit$$0000000F
    libinit2.o(.ARM.Collect$$libinit$$00000018) refers to libinit2.o(.ARM.Collect$$libinit$$0000000F) for .ARM.Collect$$libinit$$0000000F
    libinit2.o(.ARM.Collect$$libinit$$00000026) refers to argv_veneer.o(.text) for __ARM_argv_veneer
    libinit2.o(.ARM.Collect$$libinit$$00000027) refers to argv_veneer.o(.text) for __ARM_argv_veneer
    sys_exit.o(.text) refers (Special) to use_no_semi.o(.text) for __I$use$semihosting
    sys_exit.o(.text) refers (Special) to indicate_semi.o(.text) for __semihosting_library_function
    rtexit2.o(.ARM.Collect$$rtexit$$00000003) refers to libshutdown.o(.ARM.Collect$$libshutdown$$00000000) for __rt_lib_shutdown
    rtexit2.o(.ARM.Collect$$rtexit$$00000004) refers to sys_exit.o(.text) for _sys_exit
    rtexit2.o(.ARM.exidx) refers to rtexit2.o(.ARM.Collect$$rtexit$$00000001) for .ARM.Collect$$rtexit$$00000001
    rtexit2.o(.ARM.exidx) refers to rtexit2.o(.ARM.Collect$$rtexit$$00000003) for .ARM.Collect$$rtexit$$00000003
    rtexit2.o(.ARM.exidx) refers to rtexit2.o(.ARM.Collect$$rtexit$$00000004) for .ARM.Collect$$rtexit$$00000004
    __raise.o(.text) refers to defsig.o(CL$$defsig) for __default_signal_handler
    defsig_general.o(.text) refers to sys_wrch.o(.text) for _ttywrch
    sys_wrch.o(.text) refers (Special) to use_no_semi.o(.text) for __I$use$semihosting
    sys_wrch.o(.text) refers (Special) to indicate_semi.o(.text) for __semihosting_library_function
    defsig.o(CL$$defsig) refers to defsig_fpe_inner.o(.text) for __rt_SIGFPE_inner
    defsig.o(CL$$defsig) refers to defsig_rtmem_inner.o(.text) for __rt_SIGRTMEM_inner
    _get_argv_nomalloc.o(.text) refers (Special) to hrguard.o(.text) for __heap_region$guard
    _get_argv_nomalloc.o(.text) refers to defsig_rtmem_outer.o(.text) for __rt_SIGRTMEM
    _get_argv_nomalloc.o(.text) refers to sys_command.o(.text) for _sys_command_string
    libshutdown.o(.ARM.Collect$$libshutdown$$00000000) refers (Special) to libshutdown2.o(.ARM.Collect$$libshutdown$$00000002) for __rt_lib_shutdown_cpp_1
    libshutdown.o(.ARM.Collect$$libshutdown$$00000000) refers (Special) to libshutdown2.o(.ARM.Collect$$libshutdown$$00000007) for __rt_lib_shutdown_fp_trap_1
    libshutdown.o(.ARM.Collect$$libshutdown$$00000000) refers (Special) to libshutdown2.o(.ARM.Collect$$libshutdown$$0000000F) for __rt_lib_shutdown_heap_1
    libshutdown.o(.ARM.Collect$$libshutdown$$00000000) refers (Special) to libshutdown2.o(.ARM.Collect$$libshutdown$$00000010) for __rt_lib_shutdown_return
    libshutdown.o(.ARM.Collect$$libshutdown$$00000000) refers (Special) to libshutdown2.o(.ARM.Collect$$libshutdown$$0000000A) for __rt_lib_shutdown_signal_1
    libshutdown.o(.ARM.Collect$$libshutdown$$00000000) refers (Special) to libshutdown2.o(.ARM.Collect$$libshutdown$$00000004) for __rt_lib_shutdown_stdio_1
    libshutdown.o(.ARM.Collect$$libshutdown$$00000000) refers (Special) to libshutdown2.o(.ARM.Collect$$libshutdown$$0000000C) for __rt_lib_shutdown_user_alloc_1
    sys_command.o(.text) refers (Special) to use_no_semi.o(.text) for __I$use$semihosting
    sys_command.o(.text) refers (Special) to indicate_semi.o(.text) for __semihosting_library_function
    defsig_abrt_inner.o(.text) refers to defsig_general.o(.text) for __default_signal_display
    defsig_rtred_inner.o(.text) refers to defsig_general.o(.text) for __default_signal_display
    defsig_rtmem_inner.o(.text) refers to defsig_general.o(.text) for __default_signal_display
    defsig_rtmem_outer.o(.text) refers to defsig_rtmem_inner.o(.text) for __rt_SIGRTMEM_inner
    defsig_rtmem_outer.o(.text) refers to defsig_exit.o(.text) for __sig_exit
    defsig_rtmem_formal.o(.text) refers to rt_raise.o(.text) for __rt_raise
    defsig_stak_inner.o(.text) refers to defsig_general.o(.text) for __default_signal_display
    defsig_pvfn_inner.o(.text) refers to defsig_general.o(.text) for __default_signal_display
    defsig_cppl_inner.o(.text) refers to defsig_general.o(.text) for __default_signal_display
    defsig_segv_inner.o(.text) refers to defsig_general.o(.text) for __default_signal_display
    defsig_other.o(.text) refers to defsig_general.o(.text) for __default_signal_display


==============================================================================

Removing Unused input sections from the image.

    Removing main.o(.rev16_text), (4 bytes).
    Removing main.o(.revsh_text), (4 bytes).
    Removing delay.o(.rev16_text), (4 bytes).
    Removing delay.o(.revsh_text), (4 bytes).
    Removing drv_adc.o(.rev16_text), (4 bytes).
    Removing drv_adc.o(.revsh_text), (4 bytes).
    Removing drv_adc.o(.data), (2 bytes).
    Removing drv_adc.o(.data), (2 bytes).
    Removing drv_adc.o(.data), (2 bytes).
    Removing drv_adc.o(.data), (8 bytes).
    Removing led.o(.rev16_text), (4 bytes).
    Removing led.o(.revsh_text), (4 bytes).
    Removing nrf24l01.o(.rev16_text), (4 bytes).
    Removing nrf24l01.o(.revsh_text), (4 bytes).
    Removing nrf24l01.o(.bss), (32 bytes).
    Removing spi.o(.rev16_text), (4 bytes).
    Removing spi.o(.revsh_text), (4 bytes).
    Removing stm32f0xx_it.o(.rev16_text), (4 bytes).
    Removing stm32f0xx_it.o(.revsh_text), (4 bytes).
    Removing stm32f0xx_it.o(.data), (1 bytes).
    Removing system_stm32f0xx.o(.rev16_text), (4 bytes).
    Removing system_stm32f0xx.o(.revsh_text), (4 bytes).
    Removing stm32f0xx_adc.o(.rev16_text), (4 bytes).
    Removing stm32f0xx_adc.o(.revsh_text), (4 bytes).
    Removing stm32f0xx_exti.o(.rev16_text), (4 bytes).
    Removing stm32f0xx_exti.o(.revsh_text), (4 bytes).
    Removing stm32f0xx_rcc.o(.rev16_text), (4 bytes).
    Removing stm32f0xx_rcc.o(.revsh_text), (4 bytes).
    Removing stm32f0xx_spi.o(.rev16_text), (4 bytes).
    Removing stm32f0xx_spi.o(.revsh_text), (4 bytes).
    Removing stm32f0xx_gpio.o(.rev16_text), (4 bytes).
    Removing stm32f0xx_gpio.o(.revsh_text), (4 bytes).

32 unused section(s) (total 151 bytes) removed from the image.

==============================================================================

Image Symbol Table

    Local Symbols

    Symbol Name                              Value     Ov Type        Size  Object(Section)

    ../clib/angel/boardlib.s                 0x00000000   Number         0  boardinit1.o ABSOLUTE
    ../clib/angel/boardlib.s                 0x00000000   Number         0  boardinit2.o ABSOLUTE
    ../clib/angel/boardlib.s                 0x00000000   Number         0  boardinit3.o ABSOLUTE
    ../clib/angel/boardlib.s                 0x00000000   Number         0  boardshut.o ABSOLUTE
    ../clib/angel/handlers.s                 0x00000000   Number         0  __scatter_zi.o ABSOLUTE
    ../clib/angel/handlers.s                 0x00000000   Number         0  __scatter_copy.o ABSOLUTE
    ../clib/angel/kernel.s                   0x00000000   Number         0  __rtentry2.o ABSOLUTE
    ../clib/angel/kernel.s                   0x00000000   Number         0  __rtentry.o ABSOLUTE
    ../clib/angel/kernel.s                   0x00000000   Number         0  rtexit.o ABSOLUTE
    ../clib/angel/kernel.s                   0x00000000   Number         0  __rtentry4.o ABSOLUTE
    ../clib/angel/kernel.s                   0x00000000   Number         0  rtexit2.o ABSOLUTE
    ../clib/angel/rt.s                       0x00000000   Number         0  rt_raise.o ABSOLUTE
    ../clib/angel/rt.s                       0x00000000   Number         0  aeabi_idiv0.o ABSOLUTE
    ../clib/angel/rt.s                       0x00000000   Number         0  rt_div0.o ABSOLUTE
    ../clib/angel/rt.s                       0x00000000   Number         0  aeabi_idiv0_sigfpe.o ABSOLUTE
    ../clib/angel/scatterp.s                 0x00000000   Number         0  __scatter.o ABSOLUTE
    ../clib/angel/startup.s                  0x00000000   Number         0  __main.o ABSOLUTE
    ../clib/angel/sys.s                      0x00000000   Number         0  use_no_semi.o ABSOLUTE
    ../clib/angel/sys.s                      0x00000000   Number         0  indicate_semi.o ABSOLUTE
    ../clib/angel/sys.s                      0x00000000   Number         0  libspace.o ABSOLUTE
    ../clib/angel/sys.s                      0x00000000   Number         0  tempstk.o ABSOLUTE
    ../clib/angel/sys.s                      0x00000000   Number         0  sys_stackheap_outer.o ABSOLUTE
    ../clib/angel/sysapp.c                   0x00000000   Number         0  sys_exit.o ABSOLUTE
    ../clib/angel/sysapp.c                   0x00000000   Number         0  sys_wrch.o ABSOLUTE
    ../clib/angel/sysapp.c                   0x00000000   Number         0  sys_command.o ABSOLUTE
    ../clib/armsys.c                         0x00000000   Number         0  argv_veneer.o ABSOLUTE
    ../clib/armsys.c                         0x00000000   Number         0  no_argv.o ABSOLUTE
    ../clib/armsys.c                         0x00000000   Number         0  _get_argv_nomalloc.o ABSOLUTE
    ../clib/division.s                       0x00000000   Number         0  aeabi_sdiv_div0.o ABSOLUTE
    ../clib/division.s                       0x00000000   Number         0  aeabi_sdiv.o ABSOLUTE
    ../clib/heapalloc.c                      0x00000000   Number         0  hrguard.o ABSOLUTE
    ../clib/heapaux.c                        0x00000000   Number         0  heapauxi.o ABSOLUTE
    ../clib/libinit.s                        0x00000000   Number         0  libshutdown.o ABSOLUTE
    ../clib/libinit.s                        0x00000000   Number         0  libinit2.o ABSOLUTE
    ../clib/libinit.s                        0x00000000   Number         0  libinit.o ABSOLUTE
    ../clib/libinit.s                        0x00000000   Number         0  libshutdown2.o ABSOLUTE
    ../clib/signal.c                         0x00000000   Number         0  defsig_fpe_outer.o ABSOLUTE
    ../clib/signal.c                         0x00000000   Number         0  defsig_fpe_inner.o ABSOLUTE
    ../clib/signal.c                         0x00000000   Number         0  defsig_exit.o ABSOLUTE
    ../clib/signal.c                         0x00000000   Number         0  __raise.o ABSOLUTE
    ../clib/signal.c                         0x00000000   Number         0  defsig_pvfn_inner.o ABSOLUTE
    ../clib/signal.c                         0x00000000   Number         0  defsig_stak_inner.o ABSOLUTE
    ../clib/signal.c                         0x00000000   Number         0  defsig_rtmem_formal.o ABSOLUTE
    ../clib/signal.c                         0x00000000   Number         0  defsig_abrt_inner.o ABSOLUTE
    ../clib/signal.c                         0x00000000   Number         0  defsig_segv_inner.o ABSOLUTE
    ../clib/signal.c                         0x00000000   Number         0  defsig_other.o ABSOLUTE
    ../clib/signal.c                         0x00000000   Number         0  defsig_rtred_inner.o ABSOLUTE
    ../clib/signal.c                         0x00000000   Number         0  defsig_cppl_inner.o ABSOLUTE
    ../clib/signal.c                         0x00000000   Number         0  defsig_rtmem_outer.o ABSOLUTE
    ../clib/signal.c                         0x00000000   Number         0  defsig_rtmem_inner.o ABSOLUTE
    ../clib/signal.c                         0x00000000   Number         0  defsig_general.o ABSOLUTE
    ../clib/signal.c                         0x00000000   Number         0  defsig_fpe_formal.o ABSOLUTE
    ../clib/signal.s                         0x00000000   Number         0  defsig.o ABSOLUTE
    ../clib/stdlib.c                         0x00000000   Number         0  exit.o ABSOLUTE
    ../fplib/cfplib/d2f.c                    0x00000000   Number         0  d2f.o ABSOLUTE
    ../fplib/cfplib/dmul.c                   0x00000000   Number         0  dmul.o ABSOLUTE
    ../fplib/cfplib/fflt.c                   0x00000000   Number         0  dflti.o ABSOLUTE
    ../fplib/cfplib/fpinit.c                 0x00000000   Number         0  fpinit.o ABSOLUTE
    ../fplib/cfplib/scalbn.c                 0x00000000   Number         0  dscalbn.o ABSOLUTE
    ../fplib/usenofp.s                       0x00000000   Number         0  usenofp.o ABSOLUTE
    ..\CORE\startup_stm32f0xx.s              0x00000000   Number         0  startup_stm32f0xx.o ABSOLUTE
    ..\Driver\Led.c                          0x00000000   Number         0  led.o ABSOLUTE
    ..\Driver\NRF24L01.C                     0x00000000   Number         0  nrf24l01.o ABSOLUTE
    ..\Driver\SPI.c                          0x00000000   Number         0  spi.o ABSOLUTE
    ..\Driver\delay.c                        0x00000000   Number         0  delay.o ABSOLUTE
    ..\Driver\drv_adc.c                      0x00000000   Number         0  drv_adc.o ABSOLUTE
    ..\Driver\main.c                         0x00000000   Number         0  main.o ABSOLUTE
    ..\Driver\stm32f0xx_it.c                 0x00000000   Number         0  stm32f0xx_it.o ABSOLUTE
    ..\Driver\system_stm32f0xx.c             0x00000000   Number         0  system_stm32f0xx.o ABSOLUTE
    ..\STM32F03x_FWLib\src\stm32f0xx_adc.c   0x00000000   Number         0  stm32f0xx_adc.o ABSOLUTE
    ..\STM32F03x_FWLib\src\stm32f0xx_exti.c  0x00000000   Number         0  stm32f0xx_exti.o ABSOLUTE
    ..\STM32F03x_FWLib\src\stm32f0xx_gpio.c  0x00000000   Number         0  stm32f0xx_gpio.o ABSOLUTE
    ..\STM32F03x_FWLib\src\stm32f0xx_rcc.c   0x00000000   Number         0  stm32f0xx_rcc.o ABSOLUTE
    ..\STM32F03x_FWLib\src\stm32f0xx_spi.c   0x00000000   Number         0  stm32f0xx_spi.o ABSOLUTE
    ..\\Driver\\Led.c                        0x00000000   Number         0  led.o ABSOLUTE
    ..\\Driver\\NRF24L01.C                   0x00000000   Number         0  nrf24l01.o ABSOLUTE
    ..\\Driver\\SPI.c                        0x00000000   Number         0  spi.o ABSOLUTE
    ..\\Driver\\delay.c                      0x00000000   Number         0  delay.o ABSOLUTE
    ..\\Driver\\drv_adc.c                    0x00000000   Number         0  drv_adc.o ABSOLUTE
    ..\\Driver\\main.c                       0x00000000   Number         0  main.o ABSOLUTE
    ..\\Driver\\stm32f0xx_it.c               0x00000000   Number         0  stm32f0xx_it.o ABSOLUTE
    ..\\Driver\\system_stm32f0xx.c           0x00000000   Number         0  system_stm32f0xx.o ABSOLUTE
    ..\\STM32F03x_FWLib\\src\\stm32f0xx_adc.c 0x00000000   Number         0  stm32f0xx_adc.o ABSOLUTE
    ..\\STM32F03x_FWLib\\src\\stm32f0xx_exti.c 0x00000000   Number         0  stm32f0xx_exti.o ABSOLUTE
    ..\\STM32F03x_FWLib\\src\\stm32f0xx_gpio.c 0x00000000   Number         0  stm32f0xx_gpio.o ABSOLUTE
    ..\\STM32F03x_FWLib\\src\\stm32f0xx_rcc.c 0x00000000   Number         0  stm32f0xx_rcc.o ABSOLUTE
    ..\\STM32F03x_FWLib\\src\\stm32f0xx_spi.c 0x00000000   Number         0  stm32f0xx_spi.o ABSOLUTE
    dc.s                                     0x00000000   Number         0  dc.o ABSOLUTE
    RESET                                    0x08000000   Section      192  startup_stm32f0xx.o(RESET)
    !!!main                                  0x080000c0   Section        8  __main.o(!!!main)
    !!!scatter                               0x080000c8   Section       60  __scatter.o(!!!scatter)
    !!handler_copy                           0x08000104   Section       26  __scatter_copy.o(!!handler_copy)
    !!handler_zi                             0x08000120   Section       28  __scatter_zi.o(!!handler_zi)
    .ARM.Collect$$libinit$$00000000          0x0800013c   Section        2  libinit.o(.ARM.Collect$$libinit$$00000000)
    .ARM.Collect$$libinit$$00000002          0x0800013e   Section        0  libinit2.o(.ARM.Collect$$libinit$$00000002)
    .ARM.Collect$$libinit$$00000004          0x0800013e   Section        0  libinit2.o(.ARM.Collect$$libinit$$00000004)
    .ARM.Collect$$libinit$$0000000A          0x0800013e   Section        0  libinit2.o(.ARM.Collect$$libinit$$0000000A)
    .ARM.Collect$$libinit$$0000000C          0x0800013e   Section        0  libinit2.o(.ARM.Collect$$libinit$$0000000C)
    .ARM.Collect$$libinit$$0000000E          0x0800013e   Section        0  libinit2.o(.ARM.Collect$$libinit$$0000000E)
    .ARM.Collect$$libinit$$00000011          0x0800013e   Section        0  libinit2.o(.ARM.Collect$$libinit$$00000011)
    .ARM.Collect$$libinit$$00000013          0x0800013e   Section        0  libinit2.o(.ARM.Collect$$libinit$$00000013)
    .ARM.Collect$$libinit$$00000015          0x0800013e   Section        0  libinit2.o(.ARM.Collect$$libinit$$00000015)
    .ARM.Collect$$libinit$$00000017          0x0800013e   Section        0  libinit2.o(.ARM.Collect$$libinit$$00000017)
    .ARM.Collect$$libinit$$00000019          0x0800013e   Section        0  libinit2.o(.ARM.Collect$$libinit$$00000019)
    .ARM.Collect$$libinit$$0000001B          0x0800013e   Section        0  libinit2.o(.ARM.Collect$$libinit$$0000001B)
    .ARM.Collect$$libinit$$0000001D          0x0800013e   Section        0  libinit2.o(.ARM.Collect$$libinit$$0000001D)
    .ARM.Collect$$libinit$$0000001F          0x0800013e   Section        0  libinit2.o(.ARM.Collect$$libinit$$0000001F)
    .ARM.Collect$$libinit$$00000021          0x0800013e   Section        0  libinit2.o(.ARM.Collect$$libinit$$00000021)
    .ARM.Collect$$libinit$$00000023          0x0800013e   Section        0  libinit2.o(.ARM.Collect$$libinit$$00000023)
    .ARM.Collect$$libinit$$00000025          0x0800013e   Section        0  libinit2.o(.ARM.Collect$$libinit$$00000025)
    .ARM.Collect$$libinit$$0000002C          0x0800013e   Section        0  libinit2.o(.ARM.Collect$$libinit$$0000002C)
    .ARM.Collect$$libinit$$0000002E          0x0800013e   Section        0  libinit2.o(.ARM.Collect$$libinit$$0000002E)
    .ARM.Collect$$libinit$$00000030          0x0800013e   Section        0  libinit2.o(.ARM.Collect$$libinit$$00000030)
    .ARM.Collect$$libinit$$00000032          0x0800013e   Section        0  libinit2.o(.ARM.Collect$$libinit$$00000032)
    .ARM.Collect$$libinit$$00000033          0x0800013e   Section        2  libinit2.o(.ARM.Collect$$libinit$$00000033)
    .ARM.Collect$$libshutdown$$00000000      0x08000140   Section        2  libshutdown.o(.ARM.Collect$$libshutdown$$00000000)
    .ARM.Collect$$libshutdown$$00000002      0x08000142   Section        0  libshutdown2.o(.ARM.Collect$$libshutdown$$00000002)
    .ARM.Collect$$libshutdown$$00000004      0x08000142   Section        0  libshutdown2.o(.ARM.Collect$$libshutdown$$00000004)
    .ARM.Collect$$libshutdown$$00000007      0x08000142   Section        0  libshutdown2.o(.ARM.Collect$$libshutdown$$00000007)
    .ARM.Collect$$libshutdown$$0000000A      0x08000142   Section        0  libshutdown2.o(.ARM.Collect$$libshutdown$$0000000A)
    .ARM.Collect$$libshutdown$$0000000C      0x08000142   Section        0  libshutdown2.o(.ARM.Collect$$libshutdown$$0000000C)
    .ARM.Collect$$libshutdown$$0000000F      0x08000142   Section        0  libshutdown2.o(.ARM.Collect$$libshutdown$$0000000F)
    .ARM.Collect$$libshutdown$$00000010      0x08000142   Section        2  libshutdown2.o(.ARM.Collect$$libshutdown$$00000010)
    .ARM.Collect$$rtentry$$00000000          0x08000144   Section        0  __rtentry.o(.ARM.Collect$$rtentry$$00000000)
    .ARM.Collect$$rtentry$$00000002          0x08000144   Section        0  __rtentry2.o(.ARM.Collect$$rtentry$$00000002)
    .ARM.Collect$$rtentry$$00000004          0x08000144   Section        6  __rtentry4.o(.ARM.Collect$$rtentry$$00000004)
    .ARM.Collect$$rtentry$$00000009          0x0800014a   Section        0  __rtentry2.o(.ARM.Collect$$rtentry$$00000009)
    .ARM.Collect$$rtentry$$0000000A          0x0800014a   Section        4  __rtentry2.o(.ARM.Collect$$rtentry$$0000000A)
    .ARM.Collect$$rtentry$$0000000C          0x0800014e   Section        0  __rtentry2.o(.ARM.Collect$$rtentry$$0000000C)
    .ARM.Collect$$rtentry$$0000000D          0x0800014e   Section        8  __rtentry2.o(.ARM.Collect$$rtentry$$0000000D)
    .ARM.Collect$$rtexit$$00000000           0x08000156   Section        2  rtexit.o(.ARM.Collect$$rtexit$$00000000)
    .ARM.Collect$$rtexit$$00000002           0x08000158   Section        0  rtexit2.o(.ARM.Collect$$rtexit$$00000002)
    .ARM.Collect$$rtexit$$00000003           0x08000158   Section        4  rtexit2.o(.ARM.Collect$$rtexit$$00000003)
    .ARM.Collect$$rtexit$$00000004           0x0800015c   Section        6  rtexit2.o(.ARM.Collect$$rtexit$$00000004)
    .text                                    0x08000164   Section        0  main.o(.text)
    .text                                    0x08000388   Section        0  delay.o(.text)
    .text                                    0x080003ac   Section        0  drv_adc.o(.text)
    .text                                    0x080007d0   Section        0  led.o(.text)
    .text                                    0x080008b8   Section        0  nrf24l01.o(.text)
    .text                                    0x08000b28   Section        0  spi.o(.text)
    .text                                    0x08000c40   Section        0  stm32f0xx_it.o(.text)
    .text                                    0x08000c4c   Section        0  system_stm32f0xx.o(.text)
    SetSysClock                              0x08000cfb   Thumb Code   142  system_stm32f0xx.o(.text)
    .text                                    0x08000da4   Section      116  startup_stm32f0xx.o(.text)
    .text                                    0x08000e18   Section        0  stm32f0xx_adc.o(.text)
    .text                                    0x08001040   Section        0  stm32f0xx_exti.o(.text)
    .text                                    0x0800110c   Section        0  stm32f0xx_rcc.o(.text)
    .text                                    0x080015f8   Section        0  stm32f0xx_spi.o(.text)
    .text                                    0x080018ec   Section        0  stm32f0xx_gpio.o(.text)
    .text                                    0x08001a58   Section      346  aeabi_sdiv.o(.text)
    .text                                    0x08001bb2   Section        0  heapauxi.o(.text)
    .text                                    0x08001bb8   Section        0  d2f.o(.text)
    .text                                    0x08001c34   Section        0  dflti.o(.text)
    .text                                    0x08001c8c   Section        0  dmul.o(.text)
    .text                                    0x08001ed4   Section        0  dscalbn.o(.text)
    .text                                    0x08001f34   Section       62  sys_stackheap_outer.o(.text)
    .text                                    0x08001f72   Section        0  exit.o(.text)
    .text                                    0x08001f84   Section        8  libspace.o(.text)
    .text                                    0x08001f8c   Section        0  sys_exit.o(.text)
    .text                                    0x08001f98   Section        2  use_no_semi.o(.text)
    .text                                    0x08001f9a   Section        0  indicate_semi.o(.text)
    x$fpl$usenofp                            0x08001f9a   Section        0  usenofp.o(x$fpl$usenofp)
    .data                                    0x20000000   Section        8  main.o(.data)
    NRF_Counter                              0x20000000   Data           4  main.o(.data)
    NRF_Check_Sum                            0x20000004   Data           4  main.o(.data)
    .data                                    0x20000008   Section        4  delay.o(.data)
    i                                        0x20000008   Data           4  delay.o(.data)
    .data                                    0x2000000c   Section        2  drv_adc.o(.data)
    .data                                    0x2000000e   Section       10  nrf24l01.o(.data)
    TX_ADDRESS                               0x2000000e   Data           5  nrf24l01.o(.data)
    RX_ADDRESS                               0x20000013   Data           5  nrf24l01.o(.data)
    .data                                    0x20000018   Section       20  system_stm32f0xx.o(.data)
    .data                                    0x2000002c   Section       16  stm32f0xx_rcc.o(.data)
    APBAHBPrescTable                         0x2000002c   Data          16  stm32f0xx_rcc.o(.data)
    .bss                                     0x2000003c   Section       32  nrf24l01.o(.bss)
    .bss                                     0x2000005c   Section       96  libspace.o(.bss)
    HEAP                                     0x200000c0   Section      512  startup_stm32f0xx.o(HEAP)
    Heap_Mem                                 0x200000c0   Data         512  startup_stm32f0xx.o(HEAP)
    STACK                                    0x200002c0   Section     1024  startup_stm32f0xx.o(STACK)
    Stack_Mem                                0x200002c0   Data        1024  startup_stm32f0xx.o(STACK)
    __initial_sp                             0x200006c0   Data           0  startup_stm32f0xx.o(STACK)

    Global Symbols

    Symbol Name                              Value     Ov Type        Size  Object(Section)

    BuildAttributes$$THM_ISAv3M$S$PE$A:L22$X:L11$S22$IEEE1$IW$USESV6$~STKCKD$USESV7$~SHL$OSPACE$ROPI$EBA8$UX$STANDARDLIB$REQ8$PRES8$EABIv2 0x00000000   Number         0  anon$$obj.o ABSOLUTE
    __ARM_use_no_argv                        0x00000000   Number         0  main.o ABSOLUTE
    __ARM_exceptions_init                     - Undefined Weak Reference
    __alloca_initialize                       - Undefined Weak Reference
    __arm_preinit_                            - Undefined Weak Reference
    __cpp_initialize__aeabi_                  - Undefined Weak Reference
    __cxa_finalize                            - Undefined Weak Reference
    __rt_locale                               - Undefined Weak Reference
    __sigvec_lookup                           - Undefined Weak Reference
    _atexit_init                              - Undefined Weak Reference
    _call_atexit_fns                          - Undefined Weak Reference
    _clock_init                               - Undefined Weak Reference
    _fp_trap_init                             - Undefined Weak Reference
    _fp_trap_shutdown                         - Undefined Weak Reference
    _get_lc_collate                           - Undefined Weak Reference
    _get_lc_ctype                             - Undefined Weak Reference
    _get_lc_monetary                          - Undefined Weak Reference
    _get_lc_numeric                           - Undefined Weak Reference
    _get_lc_time                              - Undefined Weak Reference
    _getenv_init                              - Undefined Weak Reference
    _handle_redirection                       - Undefined Weak Reference
    _init_alloc                               - Undefined Weak Reference
    _init_user_alloc                          - Undefined Weak Reference
    _initio                                   - Undefined Weak Reference
    _rand_init                                - Undefined Weak Reference
    _signal_finish                            - Undefined Weak Reference
    _signal_init                              - Undefined Weak Reference
    _terminate_alloc                          - Undefined Weak Reference
    _terminate_user_alloc                     - Undefined Weak Reference
    _terminateio                              - Undefined Weak Reference
    __Vectors_Size                           0x000000c0   Number         0  startup_stm32f0xx.o ABSOLUTE
    __Vectors                                0x08000000   Data           4  startup_stm32f0xx.o(RESET)
    __Vectors_End                            0x080000c0   Data           0  startup_stm32f0xx.o(RESET)
    __main                                   0x080000c1   Thumb Code     8  __main.o(!!!main)
    __scatterload                            0x080000c9   Thumb Code     0  __scatter.o(!!!scatter)
    __scatterload_rt2                        0x080000c9   Thumb Code    52  __scatter.o(!!!scatter)
    __scatterload_rt2_thumb_only             0x080000c9   Thumb Code     0  __scatter.o(!!!scatter)
    __scatterload_null                       0x080000d9   Thumb Code     0  __scatter.o(!!!scatter)
    __scatterload_copy                       0x08000105   Thumb Code    26  __scatter_copy.o(!!handler_copy)
    __scatterload_zeroinit                   0x08000121   Thumb Code    28  __scatter_zi.o(!!handler_zi)
    __rt_lib_init                            0x0800013d   Thumb Code     0  libinit.o(.ARM.Collect$$libinit$$00000000)
    __rt_lib_init_alloca_1                   0x0800013f   Thumb Code     0  libinit2.o(.ARM.Collect$$libinit$$0000002E)
    __rt_lib_init_argv_1                     0x0800013f   Thumb Code     0  libinit2.o(.ARM.Collect$$libinit$$0000002C)
    __rt_lib_init_atexit_1                   0x0800013f   Thumb Code     0  libinit2.o(.ARM.Collect$$libinit$$0000001B)
    __rt_lib_init_clock_1                    0x0800013f   Thumb Code     0  libinit2.o(.ARM.Collect$$libinit$$00000021)
    __rt_lib_init_cpp_1                      0x0800013f   Thumb Code     0  libinit2.o(.ARM.Collect$$libinit$$00000032)
    __rt_lib_init_exceptions_1               0x0800013f   Thumb Code     0  libinit2.o(.ARM.Collect$$libinit$$00000030)
    __rt_lib_init_fp_1                       0x0800013f   Thumb Code     0  libinit2.o(.ARM.Collect$$libinit$$00000002)
    __rt_lib_init_fp_trap_1                  0x0800013f   Thumb Code     0  libinit2.o(.ARM.Collect$$libinit$$0000001F)
    __rt_lib_init_getenv_1                   0x0800013f   Thumb Code     0  libinit2.o(.ARM.Collect$$libinit$$00000023)
    __rt_lib_init_heap_1                     0x0800013f   Thumb Code     0  libinit2.o(.ARM.Collect$$libinit$$0000000A)
    __rt_lib_init_lc_collate_1               0x0800013f   Thumb Code     0  libinit2.o(.ARM.Collect$$libinit$$00000011)
    __rt_lib_init_lc_ctype_1                 0x0800013f   Thumb Code     0  libinit2.o(.ARM.Collect$$libinit$$00000013)
    __rt_lib_init_lc_monetary_1              0x0800013f   Thumb Code     0  libinit2.o(.ARM.Collect$$libinit$$00000015)
    __rt_lib_init_lc_numeric_1               0x0800013f   Thumb Code     0  libinit2.o(.ARM.Collect$$libinit$$00000017)
    __rt_lib_init_lc_time_1                  0x0800013f   Thumb Code     0  libinit2.o(.ARM.Collect$$libinit$$00000019)
    __rt_lib_init_preinit_1                  0x0800013f   Thumb Code     0  libinit2.o(.ARM.Collect$$libinit$$00000004)
    __rt_lib_init_rand_1                     0x0800013f   Thumb Code     0  libinit2.o(.ARM.Collect$$libinit$$0000000E)
    __rt_lib_init_return                     0x0800013f   Thumb Code     0  libinit2.o(.ARM.Collect$$libinit$$00000033)
    __rt_lib_init_signal_1                   0x0800013f   Thumb Code     0  libinit2.o(.ARM.Collect$$libinit$$0000001D)
    __rt_lib_init_stdio_1                    0x0800013f   Thumb Code     0  libinit2.o(.ARM.Collect$$libinit$$00000025)
    __rt_lib_init_user_alloc_1               0x0800013f   Thumb Code     0  libinit2.o(.ARM.Collect$$libinit$$0000000C)
    __rt_lib_shutdown                        0x08000141   Thumb Code     0  libshutdown.o(.ARM.Collect$$libshutdown$$00000000)
    __rt_lib_shutdown_cpp_1                  0x08000143   Thumb Code     0  libshutdown2.o(.ARM.Collect$$libshutdown$$00000002)
    __rt_lib_shutdown_fp_trap_1              0x08000143   Thumb Code     0  libshutdown2.o(.ARM.Collect$$libshutdown$$00000007)
    __rt_lib_shutdown_heap_1                 0x08000143   Thumb Code     0  libshutdown2.o(.ARM.Collect$$libshutdown$$0000000F)
    __rt_lib_shutdown_return                 0x08000143   Thumb Code     0  libshutdown2.o(.ARM.Collect$$libshutdown$$00000010)
    __rt_lib_shutdown_signal_1               0x08000143   Thumb Code     0  libshutdown2.o(.ARM.Collect$$libshutdown$$0000000A)
    __rt_lib_shutdown_stdio_1                0x08000143   Thumb Code     0  libshutdown2.o(.ARM.Collect$$libshutdown$$00000004)
    __rt_lib_shutdown_user_alloc_1           0x08000143   Thumb Code     0  libshutdown2.o(.ARM.Collect$$libshutdown$$0000000C)
    __rt_entry                               0x08000145   Thumb Code     0  __rtentry.o(.ARM.Collect$$rtentry$$00000000)
    __rt_entry_presh_1                       0x08000145   Thumb Code     0  __rtentry2.o(.ARM.Collect$$rtentry$$00000002)
    __rt_entry_sh                            0x08000145   Thumb Code     0  __rtentry4.o(.ARM.Collect$$rtentry$$00000004)
    __rt_entry_li                            0x0800014b   Thumb Code     0  __rtentry2.o(.ARM.Collect$$rtentry$$0000000A)
    __rt_entry_postsh_1                      0x0800014b   Thumb Code     0  __rtentry2.o(.ARM.Collect$$rtentry$$00000009)
    __rt_entry_main                          0x0800014f   Thumb Code     0  __rtentry2.o(.ARM.Collect$$rtentry$$0000000D)
    __rt_entry_postli_1                      0x0800014f   Thumb Code     0  __rtentry2.o(.ARM.Collect$$rtentry$$0000000C)
    __rt_exit                                0x08000157   Thumb Code     0  rtexit.o(.ARM.Collect$$rtexit$$00000000)
    __rt_exit_ls                             0x08000159   Thumb Code     0  rtexit2.o(.ARM.Collect$$rtexit$$00000003)
    __rt_exit_prels_1                        0x08000159   Thumb Code     0  rtexit2.o(.ARM.Collect$$rtexit$$00000002)
    __rt_exit_exit                           0x0800015d   Thumb Code     0  rtexit2.o(.ARM.Collect$$rtexit$$00000004)
    Inspaire                                 0x08000165   Thumb Code   372  main.o(.text)
    NVIC_Configuration                       0x080002d9   Thumb Code     2  main.o(.text)
    My_System_Init                           0x080002db   Thumb Code   130  main.o(.text)
    main                                     0x0800035d   Thumb Code     8  main.o(.text)
    System_STate_Check                       0x08000365   Thumb Code     2  main.o(.text)
    delay_Ms_Loop                            0x08000389   Thumb Code    32  delay.o(.text)
    adcInit0                                 0x080003ad   Thumb Code   150  drv_adc.o(.text)
    adcInit1                                 0x08000443   Thumb Code   152  drv_adc.o(.text)
    adcInit4                                 0x080004db   Thumb Code   150  drv_adc.o(.text)
    adcInit6                                 0x08000571   Thumb Code   150  drv_adc.o(.text)
    adcInit2                                 0x08000607   Thumb Code   150  drv_adc.o(.text)
    adcInit3                                 0x0800069d   Thumb Code   150  drv_adc.o(.text)
    adcInit5                                 0x08000733   Thumb Code   158  drv_adc.o(.text)
    LED_INIT                                 0x080007d1   Thumb Code    58  led.o(.text)
    Key_INIT                                 0x0800080b   Thumb Code    78  led.o(.text)
    LEDALL_FLASH                             0x08000859   Thumb Code    86  led.o(.text)
    NRF_Write_Reg                            0x080008b9   Thumb Code    48  nrf24l01.o(.text)
    NRF_Read_Reg                             0x080008e9   Thumb Code    46  nrf24l01.o(.text)
    NRF_Read_Buf                             0x08000917   Thumb Code    64  nrf24l01.o(.text)
    NRF_Write_Buf                            0x08000957   Thumb Code    62  nrf24l01.o(.text)
    NRF_CHECK                                0x08000995   Thumb Code    64  nrf24l01.o(.text)
    NRF_TxPacket                             0x080009d5   Thumb Code    42  nrf24l01.o(.text)
    NRF24L01_INIT                            0x080009ff   Thumb Code   114  nrf24l01.o(.text)
    SetRX_Mode                               0x08000a71   Thumb Code    36  nrf24l01.o(.text)
    SetTX_Mode                               0x08000a95   Thumb Code    36  nrf24l01.o(.text)
    NRF_IRQ                                  0x08000ab9   Thumb Code    36  nrf24l01.o(.text)
    NRF_GPIO_Interrupt_Init                  0x08000add   Thumb Code    34  nrf24l01.o(.text)
    EXTI15_10_IRQHandler                     0x08000aff   Thumb Code    24  nrf24l01.o(.text)
    SPI1_INIT                                0x08000b29   Thumb Code   226  spi.o(.text)
    SPI_RW                                   0x08000c0b   Thumb Code    46  spi.o(.text)
    NMI_Handler                              0x08000c41   Thumb Code     2  stm32f0xx_it.o(.text)
    HardFault_Handler                        0x08000c43   Thumb Code     2  stm32f0xx_it.o(.text)
    SVC_Handler                              0x08000c45   Thumb Code     2  stm32f0xx_it.o(.text)
    PendSV_Handler                           0x08000c47   Thumb Code     2  stm32f0xx_it.o(.text)
    SysTick_Handler                          0x08000c49   Thumb Code     2  stm32f0xx_it.o(.text)
    SystemInit                               0x08000c4d   Thumb Code    84  system_stm32f0xx.o(.text)
    SystemCoreClockUpdate                    0x08000ca1   Thumb Code    90  system_stm32f0xx.o(.text)
    Reset_Handler                            0x08000da5   Thumb Code    38  startup_stm32f0xx.o(.text)
    ADC1_COMP_IRQHandler                     0x08000dd5   Thumb Code     0  startup_stm32f0xx.o(.text)
    CEC_IRQHandler                           0x08000dd5   Thumb Code     0  startup_stm32f0xx.o(.text)
    DMA1_Channel1_IRQHandler                 0x08000dd5   Thumb Code     0  startup_stm32f0xx.o(.text)
    DMA1_Channel2_3_IRQHandler               0x08000dd5   Thumb Code     0  startup_stm32f0xx.o(.text)
    DMA1_Channel4_5_IRQHandler               0x08000dd5   Thumb Code     0  startup_stm32f0xx.o(.text)
    EXTI0_1_IRQHandler                       0x08000dd5   Thumb Code     0  startup_stm32f0xx.o(.text)
    EXTI2_3_IRQHandler                       0x08000dd5   Thumb Code     0  startup_stm32f0xx.o(.text)
    EXTI4_15_IRQHandler                      0x08000dd5   Thumb Code     0  startup_stm32f0xx.o(.text)
    FLASH_IRQHandler                         0x08000dd5   Thumb Code     0  startup_stm32f0xx.o(.text)
    I2C1_IRQHandler                          0x08000dd5   Thumb Code     0  startup_stm32f0xx.o(.text)
    I2C2_IRQHandler                          0x08000dd5   Thumb Code     0  startup_stm32f0xx.o(.text)
    PVD_IRQHandler                           0x08000dd5   Thumb Code     0  startup_stm32f0xx.o(.text)
    RCC_IRQHandler                           0x08000dd5   Thumb Code     0  startup_stm32f0xx.o(.text)
    RTC_IRQHandler                           0x08000dd5   Thumb Code     0  startup_stm32f0xx.o(.text)
    SPI1_IRQHandler                          0x08000dd5   Thumb Code     0  startup_stm32f0xx.o(.text)
    SPI2_IRQHandler                          0x08000dd5   Thumb Code     0  startup_stm32f0xx.o(.text)
    TIM14_IRQHandler                         0x08000dd5   Thumb Code     0  startup_stm32f0xx.o(.text)
    TIM15_IRQHandler                         0x08000dd5   Thumb Code     0  startup_stm32f0xx.o(.text)
    TIM16_IRQHandler                         0x08000dd5   Thumb Code     0  startup_stm32f0xx.o(.text)
    TIM17_IRQHandler                         0x08000dd5   Thumb Code     0  startup_stm32f0xx.o(.text)
    TIM1_BRK_UP_TRG_COM_IRQHandler           0x08000dd5   Thumb Code     0  startup_stm32f0xx.o(.text)
    TIM1_CC_IRQHandler                       0x08000dd5   Thumb Code     0  startup_stm32f0xx.o(.text)
    TIM2_IRQHandler                          0x08000dd5   Thumb Code     0  startup_stm32f0xx.o(.text)
    TIM3_IRQHandler                          0x08000dd5   Thumb Code     0  startup_stm32f0xx.o(.text)
    TIM6_DAC_IRQHandler                      0x08000dd5   Thumb Code     0  startup_stm32f0xx.o(.text)
    TS_IRQHandler                            0x08000dd5   Thumb Code     0  startup_stm32f0xx.o(.text)
    USART1_IRQHandler                        0x08000dd5   Thumb Code     0  startup_stm32f0xx.o(.text)
    USART2_IRQHandler                        0x08000dd5   Thumb Code     0  startup_stm32f0xx.o(.text)
    WWDG_IRQHandler                          0x08000dd5   Thumb Code     0  startup_stm32f0xx.o(.text)
    __user_initial_stackheap                 0x08000dd9   Thumb Code     0  startup_stm32f0xx.o(.text)
    ADC_DeInit                               0x08000e19   Thumb Code    28  stm32f0xx_adc.o(.text)
    ADC_Init                                 0x08000e35   Thumb Code    38  stm32f0xx_adc.o(.text)
    ADC_StructInit                           0x08000e5b   Thumb Code    16  stm32f0xx_adc.o(.text)
    ADC_Cmd                                  0x08000e6b   Thumb Code    18  stm32f0xx_adc.o(.text)
    ADC_ClockModeConfig                      0x08000e7d   Thumb Code     4  stm32f0xx_adc.o(.text)
    ADC_JitterCmd                            0x08000e81   Thumb Code    16  stm32f0xx_adc.o(.text)
    ADC_AutoPowerOffCmd                      0x08000e91   Thumb Code    20  stm32f0xx_adc.o(.text)
    ADC_WaitModeCmd                          0x08000ea5   Thumb Code    20  stm32f0xx_adc.o(.text)
    ADC_AnalogWatchdogCmd                    0x08000eb9   Thumb Code    20  stm32f0xx_adc.o(.text)
    ADC_AnalogWatchdogThresholdsConfig       0x08000ecd   Thumb Code     8  stm32f0xx_adc.o(.text)
    ADC_AnalogWatchdogSingleChannelConfig    0x08000ed5   Thumb Code    14  stm32f0xx_adc.o(.text)
    ADC_AnalogWatchdogSingleChannelCmd       0x08000ee3   Thumb Code    20  stm32f0xx_adc.o(.text)
    ADC_TempSensorCmd                        0x08000ef7   Thumb Code    22  stm32f0xx_adc.o(.text)
    ADC_VrefintCmd                           0x08000f0d   Thumb Code    22  stm32f0xx_adc.o(.text)
    ADC_VbatCmd                              0x08000f23   Thumb Code    22  stm32f0xx_adc.o(.text)
    ADC_ChannelConfig                        0x08000f39   Thumb Code    10  stm32f0xx_adc.o(.text)
    ADC_ContinuousModeCmd                    0x08000f43   Thumb Code    20  stm32f0xx_adc.o(.text)
    ADC_DiscModeCmd                          0x08000f57   Thumb Code    20  stm32f0xx_adc.o(.text)
    ADC_OverrunModeCmd                       0x08000f6b   Thumb Code    20  stm32f0xx_adc.o(.text)
    ADC_GetCalibrationFactor                 0x08000f7f   Thumb Code    46  stm32f0xx_adc.o(.text)
    ADC_StopOfConversion                     0x08000fad   Thumb Code    10  stm32f0xx_adc.o(.text)
    ADC_StartOfConversion                    0x08000fb7   Thumb Code    10  stm32f0xx_adc.o(.text)
    ADC_GetConversionValue                   0x08000fc1   Thumb Code     6  stm32f0xx_adc.o(.text)
    ADC_DMACmd                               0x08000fc7   Thumb Code    20  stm32f0xx_adc.o(.text)
    ADC_DMARequestModeConfig                 0x08000fdb   Thumb Code    16  stm32f0xx_adc.o(.text)
    ADC_ITConfig                             0x08000feb   Thumb Code    16  stm32f0xx_adc.o(.text)
    ADC_GetFlagStatus                        0x08000ffb   Thumb Code    28  stm32f0xx_adc.o(.text)
    ADC_ClearFlag                            0x08001017   Thumb Code     4  stm32f0xx_adc.o(.text)
    ADC_GetITStatus                          0x0800101b   Thumb Code    22  stm32f0xx_adc.o(.text)
    ADC_ClearITPendingBit                    0x08001031   Thumb Code     4  stm32f0xx_adc.o(.text)
    EXTI_DeInit                              0x08001041   Thumb Code    20  stm32f0xx_exti.o(.text)
    EXTI_Init                                0x08001055   Thumb Code   102  stm32f0xx_exti.o(.text)
    EXTI_StructInit                          0x080010bb   Thumb Code    14  stm32f0xx_exti.o(.text)
    EXTI_GenerateSWInterrupt                 0x080010c9   Thumb Code    10  stm32f0xx_exti.o(.text)
    EXTI_GetFlagStatus                       0x080010d3   Thumb Code    16  stm32f0xx_exti.o(.text)
    EXTI_ClearFlag                           0x080010e3   Thumb Code     6  stm32f0xx_exti.o(.text)
    EXTI_GetITStatus                         0x080010e9   Thumb Code    16  stm32f0xx_exti.o(.text)
    EXTI_ClearITPendingBit                   0x080010f9   Thumb Code     6  stm32f0xx_exti.o(.text)
    RCC_DeInit                               0x0800110d   Thumb Code    76  stm32f0xx_rcc.o(.text)
    RCC_HSEConfig                            0x08001159   Thumb Code    10  stm32f0xx_rcc.o(.text)
    RCC_GetFlagStatus                        0x08001163   Thumb Code    48  stm32f0xx_rcc.o(.text)
    RCC_WaitForHSEStartUp                    0x08001193   Thumb Code    44  stm32f0xx_rcc.o(.text)
    RCC_AdjustHSICalibrationValue            0x080011bf   Thumb Code    16  stm32f0xx_rcc.o(.text)
    RCC_HSICmd                               0x080011cf   Thumb Code    22  stm32f0xx_rcc.o(.text)
    RCC_AdjustHSI14CalibrationValue          0x080011e5   Thumb Code    16  stm32f0xx_rcc.o(.text)
    RCC_HSI14Cmd                             0x080011f5   Thumb Code    22  stm32f0xx_rcc.o(.text)
    RCC_HSI14ADCRequestCmd                   0x0800120b   Thumb Code    20  stm32f0xx_rcc.o(.text)
    RCC_LSEConfig                            0x0800121f   Thumb Code    26  stm32f0xx_rcc.o(.text)
    RCC_LSEDriveConfig                       0x08001239   Thumb Code    18  stm32f0xx_rcc.o(.text)
    RCC_LSICmd                               0x0800124b   Thumb Code    22  stm32f0xx_rcc.o(.text)
    RCC_PLLConfig                            0x08001261   Thumb Code    24  stm32f0xx_rcc.o(.text)
    RCC_PLLCmd                               0x08001279   Thumb Code    22  stm32f0xx_rcc.o(.text)
    RCC_HSI48Cmd                             0x0800128f   Thumb Code    22  stm32f0xx_rcc.o(.text)
    RCC_PREDIV1Config                        0x080012a5   Thumb Code    14  stm32f0xx_rcc.o(.text)
    RCC_ClockSecuritySystemCmd               0x080012b3   Thumb Code    22  stm32f0xx_rcc.o(.text)
    RCC_MCOConfig                            0x080012c9   Thumb Code    18  stm32f0xx_rcc.o(.text)
    RCC_SYSCLKConfig                         0x080012db   Thumb Code    14  stm32f0xx_rcc.o(.text)
    RCC_GetSYSCLKSource                      0x080012e9   Thumb Code    10  stm32f0xx_rcc.o(.text)
    RCC_HCLKConfig                           0x080012f3   Thumb Code    14  stm32f0xx_rcc.o(.text)
    RCC_PCLKConfig                           0x08001301   Thumb Code    16  stm32f0xx_rcc.o(.text)
    RCC_ADCCLKConfig                         0x08001311   Thumb Code    38  stm32f0xx_rcc.o(.text)
    RCC_CECCLKConfig                         0x08001337   Thumb Code    18  stm32f0xx_rcc.o(.text)
    RCC_I2CCLKConfig                         0x08001349   Thumb Code    18  stm32f0xx_rcc.o(.text)
    RCC_USARTCLKConfig                       0x0800135b   Thumb Code    44  stm32f0xx_rcc.o(.text)
    RCC_USBCLKConfig                         0x08001387   Thumb Code    18  stm32f0xx_rcc.o(.text)
    RCC_GetClocksFreq                        0x08001399   Thumb Code   388  stm32f0xx_rcc.o(.text)
    RCC_RTCCLKConfig                         0x0800151d   Thumb Code    10  stm32f0xx_rcc.o(.text)
    RCC_RTCCLKCmd                            0x08001527   Thumb Code    22  stm32f0xx_rcc.o(.text)
    RCC_BackupResetCmd                       0x0800153d   Thumb Code    22  stm32f0xx_rcc.o(.text)
    RCC_AHBPeriphClockCmd                    0x08001553   Thumb Code    18  stm32f0xx_rcc.o(.text)
    RCC_APB2PeriphClockCmd                   0x08001565   Thumb Code    18  stm32f0xx_rcc.o(.text)
    RCC_APB1PeriphClockCmd                   0x08001577   Thumb Code    18  stm32f0xx_rcc.o(.text)
    RCC_AHBPeriphResetCmd                    0x08001589   Thumb Code    18  stm32f0xx_rcc.o(.text)
    RCC_APB2PeriphResetCmd                   0x0800159b   Thumb Code    18  stm32f0xx_rcc.o(.text)
    RCC_APB1PeriphResetCmd                   0x080015ad   Thumb Code    18  stm32f0xx_rcc.o(.text)
    RCC_ITConfig                             0x080015bf   Thumb Code    18  stm32f0xx_rcc.o(.text)
    RCC_ClearFlag                            0x080015d1   Thumb Code    14  stm32f0xx_rcc.o(.text)
    RCC_GetITStatus                          0x080015df   Thumb Code    16  stm32f0xx_rcc.o(.text)
    RCC_ClearITPendingBit                    0x080015ef   Thumb Code     6  stm32f0xx_rcc.o(.text)
    SPI_I2S_DeInit                           0x080015f9   Thumb Code    54  stm32f0xx_spi.o(.text)
    SPI_StructInit                           0x0800162f   Thumb Code    28  stm32f0xx_spi.o(.text)
    SPI_Init                                 0x0800164b   Thumb Code    74  stm32f0xx_spi.o(.text)
    I2S_StructInit                           0x08001695   Thumb Code    18  stm32f0xx_spi.o(.text)
    I2S_Init                                 0x080016a7   Thumb Code   154  stm32f0xx_spi.o(.text)
    SPI_Cmd                                  0x08001741   Thumb Code    18  stm32f0xx_spi.o(.text)
    SPI_TIModeCmd                            0x08001753   Thumb Code    18  stm32f0xx_spi.o(.text)
    I2S_Cmd                                  0x08001765   Thumb Code    22  stm32f0xx_spi.o(.text)
    SPI_DataSizeConfig                       0x0800177b   Thumb Code    12  stm32f0xx_spi.o(.text)
    SPI_RxFIFOThresholdConfig                0x08001787   Thumb Code    16  stm32f0xx_spi.o(.text)
    SPI_BiDirectionalLineConfig              0x08001797   Thumb Code    22  stm32f0xx_spi.o(.text)
    SPI_NSSInternalSoftwareConfig            0x080017ad   Thumb Code    22  stm32f0xx_spi.o(.text)
    SPI_SSOutputCmd                          0x080017c3   Thumb Code    18  stm32f0xx_spi.o(.text)
    SPI_NSSPulseModeCmd                      0x080017d5   Thumb Code    18  stm32f0xx_spi.o(.text)
    SPI_SendData8                            0x080017e7   Thumb Code     4  stm32f0xx_spi.o(.text)
    SPI_I2S_SendData16                       0x080017eb   Thumb Code     4  stm32f0xx_spi.o(.text)
    SPI_ReceiveData8                         0x080017ef   Thumb Code     4  stm32f0xx_spi.o(.text)
    SPI_I2S_ReceiveData16                    0x080017f3   Thumb Code     4  stm32f0xx_spi.o(.text)
    SPI_CRCLengthConfig                      0x080017f7   Thumb Code    16  stm32f0xx_spi.o(.text)
    SPI_CalculateCRC                         0x08001807   Thumb Code    22  stm32f0xx_spi.o(.text)
    SPI_TransmitCRC                          0x0800181d   Thumb Code    12  stm32f0xx_spi.o(.text)
    SPI_GetCRC                               0x08001829   Thumb Code    12  stm32f0xx_spi.o(.text)
    SPI_GetCRCPolynomial                     0x08001835   Thumb Code     4  stm32f0xx_spi.o(.text)
    SPI_I2S_DMACmd                           0x08001839   Thumb Code    16  stm32f0xx_spi.o(.text)
    SPI_LastDMATransferCmd                   0x08001849   Thumb Code    16  stm32f0xx_spi.o(.text)
    SPI_I2S_ITConfig                         0x08001859   Thumb Code    24  stm32f0xx_spi.o(.text)
    SPI_GetTransmissionFIFOStatus            0x08001871   Thumb Code    10  stm32f0xx_spi.o(.text)
    SPI_GetReceptionFIFOStatus               0x0800187b   Thumb Code    10  stm32f0xx_spi.o(.text)
    SPI_I2S_GetFlagStatus                    0x08001885   Thumb Code    14  stm32f0xx_spi.o(.text)
    SPI_I2S_ClearFlag                        0x08001893   Thumb Code     6  stm32f0xx_spi.o(.text)
    SPI_I2S_GetITStatus                      0x08001899   Thumb Code    42  stm32f0xx_spi.o(.text)
    GPIO_DeInit                              0x080018ed   Thumb Code    90  stm32f0xx_gpio.o(.text)
    GPIO_Init                                0x08001947   Thumb Code   112  stm32f0xx_gpio.o(.text)
    GPIO_StructInit                          0x080019b7   Thumb Code    18  stm32f0xx_gpio.o(.text)
    GPIO_PinLockConfig                       0x080019c9   Thumb Code    26  stm32f0xx_gpio.o(.text)
    GPIO_ReadInputDataBit                    0x080019e3   Thumb Code    14  stm32f0xx_gpio.o(.text)
    GPIO_ReadInputData                       0x080019f1   Thumb Code     4  stm32f0xx_gpio.o(.text)
    GPIO_ReadOutputDataBit                   0x080019f5   Thumb Code    14  stm32f0xx_gpio.o(.text)
    GPIO_ReadOutputData                      0x08001a03   Thumb Code     4  stm32f0xx_gpio.o(.text)
    GPIO_SetBits                             0x08001a07   Thumb Code     4  stm32f0xx_gpio.o(.text)
    GPIO_ResetBits                           0x08001a0b   Thumb Code     4  stm32f0xx_gpio.o(.text)
    GPIO_WriteBit                            0x08001a0f   Thumb Code    12  stm32f0xx_gpio.o(.text)
    GPIO_Write                               0x08001a1b   Thumb Code     4  stm32f0xx_gpio.o(.text)
    GPIO_PinAFConfig                         0x08001a1f   Thumb Code    32  stm32f0xx_gpio.o(.text)
    __aeabi_uidiv                            0x08001a59   Thumb Code     0  aeabi_sdiv.o(.text)
    __aeabi_uidivmod                         0x08001a59   Thumb Code    20  aeabi_sdiv.o(.text)
    __aeabi_idiv                             0x08001a6d   Thumb Code     0  aeabi_sdiv.o(.text)
    __aeabi_idivmod                          0x08001a6d   Thumb Code   326  aeabi_sdiv.o(.text)
    __use_two_region_memory                  0x08001bb3   Thumb Code     2  heapauxi.o(.text)
    __rt_heap_escrow$2region                 0x08001bb5   Thumb Code     2  heapauxi.o(.text)
    __rt_heap_expand$2region                 0x08001bb7   Thumb Code     2  heapauxi.o(.text)
    __aeabi_d2f                              0x08001bb9   Thumb Code     0  d2f.o(.text)
    _d2f                                     0x08001bb9   Thumb Code   120  d2f.o(.text)
    __aeabi_i2d_normalise                    0x08001c35   Thumb Code    66  dflti.o(.text)
    __aeabi_i2d                              0x08001c77   Thumb Code    16  dflti.o(.text)
    _dflt                                    0x08001c77   Thumb Code     0  dflti.o(.text)
    __aeabi_ui2d                             0x08001c87   Thumb Code     6  dflti.o(.text)
    _dfltu                                   0x08001c87   Thumb Code     0  dflti.o(.text)
    __aeabi_dmul                             0x08001c8d   Thumb Code     0  dmul.o(.text)
    _dmul                                    0x08001c8d   Thumb Code   558  dmul.o(.text)
    __ARM_scalbn                             0x08001ed5   Thumb Code    84  dscalbn.o(.text)
    __user_setup_stackheap                   0x08001f35   Thumb Code    62  sys_stackheap_outer.o(.text)
    exit                                     0x08001f73   Thumb Code    16  exit.o(.text)
    __user_libspace                          0x08001f85   Thumb Code     8  libspace.o(.text)
    __user_perproc_libspace                  0x08001f85   Thumb Code     0  libspace.o(.text)
    __user_perthread_libspace                0x08001f85   Thumb Code     0  libspace.o(.text)
    _sys_exit                                0x08001f8d   Thumb Code     8  sys_exit.o(.text)
    __I$use$semihosting                      0x08001f99   Thumb Code     0  use_no_semi.o(.text)
    __use_no_semihosting_swi                 0x08001f99   Thumb Code     2  use_no_semi.o(.text)
    __I$use$fp                               0x08001f9a   Number         0  usenofp.o(x$fpl$usenofp)
    __semihosting_library_function           0x08001f9b   Thumb Code     0  indicate_semi.o(.text)
    Region$$Table$$Base                      0x08001f9c   Number         0  anon$$obj.o(Region$$Table)
    Region$$Table$$Limit                     0x08001fbc   Number         0  anon$$obj.o(Region$$Table)
    ADC_Result                               0x2000000c   Data           2  drv_adc.o(.data)
    SystemCoreClock                          0x20000018   Data           4  system_stm32f0xx.o(.data)
    AHBPrescTable                            0x2000001c   Data          16  system_stm32f0xx.o(.data)
    NRF24L01_TXDATA                          0x2000003c   Data          32  nrf24l01.o(.bss)
    __libspace_start                         0x2000005c   Data          96  libspace.o(.bss)
    __temporary_stack_top$libspace           0x200000bc   Data           0  libspace.o(.bss)



==============================================================================

Memory Map of the image

  Image Entry point : 0x080000c1

  Load Region LR_IROM1 (Base: 0x08000000, Size: 0x00001ff8, Max: 0x00010000, ABSOLUTE)

    Execution Region ER_IROM1 (Base: 0x08000000, Size: 0x00001fbc, Max: 0x00010000, ABSOLUTE)

    Base Addr    Size         Type   Attr      Idx    E Section Name        Object

    0x08000000   0x000000c0   Data   RO          265    RESET               startup_stm32f0xx.o
    0x080000c0   0x00000008   Code   RO          380  * !!!main             c_p.l(__main.o)
    0x080000c8   0x0000003c   Code   RO          558    !!!scatter          c_p.l(__scatter.o)
    0x08000104   0x0000001a   Code   RO          560    !!handler_copy      c_p.l(__scatter_copy.o)
    0x0800011e   0x00000002   PAD
    0x08000120   0x0000001c   Code   RO          562    !!handler_zi        c_p.l(__scatter_zi.o)
    0x0800013c   0x00000002   Code   RO          427    .ARM.Collect$$libinit$$00000000  c_p.l(libinit.o)
    0x0800013e   0x00000000   Code   RO          441    .ARM.Collect$$libinit$$00000002  c_p.l(libinit2.o)
    0x0800013e   0x00000000   Code   RO          443    .ARM.Collect$$libinit$$00000004  c_p.l(libinit2.o)
    0x0800013e   0x00000000   Code   RO          446    .ARM.Collect$$libinit$$0000000A  c_p.l(libinit2.o)
    0x0800013e   0x00000000   Code   RO          448    .ARM.Collect$$libinit$$0000000C  c_p.l(libinit2.o)
    0x0800013e   0x00000000   Code   RO          450    .ARM.Collect$$libinit$$0000000E  c_p.l(libinit2.o)
    0x0800013e   0x00000000   Code   RO          453    .ARM.Collect$$libinit$$00000011  c_p.l(libinit2.o)
    0x0800013e   0x00000000   Code   RO          455    .ARM.Collect$$libinit$$00000013  c_p.l(libinit2.o)
    0x0800013e   0x00000000   Code   RO          457    .ARM.Collect$$libinit$$00000015  c_p.l(libinit2.o)
    0x0800013e   0x00000000   Code   RO          459    .ARM.Collect$$libinit$$00000017  c_p.l(libinit2.o)
    0x0800013e   0x00000000   Code   RO          461    .ARM.Collect$$libinit$$00000019  c_p.l(libinit2.o)
    0x0800013e   0x00000000   Code   RO          463    .ARM.Collect$$libinit$$0000001B  c_p.l(libinit2.o)
    0x0800013e   0x00000000   Code   RO          465    .ARM.Collect$$libinit$$0000001D  c_p.l(libinit2.o)
    0x0800013e   0x00000000   Code   RO          467    .ARM.Collect$$libinit$$0000001F  c_p.l(libinit2.o)
    0x0800013e   0x00000000   Code   RO          469    .ARM.Collect$$libinit$$00000021  c_p.l(libinit2.o)
    0x0800013e   0x00000000   Code   RO          471    .ARM.Collect$$libinit$$00000023  c_p.l(libinit2.o)
    0x0800013e   0x00000000   Code   RO          473    .ARM.Collect$$libinit$$00000025  c_p.l(libinit2.o)
    0x0800013e   0x00000000   Code   RO          477    .ARM.Collect$$libinit$$0000002C  c_p.l(libinit2.o)
    0x0800013e   0x00000000   Code   RO          479    .ARM.Collect$$libinit$$0000002E  c_p.l(libinit2.o)
    0x0800013e   0x00000000   Code   RO          481    .ARM.Collect$$libinit$$00000030  c_p.l(libinit2.o)
    0x0800013e   0x00000000   Code   RO          483    .ARM.Collect$$libinit$$00000032  c_p.l(libinit2.o)
    0x0800013e   0x00000002   Code   RO          484    .ARM.Collect$$libinit$$00000033  c_p.l(libinit2.o)
    0x08000140   0x00000002   Code   RO          515    .ARM.Collect$$libshutdown$$00000000  c_p.l(libshutdown.o)
    0x08000142   0x00000000   Code   RO          541    .ARM.Collect$$libshutdown$$00000002  c_p.l(libshutdown2.o)
    0x08000142   0x00000000   Code   RO          543    .ARM.Collect$$libshutdown$$00000004  c_p.l(libshutdown2.o)
    0x08000142   0x00000000   Code   RO          546    .ARM.Collect$$libshutdown$$00000007  c_p.l(libshutdown2.o)
    0x08000142   0x00000000   Code   RO          549    .ARM.Collect$$libshutdown$$0000000A  c_p.l(libshutdown2.o)
    0x08000142   0x00000000   Code   RO          551    .ARM.Collect$$libshutdown$$0000000C  c_p.l(libshutdown2.o)
    0x08000142   0x00000000   Code   RO          554    .ARM.Collect$$libshutdown$$0000000F  c_p.l(libshutdown2.o)
    0x08000142   0x00000002   Code   RO          555    .ARM.Collect$$libshutdown$$00000010  c_p.l(libshutdown2.o)
    0x08000144   0x00000000   Code   RO          390    .ARM.Collect$$rtentry$$00000000  c_p.l(__rtentry.o)
    0x08000144   0x00000000   Code   RO          397    .ARM.Collect$$rtentry$$00000002  c_p.l(__rtentry2.o)
    0x08000144   0x00000006   Code   RO          409    .ARM.Collect$$rtentry$$00000004  c_p.l(__rtentry4.o)
    0x0800014a   0x00000000   Code   RO          399    .ARM.Collect$$rtentry$$00000009  c_p.l(__rtentry2.o)
    0x0800014a   0x00000004   Code   RO          400    .ARM.Collect$$rtentry$$0000000A  c_p.l(__rtentry2.o)
    0x0800014e   0x00000000   Code   RO          402    .ARM.Collect$$rtentry$$0000000C  c_p.l(__rtentry2.o)
    0x0800014e   0x00000008   Code   RO          403    .ARM.Collect$$rtentry$$0000000D  c_p.l(__rtentry2.o)
    0x08000156   0x00000002   Code   RO          432    .ARM.Collect$$rtexit$$00000000  c_p.l(rtexit.o)
    0x08000158   0x00000000   Code   RO          488    .ARM.Collect$$rtexit$$00000002  c_p.l(rtexit2.o)
    0x08000158   0x00000004   Code   RO          489    .ARM.Collect$$rtexit$$00000003  c_p.l(rtexit2.o)
    0x0800015c   0x00000006   Code   RO          490    .ARM.Collect$$rtexit$$00000004  c_p.l(rtexit2.o)
    0x08000162   0x00000002   PAD
    0x08000164   0x00000224   Code   RO            3    .text               main.o
    0x08000388   0x00000024   Code   RO           98    .text               delay.o
    0x080003ac   0x00000424   Code   RO          119    .text               drv_adc.o
    0x080007d0   0x000000e8   Code   RO          146    .text               led.o
    0x080008b8   0x00000270   Code   RO          166    .text               nrf24l01.o
    0x08000b28   0x00000118   Code   RO          192    .text               spi.o
    0x08000c40   0x0000000a   Code   RO          212    .text               stm32f0xx_it.o
    0x08000c4a   0x00000002   PAD
    0x08000c4c   0x00000158   Code   RO          239    .text               system_stm32f0xx.o
    0x08000da4   0x00000074   Code   RO          266    .text               startup_stm32f0xx.o
    0x08000e18   0x00000228   Code   RO          272    .text               stm32f0xx_adc.o
    0x08001040   0x000000cc   Code   RO          292    .text               stm32f0xx_exti.o
    0x0800110c   0x000004ec   Code   RO          312    .text               stm32f0xx_rcc.o
    0x080015f8   0x000002f4   Code   RO          334    .text               stm32f0xx_spi.o
    0x080018ec   0x0000016c   Code   RO          354    .text               stm32f0xx_gpio.o
    0x08001a58   0x0000015a   Code   RO          374    .text               c_p.l(aeabi_sdiv.o)
    0x08001bb2   0x00000006   Code   RO          378    .text               c_p.l(heapauxi.o)
    0x08001bb8   0x0000007c   Code   RO          382    .text               fz_ps.l(d2f.o)
    0x08001c34   0x00000058   Code   RO          384    .text               fz_ps.l(dflti.o)
    0x08001c8c   0x00000248   Code   RO          386    .text               fz_ps.l(dmul.o)
    0x08001ed4   0x00000060   Code   RO          388    .text               fz_ps.l(dscalbn.o)
    0x08001f34   0x0000003e   Code   RO          413    .text               c_p.l(sys_stackheap_outer.o)
    0x08001f72   0x00000010   Code   RO          416    .text               c_p.l(exit.o)
    0x08001f82   0x00000002   PAD
    0x08001f84   0x00000008   Code   RO          428    .text               c_p.l(libspace.o)
    0x08001f8c   0x0000000c   Code   RO          485    .text               c_p.l(sys_exit.o)
    0x08001f98   0x00000002   Code   RO          504    .text               c_p.l(use_no_semi.o)
    0x08001f9a   0x00000000   Code   RO          506    .text               c_p.l(indicate_semi.o)
    0x08001f9a   0x00000000   Code   RO          395    x$fpl$usenofp       fz_ps.l(usenofp.o)
    0x08001f9a   0x00000002   PAD
    0x08001f9c   0x00000020   Data   RO          556    Region$$Table       anon$$obj.o


    Execution Region RW_IRAM1 (Base: 0x20000000, Size: 0x000006c0, Max: 0x00002000, ABSOLUTE)

    Base Addr    Size         Type   Attr      Idx    E Section Name        Object

    0x20000000   0x00000008   Data   RW            4    .data               main.o
    0x20000008   0x00000004   Data   RW           99    .data               delay.o
    0x2000000c   0x00000002   Data   RW          124    .data               drv_adc.o
    0x2000000e   0x0000000a   Data   RW          169    .data               nrf24l01.o
    0x20000018   0x00000014   Data   RW          240    .data               system_stm32f0xx.o
    0x2000002c   0x00000010   Data   RW          313    .data               stm32f0xx_rcc.o
    0x2000003c   0x00000020   Zero   RW          168    .bss                nrf24l01.o
    0x2000005c   0x00000060   Zero   RW          429    .bss                c_p.l(libspace.o)
    0x200000bc   0x00000004   PAD
    0x200000c0   0x00000200   Zero   RW          264    HEAP                startup_stm32f0xx.o
    0x200002c0   0x00000400   Zero   RW          263    STACK               startup_stm32f0xx.o


==============================================================================

Image component sizes


      Code (inc. data)   RO Data    RW Data    ZI Data      Debug   Object Name

        36          4          0          4          0        532   delay.o
      1060          8          0          2          0       3108   drv_adc.o
       232         10          0          0          0       1045   led.o
       548         34          0          8          0     201462   main.o
       624         18          0         10         32       3940   nrf24l01.o
       280          8          0          0          0        907   spi.o
       116         56        192          0       1536        676   startup_stm32f0xx.o
       552         12          0          0          0       7427   stm32f0xx_adc.o
       204         14          0          0          0       2443   stm32f0xx_exti.o
       364         26          0          0          0       3969   stm32f0xx_gpio.o
        10          0          0          0          0        847   stm32f0xx_it.o
      1260         46          0         16          0       9628   stm32f0xx_rcc.o
       756         42          0          0          0       8183   stm32f0xx_spi.o
       344         28          0         20          0       1915   system_stm32f0xx.o

    ----------------------------------------------------------------------
      6388        306        224         60       1568     246082   Object Totals
         0          0         32          0          0          0   (incl. Generated)
         2          0          0          0          0          0   (incl. Padding)

    ----------------------------------------------------------------------

      Code (inc. data)   RO Data    RW Data    ZI Data      Debug   Library Member Name

         8          0          0          0          0         68   __main.o
         0          0          0          0          0          0   __rtentry.o
        12          0          0          0          0          0   __rtentry2.o
         6          0          0          0          0          0   __rtentry4.o
        60          8          0          0          0          0   __scatter.o
        26          0          0          0          0          0   __scatter_copy.o
        28          0          0          0          0          0   __scatter_zi.o
       346          0          0          0          0         92   aeabi_sdiv.o
        16          0          0          0          0         68   exit.o
         6          0          0          0          0        136   heapauxi.o
         0          0          0          0          0          0   indicate_semi.o
         2          0          0          0          0          0   libinit.o
         2          0          0          0          0          0   libinit2.o
         2          0          0          0          0          0   libshutdown.o
         2          0          0          0          0          0   libshutdown2.o
         8          4          0          0         96         68   libspace.o
         2          0          0          0          0          0   rtexit.o
        10          0          0          0          0          0   rtexit2.o
        12          4          0          0          0         60   sys_exit.o
        62          0          0          0          0         80   sys_stackheap_outer.o
         2          0          0          0          0         68   use_no_semi.o
       124          4          0          0          0         72   d2f.o
        88          0          0          0          0         92   dflti.o
       584         26          0          0          0         84   dmul.o
        96         12          0          0          0         72   dscalbn.o
         0          0          0          0          0          0   usenofp.o

    ----------------------------------------------------------------------
      1512         58          0          0        100        960   Library Totals
         8          0          0          0          4          0   (incl. Padding)

    ----------------------------------------------------------------------

      Code (inc. data)   RO Data    RW Data    ZI Data      Debug   Library Name

       612         16          0          0         96        640   c_p.l
       892         42          0          0          0        320   fz_ps.l

    ----------------------------------------------------------------------
      1512         58          0          0        100        960   Library Totals

    ----------------------------------------------------------------------

==============================================================================


      Code (inc. data)   RO Data    RW Data    ZI Data      Debug   

      7900        364        224         60       1668     245534   Grand Totals
      7900        364        224         60       1668     245534   ELF Image Totals
      7900        364        224         60          0          0   ROM Totals

==============================================================================

    Total RO  Size (Code + RO Data)                 8124 (   7.93kB)
    Total RW  Size (RW Data + ZI Data)              1728 (   1.69kB)
    Total ROM Size (Code + RO Data + RW Data)       8184 (   7.99kB)

==============================================================================

